METRIC |mg|=1, L=20, q=40, 148 radii
Metric radii 88/148 saved
Metric radii 89/148 saved
Metric radii 90/148 saved
Metric radii 91/148 saved
Metric radii 92/148 saved
Metric radii 93/148 saved
Metric radii 94/148 saved
Metric radii 95/148 saved
Metric radii 96/148 saved
Metric radii 97/148 saved
Metric radii 98/148 saved
Metric radii 99/148 saved
Metric radii 100/148 saved
Metric radii 101/148 saved
Metric radii 102/148 saved
Metric radii 103/148 saved
Metric radii 104/148 saved
Metric radii 105/148 saved
Metric radii 106/148 saved
Metric radii 107/148 saved
Metric radii 108/148 saved
Metric radii 109/148 saved
Metric radii 110/148 saved
Metric radii 111/148 saved
Metric radii 112/148 saved
Metric radii 113/148 saved
Metric radii 114/148 saved
Metric radii 115/148 saved
Metric radii 116/148 saved
Metric radii 117/148 saved
Metric radii 118/148 saved
Metric radii 119/148 saved
Metric radii 120/148 saved
Metric radii 121/148 saved
Metric radii 122/148 saved
Metric radii 123/148 saved
Metric radii 124/148 saved
Metric radii 125/148 saved
Metric radii 126/148 saved
Metric radii 127/148 saved
Metric radii 128/148 saved
Metric radii 129/148 saved
Metric radii 130/148 saved
Metric radii 131/148 saved
Metric radii 132/148 saved
Metric radii 133/148 saved
Metric radii 134/148 saved
Metric radii 135/148 saved
Metric radii 136/148 saved
Metric radii 137/148 saved
Metric radii 138/148 saved
Metric radii 139/148 saved
Metric radii 140/148 saved
Metric radii 141/148 saved
Metric radii 142/148 saved
Metric radii 143/148 saved
Metric radii 144/148 saved
Metric radii 145/148 saved
Metric radii 146/148 saved
Metric radii 147/148 saved
Metric radii 148/148 saved
SOURCE ell=0, m=0, mg=-1
{"ell": 0, "m": 0, "flux": {"infinity": {"charge": 0.0, "wave_energy": 0.0, "orbital_energy": -0.0, "orbital_angular_momentum": -0.0}, "horizon": {"charge": 0.0060165834526655195, "wave_energy": 0.0017160627063458741, "orbital_energy": -6.661207183106257e-05, "orbital_angular_momentum": -0.0060165834526655195}}}
SOURCE ell=2, m=0, mg=-1
{"ell": 2, "m": 0, "flux": {"infinity": {"charge": 0.0, "wave_energy": 0.0, "orbital_energy": -0.0, "orbital_angular_momentum": -0.0}, "horizon": {"charge": 1.3864540635581521e-05, "wave_energy": 3.954473716274582e-06, "orbital_energy": -1.535000360234154e-07, "orbital_angular_momentum": -1.3864540635581521e-05}}}
SOURCE ell=2, m=2, mg=1
{"ell": 2, "m": 2, "flux": {"infinity": {"charge": 0.00012081861731104669, "wave_energy": 3.713540782526374e-05, "orbital_energy": 1.337632641210622e-06, "orbital_angular_momentum": 0.00012081861731104669}, "horizon": {"charge": -0.00013519707043780152, "wave_energy": -4.1554840298852055e-05, "orbital_energy": -1.4968224139502713e-06, "orbital_angular_momentum": -0.00013519707043780152}}}
SOURCE ell=4, m=0, mg=-1
{"ell": 4, "m": 0, "flux": {"infinity": {"charge": 0.0, "wave_energy": 0.0, "orbital_energy": -0.0, "orbital_angular_momentum": -0.0}, "horizon": {"charge": 8.272712046804908e-08, "wave_energy": 2.3595604940160337e-08, "orbital_energy": -9.159060011962914e-10, "orbital_angular_momentum": -8.272712046804908e-08}}}
SOURCE ell=4, m=2, mg=1
{"ell": 4, "m": 2, "flux": {"infinity": {"charge": 4.365651128692331e-06, "wave_energy": 1.3418481248584004e-06, "orbital_energy": 4.833392054837666e-08, "orbital_angular_momentum": 4.365651128692331e-06}, "horizon": {"charge": -3.566259327455536e-07, "wave_energy": -1.0961431067760063e-07, "orbital_energy": -3.948352488710531e-09, "orbital_angular_momentum": -3.566259327455536e-07}}}
METRIC |mg|=2, L=20, q=40, 148 radii
Metric radii 1/148 saved
Metric radii 2/148 saved
Metric radii 3/148 saved
Metric radii 4/148 saved
Metric radii 5/148 saved
Metric radii 6/148 saved
Metric radii 7/148 saved
Metric radii 8/148 saved
/home/ljq/miniconda3/envs/few_env/lib/python3.12/multiprocessing/resource_tracker.py:254: UserWarning: resource_tracker: There appear to be 5 leaked semaphore objects to clean up at shutdown
  warnings.warn('resource_tracker: There appear to be %d '
METRIC |mg|=2, L=20, q=40, 148 radii
Metric radii 9/148 saved
Metric radii 10/148 saved
Metric radii 11/148 saved
Metric radii 12/148 saved
Metric radii 13/148 saved
Metric radii 14/148 saved
Metric radii 15/148 saved
Metric radii 16/148 saved
Metric radii 17/148 saved
Metric radii 18/148 saved
Metric radii 19/148 saved
Metric radii 20/148 saved
Metric radii 21/148 saved
Metric radii 22/148 saved
Metric radii 23/148 saved
Metric radii 24/148 saved
Metric radii 25/148 saved
Metric radii 26/148 saved
Metric radii 27/148 saved
Metric radii 28/148 saved
Metric radii 29/148 saved
Metric radii 30/148 saved
Metric radii 31/148 saved
Metric radii 32/148 saved
Metric radii 33/148 saved
Metric radii 34/148 saved
Metric radii 35/148 saved
Metric radii 36/148 saved
Metric radii 37/148 saved
Metric radii 38/148 saved
Metric radii 39/148 saved
Metric radii 40/148 saved
Metric radii 41/148 saved
Metric radii 42/148 saved
Metric radii 43/148 saved
Metric radii 44/148 saved
Metric radii 45/148 saved
Metric radii 46/148 saved
Metric radii 47/148 saved
Metric radii 48/148 saved
Metric radii 49/148 saved
Metric radii 50/148 saved
Metric radii 51/148 saved
Metric radii 52/148 saved
Metric radii 53/148 saved
Metric radii 54/148 saved
Metric radii 55/148 saved
Metric radii 56/148 saved
Metric radii 57/148 saved
Metric radii 58/148 saved
Metric radii 59/148 saved
Metric radii 60/148 saved
Metric radii 61/148 saved
Metric radii 62/148 saved
Metric radii 63/148 saved
Metric radii 64/148 saved
Metric radii 65/148 saved
Metric radii 66/148 saved
Metric radii 67/148 saved
Metric radii 68/148 saved
Metric radii 69/148 saved
Metric radii 70/148 saved
Metric radii 71/148 saved
Metric radii 72/148 saved
Metric radii 73/148 saved
Metric radii 74/148 saved
Metric radii 75/148 saved
Metric radii 76/148 saved
Metric radii 77/148 saved
Metric radii 78/148 saved
Metric radii 79/148 saved
Metric radii 80/148 saved
Metric radii 81/148 saved
Metric radii 82/148 saved
Metric radii 83/148 saved
Metric radii 84/148 saved
Metric radii 85/148 saved
Metric radii 86/148 saved
Metric radii 87/148 saved
Metric radii 88/148 saved
Metric radii 89/148 saved
Metric radii 90/148 saved
Metric radii 91/148 saved
Metric radii 92/148 saved
Metric radii 93/148 saved
Metric radii 94/148 saved
Metric radii 95/148 saved
Metric radii 96/148 saved
Metric radii 97/148 saved
Metric radii 98/148 saved
Metric radii 99/148 saved
Metric radii 100/148 saved
Metric radii 101/148 saved
Metric radii 102/148 saved
Metric radii 103/148 saved
Metric radii 104/148 saved
Metric radii 105/148 saved
Metric radii 106/148 saved
Metric radii 107/148 saved
Metric radii 108/148 saved
Metric radii 109/148 saved
Metric radii 110/148 saved
Metric radii 111/148 saved
Metric radii 112/148 saved
Metric radii 113/148 saved
Metric radii 114/148 saved
Metric radii 115/148 saved
Metric radii 116/148 saved
Metric radii 117/148 saved
Metric radii 118/148 saved
Metric radii 119/148 saved
Metric radii 120/148 saved
Metric radii 121/148 saved
Metric radii 122/148 saved
Metric radii 123/148 saved
Metric radii 124/148 saved
Metric radii 125/148 saved
Metric radii 126/148 saved
Metric radii 127/148 saved
Metric radii 128/148 saved
Metric radii 129/148 saved
Metric radii 130/148 saved
Metric radii 131/148 saved
Metric radii 132/148 saved
Metric radii 133/148 saved
Metric radii 134/148 saved
Metric radii 135/148 saved
Metric radii 136/148 saved
Metric radii 137/148 saved
Metric radii 138/148 saved
Metric radii 139/148 saved
Metric radii 140/148 saved
Metric radii 141/148 saved
Metric radii 142/148 saved
Metric radii 143/148 saved
Metric radii 144/148 saved
Metric radii 145/148 saved
Metric radii 146/148 saved
Metric radii 147/148 saved
Metric radii 148/148 saved
SOURCE ell=1, m=-1, mg=-2
{"ell": 1, "m": -1, "flux": {"infinity": {"charge": 0.0, "wave_energy": 0.0, "orbital_energy": -0.0, "orbital_angular_momentum": -0.0}, "horizon": {"charge": 6.896657985767093e-07, "wave_energy": 1.8907236939621295e-07, "orbital_energy": -1.5271147845166552e-08, "orbital_angular_momentum": -1.3793315971534187e-06}}}
SOURCE ell=3, m=-1, mg=-2
{"ell": 3, "m": -1, "flux": {"infinity": {"charge": 0.0, "wave_energy": 0.0, "orbital_energy": -0.0, "orbital_angular_momentum": -0.0}, "horizon": {"charge": 1.574880871468524e-12, "wave_energy": 4.3175471148466255e-13, "orbital_energy": -3.487230869843626e-14, "orbital_angular_momentum": -3.149761742937048e-12}}}
SOURCE ell=3, m=3, mg=2
{"ell": 3, "m": 3, "flux": {"infinity": {"charge": 0.0005939208087040901, "wave_energy": 0.00018912597922161802, "orbital_energy": 1.315108346210419e-05, "orbital_angular_momentum": 0.0011878416174081802}, "horizon": {"charge": -2.154982232731112e-11, "wave_energy": -6.8622469359129825e-12, "orbital_energy": -4.771739057911766e-13, "orbital_angular_momentum": -4.309964465462224e-11}}}
SOURCE ell=5, m=-1, mg=-2
{"ell": 5, "m": -1, "flux": {"infinity": {"charge": 0.0, "wave_energy": 0.0, "orbital_energy": -0.0, "orbital_angular_momentum": -0.0}, "horizon": {"charge": 6.67079904303586e-15, "wave_energy": 1.8288043041074387e-15, "orbital_energy": -1.4771032381456482e-16, "orbital_angular_momentum": -1.334159808607172e-14}}}
SOURCE ell=5, m=3, mg=2
{"ell": 5, "m": 3, "flux": {"infinity": {"charge": 1.087106328425132e-06, "wave_energy": 3.461741799046097e-07, "orbital_energy": 2.407160323022726e-08, "orbital_angular_momentum": 2.174212656850264e-06}, "horizon": {"charge": -6.309677092626656e-14, "wave_energy": -2.0092305930802627e-14, "orbital_energy": -1.397140643129122e-15, "orbital_angular_momentum": -1.2619354185253312e-13}}}
METRIC |mg|=3, L=20, q=40, 148 radii
Metric radii 1/148 saved
Metric radii 2/148 saved
Metric radii 3/148 saved
Metric radii 4/148 saved
Metric radii 5/148 saved
Metric radii 6/148 saved
Metric radii 7/148 saved
Metric radii 8/148 saved
Metric radii 9/148 saved
Metric radii 10/148 saved
Metric radii 11/148 saved
Metric radii 12/148 saved
Metric radii 13/148 saved
Metric radii 14/148 saved
Metric radii 15/148 saved
Metric radii 16/148 saved
Metric radii 17/148 saved
Metric radii 18/148 saved
Metric radii 19/148 saved
Metric radii 20/148 saved
Metric radii 21/148 saved
Metric radii 22/148 saved
Metric radii 23/148 saved
Metric radii 24/148 saved
Metric radii 25/148 saved
Metric radii 26/148 saved
Metric radii 27/148 saved
Metric radii 28/148 saved
Metric radii 29/148 saved
Metric radii 30/148 saved
Metric radii 31/148 saved
Metric radii 32/148 saved
Metric radii 33/148 saved
Metric radii 34/148 saved
Metric radii 35/148 saved
Metric radii 36/148 saved
Metric radii 37/148 saved
Metric radii 38/148 saved
Metric radii 39/148 saved
Metric radii 40/148 saved
Metric radii 41/148 saved
Metric radii 42/148 saved
Metric radii 43/148 saved
Metric radii 44/148 saved
Metric radii 45/148 saved
Metric radii 46/148 saved
Metric radii 47/148 saved
Metric radii 48/148 saved
Metric radii 49/148 saved
Metric radii 50/148 saved
Metric radii 51/148 saved
Metric radii 52/148 saved
Metric radii 53/148 saved
Metric radii 54/148 saved
Metric radii 55/148 saved
Metric radii 56/148 saved
Metric radii 57/148 saved
Metric radii 58/148 saved
Metric radii 59/148 saved
Metric radii 60/148 saved
Metric radii 61/148 saved
Metric radii 62/148 saved
Metric radii 63/148 saved
Metric radii 64/148 saved
Metric radii 65/148 saved
Metric radii 66/148 saved
Metric radii 67/148 saved
Metric radii 68/148 saved
Metric radii 69/148 saved
Metric radii 70/148 saved
Metric radii 71/148 saved
Metric radii 72/148 saved
Metric radii 73/148 saved
Metric radii 74/148 saved
Metric radii 75/148 saved
Metric radii 76/148 saved
Metric radii 77/148 saved
Metric radii 78/148 saved
Metric radii 79/148 saved
Metric radii 80/148 saved
Metric radii 81/148 saved
Metric radii 82/148 saved
Metric radii 83/148 saved
Metric radii 84/148 saved
Metric radii 85/148 saved
Metric radii 86/148 saved
Metric radii 87/148 saved
Metric radii 88/148 saved
Metric radii 89/148 saved
Metric radii 90/148 saved
Metric radii 91/148 saved
Metric radii 92/148 saved
Metric radii 93/148 saved
Metric radii 94/148 saved
Metric radii 95/148 saved
Metric radii 96/148 saved
Metric radii 97/148 saved
Metric radii 98/148 saved
Metric radii 99/148 saved
Metric radii 100/148 saved
Metric radii 101/148 saved
Metric radii 102/148 saved
Metric radii 103/148 saved
Metric radii 104/148 saved
Metric radii 105/148 saved
Metric radii 106/148 saved
Metric radii 107/148 saved
Metric radii 108/148 saved
Metric radii 109/148 saved
Metric radii 110/148 saved
Metric radii 111/148 saved
Metric radii 112/148 saved
Metric radii 113/148 saved
Metric radii 114/148 saved
Metric radii 115/148 saved
Metric radii 116/148 saved
Metric radii 117/148 saved
Metric radii 118/148 saved
Metric radii 119/148 saved
Metric radii 120/148 saved
Metric radii 121/148 saved
Metric radii 122/148 saved
Metric radii 123/148 saved
Metric radii 124/148 saved
Metric radii 125/148 saved
Metric radii 126/148 saved
Metric radii 127/148 saved
Metric radii 128/148 saved
Metric radii 129/148 saved
Metric radii 130/148 saved
Metric radii 131/148 saved
Metric radii 132/148 saved
Metric radii 133/148 saved
Metric radii 134/148 saved
Metric radii 135/148 saved
Metric radii 136/148 saved
Metric radii 137/148 saved
Metric radii 138/148 saved
Metric radii 139/148 saved
Metric radii 140/148 saved
Metric radii 141/148 saved
Metric radii 142/148 saved
Metric radii 143/148 saved
Metric radii 144/148 saved
Metric radii 145/148 saved
Metric radii 146/148 saved
Metric radii 147/148 saved
Metric radii 148/148 saved
SOURCE ell=2, m=-2, mg=-3
{"ell": 2, "m": -2, "flux": {"infinity": {"charge": 0.0, "wave_energy": 0.0, "orbital_energy": -0.0, "orbital_angular_momentum": -0.0}, "horizon": {"charge": 4.6685777769165e-10, "wave_energy": 1.228206173209149e-10, "orbital_energy": -1.550632384665532e-11, "orbital_angular_momentum": -1.40057333307495e-09}}}
SOURCE ell=4, m=-2, mg=-3
{"ell": 4, "m": -2, "flux": {"infinity": {"charge": 0.0, "wave_energy": 0.0, "orbital_energy": -0.0, "orbital_angular_momentum": -0.0}, "horizon": {"charge": 6.034903162885853e-16, "wave_energy": 1.5876580992233926e-16, "orbital_energy": -2.004446906499213e-17, "orbital_angular_momentum": -1.810470948865756e-15}}}
SOURCE ell=4, m=4, mg=3
{"ell": 4, "m": 4, "flux": {"infinity": {"charge": 0.00010595744516785804, "wave_energy": 3.491380142220325e-05, "orbital_energy": 3.5192954626584484e-06, "orbital_angular_momentum": 0.0003178723355035741}, "horizon": {"charge": -2.7810685660086718e-14, "wave_energy": -9.163837000914464e-15, "orbital_energy": -9.23710643474947e-16, "orbital_angular_momentum": -8.343205698026016e-14}}}
METRIC |mg|=4, L=20, q=40, 148 radii
Metric radii 1/148 saved
Metric radii 2/148 saved
Metric radii 3/148 saved
Metric radii 4/148 saved
Metric radii 5/148 saved
Metric radii 6/148 saved
Metric radii 7/148 saved
Metric radii 8/148 saved
Metric radii 9/148 saved
Metric radii 10/148 saved
Metric radii 11/148 saved
Metric radii 12/148 saved
Metric radii 13/148 saved
Metric radii 14/148 saved
Metric radii 15/148 saved
Metric radii 16/148 saved
Metric radii 17/148 saved
Metric radii 18/148 saved
Metric radii 19/148 saved
Metric radii 20/148 saved
Metric radii 21/148 saved
Metric radii 22/148 saved
Metric radii 23/148 saved
Metric radii 24/148 saved
Metric radii 25/148 saved
Metric radii 26/148 saved
Metric radii 27/148 saved
Metric radii 28/148 saved
Metric radii 29/148 saved
Metric radii 30/148 saved
Metric radii 31/148 saved
Metric radii 32/148 saved
Metric radii 33/148 saved
Metric radii 34/148 saved
Metric radii 35/148 saved
Metric radii 36/148 saved
Metric radii 37/148 saved
Metric radii 38/148 saved
Metric radii 39/148 saved
Metric radii 40/148 saved
Metric radii 41/148 saved
Metric radii 42/148 saved
Metric radii 43/148 saved
Metric radii 44/148 saved
Metric radii 45/148 saved
Metric radii 46/148 saved
Metric radii 47/148 saved
Metric radii 48/148 saved
Metric radii 49/148 saved
Metric radii 50/148 saved
Metric radii 51/148 saved
Metric radii 52/148 saved
Metric radii 53/148 saved
Metric radii 54/148 saved
Metric radii 55/148 saved
Metric radii 56/148 saved
Metric radii 57/148 saved
Metric radii 58/148 saved
Metric radii 59/148 saved
Metric radii 60/148 saved
Metric radii 61/148 saved
Metric radii 62/148 saved
Metric radii 63/148 saved
Metric radii 64/148 saved
Metric radii 65/148 saved
Metric radii 66/148 saved
Metric radii 67/148 saved
Metric radii 68/148 saved
Metric radii 69/148 saved
Metric radii 70/148 saved
Metric radii 71/148 saved
Metric radii 72/148 saved
Metric radii 73/148 saved
Metric radii 74/148 saved
Metric radii 75/148 saved
Metric radii 76/148 saved
Metric radii 77/148 saved
Metric radii 78/148 saved
Metric radii 79/148 saved
Metric radii 80/148 saved
Metric radii 81/148 saved
Metric radii 82/148 saved
Metric radii 83/148 saved
Metric radii 84/148 saved
Metric radii 85/148 saved
Metric radii 86/148 saved
Metric radii 87/148 saved
Metric radii 88/148 saved
Metric radii 89/148 saved
Metric radii 90/148 saved
Metric radii 91/148 saved
Metric radii 92/148 saved
Metric radii 93/148 saved
Metric radii 94/148 saved
Metric radii 95/148 saved
Metric radii 96/148 saved
Metric radii 97/148 saved
Metric radii 98/148 saved
Metric radii 99/148 saved
Metric radii 100/148 saved
Metric radii 101/148 saved
Metric radii 102/148 saved
Metric radii 103/148 saved
Metric radii 104/148 saved
Metric radii 105/148 saved
Metric radii 106/148 saved
Metric radii 107/148 saved
Metric radii 108/148 saved
Metric radii 109/148 saved
Metric radii 110/148 saved
Metric radii 111/148 saved
Metric radii 112/148 saved
Metric radii 113/148 saved
Metric radii 114/148 saved
Metric radii 115/148 saved
Metric radii 116/148 saved
Metric radii 117/148 saved
Metric radii 118/148 saved
Metric radii 119/148 saved
Metric radii 120/148 saved
Metric radii 121/148 saved
Metric radii 122/148 saved
Metric radii 123/148 saved
Metric radii 124/148 saved
Metric radii 125/148 saved
Metric radii 126/148 saved
Metric radii 127/148 saved
Metric radii 128/148 saved
Metric radii 129/148 saved
Metric radii 130/148 saved
Metric radii 131/148 saved
Metric radii 132/148 saved
Metric radii 133/148 saved
Metric radii 134/148 saved
Metric radii 135/148 saved
Metric radii 136/148 saved
Metric radii 137/148 saved
Metric radii 138/148 saved
Metric radii 139/148 saved
Metric radii 140/148 saved
Metric radii 141/148 saved
Metric radii 142/148 saved
Metric radii 143/148 saved
Metric radii 144/148 saved
Metric radii 145/148 saved
Metric radii 146/148 saved
Metric radii 147/148 saved
Metric radii 148/148 saved
SOURCE ell=3, m=-3, mg=-4
{"ell": 3, "m": -3, "flux": {"infinity": {"charge": 0.0, "wave_energy": 0.0, "orbital_energy": -0.0, "orbital_angular_momentum": -0.0}, "horizon": {"charge": 6.789212976010111e-13, "wave_energy": 1.7109352254902747e-13, "orbital_energy": -3.0066468519372745e-14, "orbital_angular_momentum": -2.7156851904040443e-12}}}
SOURCE ell=5, m=-3, mg=-4
{"ell": 5, "m": -3, "flux": {"infinity": {"charge": 0.0, "wave_energy": 0.0, "orbital_energy": -0.0, "orbital_angular_momentum": -0.0}, "horizon": {"charge": 3.552209524162393e-17, "wave_energy": 8.951848210811577e-18, "orbital_energy": -1.5731189492778341e-18, "orbital_angular_momentum": -1.4208838096649572e-16}}}
SOURCE ell=5, m=5, mg=4
{"ell": 5, "m": 5, "flux": {"infinity": {"charge": 2.0278067855381434e-05, "wave_energy": 6.9062877450576094e-06, "orbital_energy": 8.980273427301337e-07, "orbital_angular_momentum": 8.111227142152574e-05}, "horizon": {"charge": -1.1905729660847248e-15, "wave_energy": -4.0548436586307885e-16, "orbital_energy": -5.272529339010281e-17, "orbital_angular_momentum": -4.762291864338899e-15}}}
METRIC |mg|=5, L=20, q=40, 148 radii
Metric radii 1/148 saved
Metric radii 2/148 saved
Metric radii 3/148 saved
Metric radii 4/148 saved
Metric radii 5/148 saved
Metric radii 6/148 saved
Metric radii 7/148 saved
Metric radii 8/148 saved
Metric radii 9/148 saved
Metric radii 10/148 saved
Metric radii 11/148 saved
Metric radii 12/148 saved
Metric radii 13/148 saved
Metric radii 14/148 saved
Metric radii 15/148 saved
Metric radii 16/148 saved
Metric radii 17/148 saved
Metric radii 18/148 saved
Metric radii 19/148 saved
Metric radii 20/148 saved
Metric radii 21/148 saved
Metric radii 22/148 saved
Metric radii 23/148 saved
Metric radii 24/148 saved
Metric radii 25/148 saved
Metric radii 26/148 saved
Metric radii 27/148 saved
Metric radii 28/148 saved
Metric radii 29/148 saved
Metric radii 30/148 saved
Metric radii 31/148 saved
Metric radii 32/148 saved
Metric radii 33/148 saved
Metric radii 34/148 saved
Metric radii 35/148 saved
Metric radii 36/148 saved
Metric radii 37/148 saved
Metric radii 38/148 saved
Metric radii 39/148 saved
Metric radii 40/148 saved
Metric radii 41/148 saved
Metric radii 42/148 saved
Metric radii 43/148 saved
Metric radii 44/148 saved
Metric radii 45/148 saved
Metric radii 46/148 saved
Metric radii 47/148 saved
Metric radii 48/148 saved
Metric radii 49/148 saved
Metric radii 50/148 saved
Metric radii 51/148 saved
Metric radii 52/148 saved
Metric radii 53/148 saved
Metric radii 54/148 saved
Metric radii 55/148 saved
Metric radii 56/148 saved
Metric radii 57/148 saved
Metric radii 58/148 saved
Metric radii 59/148 saved
Metric radii 60/148 saved
Metric radii 61/148 saved
Metric radii 62/148 saved
Metric radii 63/148 saved
Metric radii 64/148 saved
Metric radii 65/148 saved
Metric radii 66/148 saved
Metric radii 67/148 saved
Metric radii 68/148 saved
Metric radii 69/148 saved
Metric radii 70/148 saved
Metric radii 71/148 saved
Metric radii 72/148 saved
Metric radii 73/148 saved
Metric radii 74/148 saved
Metric radii 75/148 saved
Metric radii 76/148 saved
Metric radii 77/148 saved
Metric radii 78/148 saved
Metric radii 79/148 saved
Metric radii 80/148 saved
Metric radii 81/148 saved
Metric radii 82/148 saved
Metric radii 83/148 saved
Metric radii 84/148 saved
Metric radii 85/148 saved
Metric radii 86/148 saved
Metric radii 87/148 saved
Metric radii 88/148 saved
Metric radii 89/148 saved
Metric radii 90/148 saved
Metric radii 91/148 saved
Metric radii 92/148 saved
Metric radii 93/148 saved
Metric radii 94/148 saved
Metric radii 95/148 saved
Metric radii 96/148 saved
Metric radii 97/148 saved
Metric radii 98/148 saved
Metric radii 99/148 saved
Metric radii 100/148 saved
Metric radii 101/148 saved
Metric radii 102/148 saved
Metric radii 103/148 saved
Metric radii 104/148 saved
Metric radii 105/148 saved
Metric radii 106/148 saved
Metric radii 107/148 saved
Metric radii 108/148 saved
Metric radii 109/148 saved
Metric radii 110/148 saved
Metric radii 111/148 saved
Metric radii 112/148 saved
Metric radii 113/148 saved
Metric radii 114/148 saved
Metric radii 115/148 saved
Metric radii 116/148 saved
Metric radii 117/148 saved
Metric radii 118/148 saved
Metric radii 119/148 saved
Metric radii 120/148 saved
Metric radii 121/148 saved
Metric radii 122/148 saved
Metric radii 123/148 saved
Metric radii 124/148 saved
Metric radii 125/148 saved
Metric radii 126/148 saved
Metric radii 127/148 saved
Metric radii 128/148 saved
Metric radii 129/148 saved
Metric radii 130/148 saved
Metric radii 131/148 saved
Metric radii 132/148 saved
Metric radii 133/148 saved
Metric radii 134/148 saved
Metric radii 135/148 saved
Metric radii 136/148 saved
Metric radii 137/148 saved
Metric radii 138/148 saved
Metric radii 139/148 saved
Metric radii 140/148 saved
Metric radii 141/148 saved
Metric radii 142/148 saved
Metric radii 143/148 saved
Metric radii 144/148 saved
Metric radii 145/148 saved
Metric radii 146/148 saved
Metric radii 147/148 saved
Metric radii 148/148 saved
SOURCE ell=4, m=-4, mg=-5
{"ell": 4, "m": -4, "flux": {"infinity": {"charge": 0.0, "wave_energy": 0.0, "orbital_energy": -0.0, "orbital_angular_momentum": -0.0}, "horizon": {"charge": 1.312183910119367e-15, "wave_energy": 3.1615296812254756e-16, "orbital_energy": -7.263864082007521e-17, "orbital_angular_momentum": -6.560919550596834e-15}}}
METRIC |mg|=6, L=20, q=40, 148 radii
Metric radii 1/148 saved
Metric radii 2/148 saved
Metric radii 3/148 saved
Metric radii 4/148 saved
Metric radii 5/148 saved
Metric radii 6/148 saved
Metric radii 7/148 saved
Metric radii 8/148 saved
Metric radii 9/148 saved
Metric radii 10/148 saved
Metric radii 11/148 saved
Metric radii 12/148 saved
Metric radii 13/148 saved
Metric radii 14/148 saved
Metric radii 15/148 saved
Metric radii 16/148 saved
Metric radii 17/148 saved
Metric radii 18/148 saved
Metric radii 19/148 saved
Metric radii 20/148 saved
Metric radii 21/148 saved
Metric radii 22/148 saved
Metric radii 23/148 saved
Metric radii 24/148 saved
Metric radii 25/148 saved
Metric radii 26/148 saved
Metric radii 27/148 saved
Metric radii 28/148 saved
Metric radii 29/148 saved
Metric radii 30/148 saved
Metric radii 31/148 saved
Metric radii 32/148 saved
Metric radii 33/148 saved
Metric radii 34/148 saved
Metric radii 35/148 saved
Metric radii 36/148 saved
Metric radii 37/148 saved
Metric radii 38/148 saved
Metric radii 39/148 saved
Metric radii 40/148 saved
Metric radii 41/148 saved
Metric radii 42/148 saved
Metric radii 43/148 saved
Metric radii 44/148 saved
Metric radii 45/148 saved
Metric radii 46/148 saved
Metric radii 47/148 saved
Metric radii 48/148 saved
Metric radii 49/148 saved
Metric radii 50/148 saved
Metric radii 51/148 saved
Metric radii 52/148 saved
Metric radii 53/148 saved
Metric radii 54/148 saved
Metric radii 55/148 saved
Metric radii 56/148 saved
Metric radii 57/148 saved
Metric radii 58/148 saved
Metric radii 59/148 saved
Metric radii 60/148 saved
Metric radii 61/148 saved
Metric radii 62/148 saved
Metric radii 63/148 saved
Metric radii 64/148 saved
Metric radii 65/148 saved
Metric radii 66/148 saved
Metric radii 67/148 saved
Metric radii 68/148 saved
Metric radii 69/148 saved
Metric radii 70/148 saved
Metric radii 71/148 saved
Metric radii 72/148 saved
Metric radii 73/148 saved
Metric radii 74/148 saved
Metric radii 75/148 saved
Metric radii 76/148 saved
Metric radii 77/148 saved
Metric radii 78/148 saved
Metric radii 79/148 saved
Metric radii 80/148 saved
Metric radii 81/148 saved
Metric radii 82/148 saved
Metric radii 83/148 saved
Metric radii 84/148 saved
Metric radii 85/148 saved
Metric radii 86/148 saved
Metric radii 87/148 saved
Metric radii 88/148 saved
Metric radii 89/148 saved
Metric radii 90/148 saved
Metric radii 91/148 saved
Metric radii 92/148 saved
Metric radii 93/148 saved
Metric radii 94/148 saved
Metric radii 95/148 saved
Metric radii 96/148 saved
Metric radii 97/148 saved
Metric radii 98/148 saved
Metric radii 99/148 saved
Metric radii 100/148 saved
Metric radii 101/148 saved
Metric radii 102/148 saved
Metric radii 103/148 saved
Metric radii 104/148 saved
Metric radii 105/148 saved
Metric radii 106/148 saved
Metric radii 107/148 saved
Metric radii 108/148 saved
Metric radii 109/148 saved
Metric radii 110/148 saved
Metric radii 111/148 saved
Metric radii 112/148 saved
Metric radii 113/148 saved
Metric radii 114/148 saved
Metric radii 115/148 saved
Metric radii 116/148 saved
Metric radii 117/148 saved
Metric radii 118/148 saved
Metric radii 119/148 saved
Metric radii 120/148 saved
Metric radii 121/148 saved
Metric radii 122/148 saved
Metric radii 123/148 saved
Metric radii 124/148 saved
Metric radii 125/148 saved
Metric radii 126/148 saved
Metric radii 127/148 saved
Metric radii 128/148 saved
Metric radii 129/148 saved
Metric radii 130/148 saved
Metric radii 131/148 saved
Metric radii 132/148 saved
Metric radii 133/148 saved
Metric radii 134/148 saved
Metric radii 135/148 saved
Metric radii 136/148 saved
Metric radii 137/148 saved
Metric radii 138/148 saved
Metric radii 139/148 saved
Metric radii 140/148 saved
Metric radii 141/148 saved
Metric radii 142/148 saved
Metric radii 143/148 saved
Metric radii 144/148 saved
Metric radii 145/148 saved
Metric radii 146/148 saved
Metric radii 147/148 saved
Metric radii 148/148 saved
SOURCE ell=5, m=-5, mg=-6
{"ell": 5, "m": -5, "flux": {"infinity": {"charge": 0.0, "wave_energy": 0.0, "orbital_energy": -0.0, "orbital_angular_momentum": -0.0}, "horizon": {"charge": 4.141163691656228e-18, "wave_energy": 9.519088616852083e-19, "orbital_energy": -2.7509116640333388e-19, "orbital_angular_momentum": -2.4846982149937372e-17}}}
{
  "completed_modes": 18,
  "expected_modes": 18,
  "missing_modes": [],
  "complete": true,
  "total_flux": {
    "infinity": 1.8978444432481997e-05,
    "horizon": -6.828254573842368e-05
  },
  "total_flux_Li_units": {
    "infinity": 0.026033531457451305,
    "horizon": -0.09366604353693238
  },
  "Li_reference": {
    "file": "docs/environment_reproduction/li_reference_comparison_20260916.json",
    "sha256": "1636cef80590c359d7e2162c8e1f6abf005d468bdc9dcf97e7665341c66fead0",
    "type": "digitized original vector plot; not author raw arrays"
  },
  "comparison": [
    {
      "boundary": "horizon",
      "local": -6.828254573842368e-05,
      "Li": -6.615228308272457e-05,
      "relative_difference_percent": 3.2202405668073197,
      "reference_interpolation_sensitivity": 0.00024869422685225295
    },
    {
      "boundary": "infinity",
      "local": 1.8978444432481997e-05,
      "Li": 1.8943078476349247e-05,
      "relative_difference_percent": 0.18669592789211098,
      "reference_interpolation_sensitivity": 0.00010377969451513813
    }
  ]
}
