
LAUNCH 2026-09-16T22:15:53.953676+00:00
ORBIT 42.1 MG 1 PRECOMPUTE START (96 radii)
Metric radii 1/96 saved
Metric radii 2/96 saved
Metric radii 3/96 saved
Metric radii 4/96 saved
Metric radii 5/96 saved
Metric radii 6/96 saved
Metric radii 7/96 saved
Metric radii 8/96 saved
Metric radii 9/96 saved
Metric radii 10/96 saved
Metric radii 11/96 saved
Metric radii 12/96 saved
Metric radii 13/96 saved
Metric radii 14/96 saved
Metric radii 15/96 saved
Metric radii 16/96 saved
Metric radii 17/96 saved
Metric radii 18/96 saved
Metric radii 19/96 saved
Metric radii 20/96 saved
Metric radii 21/96 saved
Metric radii 22/96 saved
Metric radii 23/96 saved
Metric radii 24/96 saved
Metric radii 25/96 saved
Metric radii 26/96 saved
Metric radii 27/96 saved
Metric radii 28/96 saved
Metric radii 29/96 saved
Metric radii 30/96 saved
Metric radii 31/96 saved
Metric radii 32/96 saved
Metric radii 33/96 saved
Metric radii 34/96 saved
Metric radii 35/96 saved
Metric radii 36/96 saved
Metric radii 37/96 saved
Metric radii 38/96 saved
Metric radii 39/96 saved
Metric radii 40/96 saved
Metric radii 41/96 saved
Metric radii 42/96 saved
Metric radii 43/96 saved
Metric radii 44/96 saved
Metric radii 45/96 saved
Metric radii 46/96 saved
Metric radii 47/96 saved
Metric radii 48/96 saved
Metric radii 49/96 saved
Metric radii 50/96 saved
Metric radii 51/96 saved
Metric radii 52/96 saved
Metric radii 53/96 saved
Metric radii 54/96 saved
Metric radii 55/96 saved
Metric radii 56/96 saved
Metric radii 57/96 saved
Metric radii 58/96 saved
Metric radii 59/96 saved
Metric radii 60/96 saved
Metric radii 61/96 saved
Metric radii 62/96 saved
Metric radii 63/96 saved
Metric radii 64/96 saved
Metric radii 65/96 saved
Metric radii 66/96 saved
Metric radii 67/96 saved
Metric radii 68/96 saved
Metric radii 69/96 saved
Metric radii 70/96 saved
Metric radii 71/96 saved
Metric radii 72/96 saved
Metric radii 73/96 saved
Metric radii 74/96 saved
Metric radii 75/96 saved
Metric radii 76/96 saved
Metric radii 77/96 saved
Metric radii 78/96 saved
Metric radii 79/96 saved
Metric radii 80/96 saved
Metric radii 81/96 saved
Metric radii 82/96 saved
Metric radii 83/96 saved
Metric radii 84/96 saved
Metric radii 85/96 saved
Metric radii 86/96 saved
Metric radii 87/96 saved
Metric radii 88/96 saved
Metric radii 89/96 saved
Metric radii 90/96 saved
Metric radii 91/96 saved
Metric radii 92/96 saved
Metric radii 93/96 saved
Metric radii 94/96 saved
Metric radii 95/96 saved
Metric radii 96/96 saved
ORBIT 42.1 SCALAR (2, 2) START
Source radius 1/96: r=1.4807165
Source radius 2/96: r=1.4807407
Source radius 3/96: r=1.4807868
Source radius 4/96: r=1.4808601
Source radius 5/96: r=1.4809687
Source radius 6/96: r=1.4811257
Source radius 7/96: r=1.4813508
Source radius 8/96: r=1.4816743
Source radius 9/96: r=1.4821418
Source radius 10/96: r=1.4828227
Source radius 11/96: r=1.4838222
Source radius 12/96: r=1.4853
Source radius 13/96: r=1.4874964
Source radius 14/96: r=1.4907714
Source radius 15/96: r=1.4956561
Source radius 16/96: r=1.5029229
Source radius 17/96: r=1.513669
Source radius 18/96: r=1.5294105
Source radius 19/96: r=1.552168
Source radius 20/96: r=1.5845135
Source radius 21/96: r=1.6295319
Source radius 22/96: r=1.6906351
Source radius 23/96: r=1.7711679
Source radius 24/96: r=1.8737668
Source radius 25/96: r=1.9994932
Source radius 26/96: r=2.1468581
Source radius 27/96: r=2.3109623
Source radius 28/96: r=2.4830617
Source radius 29/96: r=2.6508643
Source radius 30/96: r=2.7997434
Source radius 31/96: r=2.9147986
Source radius 32/96: r=2.9834172
Source radius 33/96: r=3.0595652
Source radius 34/96: r=3.3050003
Source radius 35/96: r=3.7117014
Source radius 36/96: r=4.224848
Source radius 37/96: r=4.775152
Source radius 38/96: r=5.2882986
Source radius 39/96: r=5.6949997
Source radius 40/96: r=5.9404348
Source radius 41/96: r=6.1191304
Source radius 42/96: r=6.6100006
Source radius 43/96: r=7.4234028
Source radius 44/96: r=8.4496961
Source radius 45/96: r=9.5503039
Source radius 46/96: r=10.576597
Source radius 47/96: r=11.389999
Source radius 48/96: r=11.88087
Source radius 49/96: r=12.158841
Source radius 50/96: r=12.813334
Source radius 51/96: r=13.89787
Source radius 52/96: r=15.266261
Source radius 53/96: r=16.733739
Source radius 54/96: r=18.10213
Source radius 55/96: r=19.186666
Source radius 56/96: r=19.841159
Source radius 57/96: r=20.397101
Source radius 58/96: r=22.033335
Source radius 59/96: r=24.744676
Source radius 60/96: r=28.165654
Source radius 61/96: r=31.834346
Source radius 62/96: r=35.255324
Source radius 63/96: r=37.966665
Source radius 64/96: r=39.602899
Source radius 65/96: r=40.041696
Source radius 66/96: r=40.2135
Source radius 67/96: r=40.498191
Source radius 68/96: r=40.857394
Source radius 69/96: r=41.242606
Source radius 70/96: r=41.601809
Source radius 71/96: r=41.8865
Source radius 72/96: r=42.058304
Source radius 73/96: r=42.852507
Source radius 74/96: r=45.95317
Source radius 75/96: r=51.091161
Source radius 76/96: r=57.573914
Source radius 77/96: r=64.526086
Source radius 78/96: r=71.008839
Source radius 79/96: r=76.14683
Source radius 80/96: r=79.247493
Source radius 81/96: r=81.588406
Source radius 82/96: r=88.133341
Source radius 83/96: r=98.978704
Source radius 84/96: r=112.66261
Source radius 85/96: r=127.33739
Source radius 86/96: r=141.0213
Source radius 87/96: r=151.86666
Source radius 88/96: r=158.41159
Source radius 89/96: r=163.17681
Source radius 90/96: r=176.26668
Source radius 91/96: r=197.95741
Source radius 92/96: r=225.32523
Source radius 93/96: r=254.67477
Source radius 94/96: r=282.04259
Source radius 95/96: r=303.73332
Source radius 96/96: r=316.82319
{"status": "truncated_single_mode_not_converged", "z_inf": [0.0, 0.0], "z_h": [0.019172074663055365, 0.0052502483535281025], "flux": {"infinity": {"charge": 0.0, "wave_energy": 0.0, "orbital_energy": 0.0, "orbital_angular_momentum": 0.0}, "horizon": {"charge": -0.0006846480544762623, "wave_energy": -0.00020535493825270577, "orbital_energy": -2.4983421265882894e-06, "orbital_angular_momentum": -0.0006846480544762623}}, "wronskian_relative_spread": 2.465139203996528e-11}
ORBIT 42.1 SCALAR (2, 2) COMPLETE
ORBIT 42.1 SCALAR (4, 2) START
Source radius 1/96: r=1.4807165
Source radius 2/96: r=1.4807407
Source radius 3/96: r=1.4807868
Source radius 4/96: r=1.4808601
Source radius 5/96: r=1.4809687
Source radius 6/96: r=1.4811257
Source radius 7/96: r=1.4813508
Source radius 8/96: r=1.4816743
Source radius 9/96: r=1.4821418
Source radius 10/96: r=1.4828227
Source radius 11/96: r=1.4838222
Source radius 12/96: r=1.4853
Source radius 13/96: r=1.4874964
Source radius 14/96: r=1.4907714
Source radius 15/96: r=1.4956561
Source radius 16/96: r=1.5029229
Source radius 17/96: r=1.513669
Source radius 18/96: r=1.5294105
Source radius 19/96: r=1.552168
Source radius 20/96: r=1.5845135
Source radius 21/96: r=1.6295319
Source radius 22/96: r=1.6906351
Source radius 23/96: r=1.7711679
Source radius 24/96: r=1.8737668
Source radius 25/96: r=1.9994932
Source radius 26/96: r=2.1468581
Source radius 27/96: r=2.3109623
Source radius 28/96: r=2.4830617
Source radius 29/96: r=2.6508643
Source radius 30/96: r=2.7997434
Source radius 31/96: r=2.9147986
Source radius 32/96: r=2.9834172
Source radius 33/96: r=3.0595652
Source radius 34/96: r=3.3050003
Source radius 35/96: r=3.7117014
Source radius 36/96: r=4.224848
Source radius 37/96: r=4.775152
Source radius 38/96: r=5.2882986
Source radius 39/96: r=5.6949997
Source radius 40/96: r=5.9404348
Source radius 41/96: r=6.1191304
Source radius 42/96: r=6.6100006
Source radius 43/96: r=7.4234028
Source radius 44/96: r=8.4496961
Source radius 45/96: r=9.5503039
Source radius 46/96: r=10.576597
Source radius 47/96: r=11.389999
Source radius 48/96: r=11.88087
Source radius 49/96: r=12.158841
Source radius 50/96: r=12.813334
Source radius 51/96: r=13.89787
Source radius 52/96: r=15.266261
Source radius 53/96: r=16.733739
Source radius 54/96: r=18.10213
Source radius 55/96: r=19.186666
Source radius 56/96: r=19.841159
Source radius 57/96: r=20.397101
Source radius 58/96: r=22.033335
Source radius 59/96: r=24.744676
Source radius 60/96: r=28.165654
Source radius 61/96: r=31.834346
Source radius 62/96: r=35.255324
Source radius 63/96: r=37.966665
Source radius 64/96: r=39.602899
Source radius 65/96: r=40.041696
Source radius 66/96: r=40.2135
Source radius 67/96: r=40.498191
Source radius 68/96: r=40.857394
Source radius 69/96: r=41.242606
Source radius 70/96: r=41.601809
Source radius 71/96: r=41.8865
Source radius 72/96: r=42.058304
Source radius 73/96: r=42.852507
Source radius 74/96: r=45.95317
Source radius 75/96: r=51.091161
Source radius 76/96: r=57.573914
Source radius 77/96: r=64.526086
Source radius 78/96: r=71.008839
Source radius 79/96: r=76.14683
Source radius 80/96: r=79.247493
Source radius 81/96: r=81.588406
Source radius 82/96: r=88.133341
Source radius 83/96: r=98.978704
Source radius 84/96: r=112.66261
Source radius 85/96: r=127.33739
Source radius 86/96: r=141.0213
Source radius 87/96: r=151.86666
Source radius 88/96: r=158.41159
Source radius 89/96: r=163.17681
Source radius 90/96: r=176.26668
Source radius 91/96: r=197.95741
Source radius 92/96: r=225.32523
Source radius 93/96: r=254.67477
Source radius 94/96: r=282.04259
Source radius 95/96: r=303.73332
Source radius 96/96: r=316.82319
{"status": "truncated_single_mode_not_converged", "z_inf": [0.0, 0.0], "z_h": [-0.0009722576949192459, -0.00027374621740854717], "flux": {"infinity": {"charge": 0.0, "wave_energy": 0.0, "orbital_energy": 0.0, "orbital_angular_momentum": 0.0}, "horizon": {"charge": -1.7677390612633779e-06, "wave_energy": -5.302197872311681e-07, "orbital_energy": -6.450638304885531e-09, "orbital_angular_momentum": -1.7677390612633779e-06}}, "wronskian_relative_spread": 2.707478815894988e-11}
ORBIT 42.1 SCALAR (4, 2) COMPLETE
ORBIT 42.1 SCALAR (2, 0) START
Source radius 1/96: r=1.4807165
Source radius 2/96: r=1.4807407
Source radius 3/96: r=1.4807868
Source radius 4/96: r=1.4808601
Source radius 5/96: r=1.4809687
Source radius 6/96: r=1.4811257
Source radius 7/96: r=1.4813508
Source radius 8/96: r=1.4816743
Source radius 9/96: r=1.4821418
Source radius 10/96: r=1.4828227
Source radius 11/96: r=1.4838222
Source radius 12/96: r=1.4853
Source radius 13/96: r=1.4874964
Source radius 14/96: r=1.4907714
Source radius 15/96: r=1.4956561
Source radius 16/96: r=1.5029229
Source radius 17/96: r=1.513669
Source radius 18/96: r=1.5294105
Source radius 19/96: r=1.552168
Source radius 20/96: r=1.5845135
Source radius 21/96: r=1.6295319
Source radius 22/96: r=1.6906351
Source radius 23/96: r=1.7711679
Source radius 24/96: r=1.8737668
Source radius 25/96: r=1.9994932
Source radius 26/96: r=2.1468581
Source radius 27/96: r=2.3109623
Source radius 28/96: r=2.4830617
Source radius 29/96: r=2.6508643
Source radius 30/96: r=2.7997434
Source radius 31/96: r=2.9147986
Source radius 32/96: r=2.9834172
Source radius 33/96: r=3.0595652
Source radius 34/96: r=3.3050003
Source radius 35/96: r=3.7117014
Source radius 36/96: r=4.224848
Source radius 37/96: r=4.775152
Source radius 38/96: r=5.2882986
Source radius 39/96: r=5.6949997
Source radius 40/96: r=5.9404348
Source radius 41/96: r=6.1191304
Source radius 42/96: r=6.6100006
Source radius 43/96: r=7.4234028
Source radius 44/96: r=8.4496961
Source radius 45/96: r=9.5503039
Source radius 46/96: r=10.576597
Source radius 47/96: r=11.389999
Source radius 48/96: r=11.88087
Source radius 49/96: r=12.158841
Source radius 50/96: r=12.813334
Source radius 51/96: r=13.89787
Source radius 52/96: r=15.266261
Source radius 53/96: r=16.733739
Source radius 54/96: r=18.10213
Source radius 55/96: r=19.186666
Source radius 56/96: r=19.841159
Source radius 57/96: r=20.397101
Source radius 58/96: r=22.033335
Source radius 59/96: r=24.744676
Source radius 60/96: r=28.165654
Source radius 61/96: r=31.834346
Source radius 62/96: r=35.255324
Source radius 63/96: r=37.966665
Source radius 64/96: r=39.602899
Source radius 65/96: r=40.041696
Source radius 66/96: r=40.2135
Source radius 67/96: r=40.498191
Source radius 68/96: r=40.857394
Source radius 69/96: r=41.242606
Source radius 70/96: r=41.601809
Source radius 71/96: r=41.8865
Source radius 72/96: r=42.058304
Source radius 73/96: r=42.852507
Source radius 74/96: r=45.95317
Source radius 75/96: r=51.091161
Source radius 76/96: r=57.573914
Source radius 77/96: r=64.526086
Source radius 78/96: r=71.008839
Source radius 79/96: r=76.14683
Source radius 80/96: r=79.247493
Source radius 81/96: r=81.588406
Source radius 82/96: r=88.133341
Source radius 83/96: r=98.978704
Source radius 84/96: r=112.66261
Source radius 85/96: r=127.33739
Source radius 86/96: r=141.0213
Source radius 87/96: r=151.86666
Source radius 88/96: r=158.41159
Source radius 89/96: r=163.17681
Source radius 90/96: r=176.26668
Source radius 91/96: r=197.95741
Source radius 92/96: r=225.32523
Source radius 93/96: r=254.67477
Source radius 94/96: r=282.04259
Source radius 95/96: r=303.73332
Source radius 96/96: r=316.82319
{"status": "truncated_single_mode_not_converged", "z_inf": [0.0, 0.0], "z_h": [-0.005435987827403593, -0.0032418888636601864], "flux": {"infinity": {"charge": 0.0, "wave_energy": 0.0, "orbital_energy": -0.0, "orbital_angular_momentum": -0.0}, "horizon": {"charge": 6.941164233116024e-05, "wave_energy": 2.031291168328772e-05, "orbital_energy": -2.5328930532676936e-07, "orbital_angular_momentum": -6.941164233116024e-05}}, "wronskian_relative_spread": 2.4154900302194905e-11}
ORBIT 42.1 SCALAR (2, 0) COMPLETE
ORBIT 42.1 SCALAR (4, 0) START
Source radius 1/96: r=1.4807165
Source radius 2/96: r=1.4807407
Source radius 3/96: r=1.4807868
Source radius 4/96: r=1.4808601
Source radius 5/96: r=1.4809687
Source radius 6/96: r=1.4811257
Source radius 7/96: r=1.4813508
Source radius 8/96: r=1.4816743
Source radius 9/96: r=1.4821418
Source radius 10/96: r=1.4828227
Source radius 11/96: r=1.4838222
Source radius 12/96: r=1.4853
Source radius 13/96: r=1.4874964
Source radius 14/96: r=1.4907714
Source radius 15/96: r=1.4956561
Source radius 16/96: r=1.5029229
Source radius 17/96: r=1.513669
Source radius 18/96: r=1.5294105
Source radius 19/96: r=1.552168
Source radius 20/96: r=1.5845135
Source radius 21/96: r=1.6295319
Source radius 22/96: r=1.6906351
Source radius 23/96: r=1.7711679
Source radius 24/96: r=1.8737668
Source radius 25/96: r=1.9994932
Source radius 26/96: r=2.1468581
Source radius 27/96: r=2.3109623
Source radius 28/96: r=2.4830617
Source radius 29/96: r=2.6508643
Source radius 30/96: r=2.7997434
Source radius 31/96: r=2.9147986
Source radius 32/96: r=2.9834172
Source radius 33/96: r=3.0595652
Source radius 34/96: r=3.3050003
Source radius 35/96: r=3.7117014
Source radius 36/96: r=4.224848
Source radius 37/96: r=4.775152
Source radius 38/96: r=5.2882986
Source radius 39/96: r=5.6949997
Source radius 40/96: r=5.9404348
Source radius 41/96: r=6.1191304
Source radius 42/96: r=6.6100006
Source radius 43/96: r=7.4234028
Source radius 44/96: r=8.4496961
Source radius 45/96: r=9.5503039
Source radius 46/96: r=10.576597
Source radius 47/96: r=11.389999
Source radius 48/96: r=11.88087
Source radius 49/96: r=12.158841
Source radius 50/96: r=12.813334
Source radius 51/96: r=13.89787
Source radius 52/96: r=15.266261
Source radius 53/96: r=16.733739
Source radius 54/96: r=18.10213
Source radius 55/96: r=19.186666
Source radius 56/96: r=19.841159
Source radius 57/96: r=20.397101
Source radius 58/96: r=22.033335
Source radius 59/96: r=24.744676
Source radius 60/96: r=28.165654
Source radius 61/96: r=31.834346
Source radius 62/96: r=35.255324
Source radius 63/96: r=37.966665
Source radius 64/96: r=39.602899
Source radius 65/96: r=40.041696
Source radius 66/96: r=40.2135
Source radius 67/96: r=40.498191
Source radius 68/96: r=40.857394
Source radius 69/96: r=41.242606
Source radius 70/96: r=41.601809
Source radius 71/96: r=41.8865
Source radius 72/96: r=42.058304
Source radius 73/96: r=42.852507
Source radius 74/96: r=45.95317
Source radius 75/96: r=51.091161
Source radius 76/96: r=57.573914
Source radius 77/96: r=64.526086
Source radius 78/96: r=71.008839
Source radius 79/96: r=76.14683
Source radius 80/96: r=79.247493
Source radius 81/96: r=81.588406
Source radius 82/96: r=88.133341
Source radius 83/96: r=98.978704
Source radius 84/96: r=112.66261
Source radius 85/96: r=127.33739
Source radius 86/96: r=141.0213
Source radius 87/96: r=151.86666
Source radius 88/96: r=158.41159
Source radius 89/96: r=163.17681
Source radius 90/96: r=176.26668
Source radius 91/96: r=197.95741
Source radius 92/96: r=225.32523
Source radius 93/96: r=254.67477
Source radius 94/96: r=282.04259
Source radius 95/96: r=303.73332
Source radius 96/96: r=316.82319
{"status": "truncated_single_mode_not_converged", "z_inf": [0.0, 0.0], "z_h": [0.0004174746052118121, 0.00024406769210597758], "flux": {"infinity": {"charge": 0.0, "wave_energy": 0.0, "orbital_energy": -0.0, "orbital_angular_momentum": -0.0}, "horizon": {"charge": 4.0519905732524633e-07, "wave_energy": 1.1857913729126983e-07, "orbital_energy": -1.478607684562733e-09, "orbital_angular_momentum": -4.0519905732524633e-07}}, "wronskian_relative_spread": 4.422595623109809e-11}
ORBIT 42.1 SCALAR (4, 0) COMPLETE
ORBIT 42.1 MG 2 PRECOMPUTE START (96 radii)
Metric radii 1/96 saved
Metric radii 2/96 saved
Metric radii 3/96 saved
Metric radii 4/96 saved
Metric radii 5/96 saved
Metric radii 6/96 saved
Metric radii 7/96 saved
Metric radii 8/96 saved
Metric radii 9/96 saved
Metric radii 10/96 saved
Metric radii 11/96 saved
Metric radii 12/96 saved
Metric radii 13/96 saved
Metric radii 14/96 saved
Metric radii 15/96 saved
Metric radii 16/96 saved
Metric radii 17/96 saved
Metric radii 18/96 saved
Metric radii 19/96 saved
Metric radii 20/96 saved
Metric radii 21/96 saved
Metric radii 22/96 saved
Metric radii 23/96 saved
Metric radii 24/96 saved
Metric radii 25/96 saved
Metric radii 26/96 saved
Metric radii 27/96 saved
Metric radii 28/96 saved
Metric radii 29/96 saved
Metric radii 30/96 saved
Metric radii 31/96 saved
Metric radii 32/96 saved
Metric radii 33/96 saved
Metric radii 34/96 saved
Metric radii 35/96 saved
Metric radii 36/96 saved
Metric radii 37/96 saved
Metric radii 38/96 saved
Metric radii 39/96 saved
Metric radii 40/96 saved
Metric radii 41/96 saved
Metric radii 42/96 saved
Metric radii 43/96 saved
Metric radii 44/96 saved
Metric radii 45/96 saved
Metric radii 46/96 saved
Metric radii 47/96 saved
Metric radii 48/96 saved
Metric radii 49/96 saved
Metric radii 50/96 saved
Metric radii 51/96 saved
Metric radii 52/96 saved
Metric radii 53/96 saved
Metric radii 54/96 saved
Metric radii 55/96 saved
Metric radii 56/96 saved
Metric radii 57/96 saved
Metric radii 58/96 saved
Metric radii 59/96 saved
Metric radii 60/96 saved
Metric radii 61/96 saved
Metric radii 62/96 saved
Metric radii 63/96 saved
Metric radii 64/96 saved
Metric radii 65/96 saved
Metric radii 66/96 saved
Metric radii 67/96 saved
Metric radii 68/96 saved
Metric radii 69/96 saved
Metric radii 70/96 saved
Metric radii 71/96 saved
Metric radii 72/96 saved
Metric radii 73/96 saved
Metric radii 74/96 saved
Metric radii 75/96 saved
Metric radii 76/96 saved
Metric radii 77/96 saved
Metric radii 78/96 saved
Metric radii 79/96 saved
Metric radii 80/96 saved
Metric radii 81/96 saved
Metric radii 82/96 saved
Metric radii 83/96 saved
Metric radii 84/96 saved
Metric radii 85/96 saved
Metric radii 86/96 saved
Metric radii 87/96 saved
Metric radii 88/96 saved
Metric radii 89/96 saved
Metric radii 90/96 saved
Metric radii 91/96 saved
Metric radii 92/96 saved
Metric radii 93/96 saved
Metric radii 94/96 saved
Metric radii 95/96 saved
Metric radii 96/96 saved
ORBIT 42.1 SCALAR (3, 3) START
Source radius 1/96: r=1.4807165
Source radius 2/96: r=1.4807407
Source radius 3/96: r=1.4807868
Source radius 4/96: r=1.4808601
Source radius 5/96: r=1.4809687
Source radius 6/96: r=1.4811257
Source radius 7/96: r=1.4813508
Source radius 8/96: r=1.4816743
Source radius 9/96: r=1.4821418
Source radius 10/96: r=1.4828227
Source radius 11/96: r=1.4838222
Source radius 12/96: r=1.4853
Source radius 13/96: r=1.4874964
Source radius 14/96: r=1.4907714
Source radius 15/96: r=1.4956561
Source radius 16/96: r=1.5029229
Source radius 17/96: r=1.513669
Source radius 18/96: r=1.5294105
Source radius 19/96: r=1.552168
Source radius 20/96: r=1.5845135
Source radius 21/96: r=1.6295319
Source radius 22/96: r=1.6906351
Source radius 23/96: r=1.7711679
Source radius 24/96: r=1.8737668
Source radius 25/96: r=1.9994932
Source radius 26/96: r=2.1468581
Source radius 27/96: r=2.3109623
Source radius 28/96: r=2.4830617
Source radius 29/96: r=2.6508643
Source radius 30/96: r=2.7997434
Source radius 31/96: r=2.9147986
Source radius 32/96: r=2.9834172
Source radius 33/96: r=3.0595652
Source radius 34/96: r=3.3050003
Source radius 35/96: r=3.7117014
Source radius 36/96: r=4.224848
Source radius 37/96: r=4.775152
Source radius 38/96: r=5.2882986
Source radius 39/96: r=5.6949997
Source radius 40/96: r=5.9404348
Source radius 41/96: r=6.1191304
Source radius 42/96: r=6.6100006
Source radius 43/96: r=7.4234028
Source radius 44/96: r=8.4496961
Source radius 45/96: r=9.5503039
Source radius 46/96: r=10.576597
Source radius 47/96: r=11.389999
Source radius 48/96: r=11.88087
Source radius 49/96: r=12.158841
Source radius 50/96: r=12.813334
Source radius 51/96: r=13.89787
Source radius 52/96: r=15.266261
Source radius 53/96: r=16.733739
Source radius 54/96: r=18.10213
Source radius 55/96: r=19.186666
Source radius 56/96: r=19.841159
Source radius 57/96: r=20.397101
Source radius 58/96: r=22.033335
Source radius 59/96: r=24.744676
Source radius 60/96: r=28.165654
Source radius 61/96: r=31.834346
Source radius 62/96: r=35.255324
Source radius 63/96: r=37.966665
Source radius 64/96: r=39.602899
Source radius 65/96: r=40.041696
Source radius 66/96: r=40.2135
Source radius 67/96: r=40.498191
Source radius 68/96: r=40.857394
Source radius 69/96: r=41.242606
Source radius 70/96: r=41.601809
Source radius 71/96: r=41.8865
Source radius 72/96: r=42.058304
Source radius 73/96: r=42.852507
Source radius 74/96: r=45.95317
Source radius 75/96: r=51.091161
Source radius 76/96: r=57.573914
Source radius 77/96: r=64.526086
Source radius 78/96: r=71.008839
Source radius 79/96: r=76.14683
Source radius 80/96: r=79.247493
Source radius 81/96: r=81.588406
Source radius 82/96: r=88.133341
Source radius 83/96: r=98.978704
Source radius 84/96: r=112.66261
Source radius 85/96: r=127.33739
Source radius 86/96: r=141.0213
Source radius 87/96: r=151.86666
Source radius 88/96: r=158.41159
Source radius 89/96: r=163.17681
Source radius 90/96: r=176.26668
Source radius 91/96: r=197.95741
Source radius 92/96: r=225.32523
Source radius 93/96: r=254.67477
Source radius 94/96: r=282.04259
Source radius 95/96: r=303.73332
Source radius 96/96: r=316.82319
{"status": "truncated_single_mode_not_converged", "z_inf": [0.11653835054281647, 0.07535433963887811], "z_h": [-2.1035850424078358e-07, 6.245401246816198e-07], "flux": {"infinity": {"charge": 0.0017934087487155828, "wave_energy": 0.0005444635226001119, "orbital_energy": 1.3088618591155329e-05, "orbital_angular_momentum": 0.0035868174974311657}, "horizon": {"charge": -1.5050272370590971e-12, "wave_energy": -4.569133677334723e-13, "orbital_energy": -1.0983958614718937e-14, "orbital_angular_momentum": -3.0100544741181942e-12}}, "wronskian_relative_spread": 1.101802642942284e-10}
ORBIT 42.1 SCALAR (3, 3) COMPLETE
ORBIT 42.1 SCALAR (5, 3) START
Source radius 1/96: r=1.4807165
Source radius 2/96: r=1.4807407
Source radius 3/96: r=1.4807868
Source radius 4/96: r=1.4808601
Source radius 5/96: r=1.4809687
Source radius 6/96: r=1.4811257
Source radius 7/96: r=1.4813508
Source radius 8/96: r=1.4816743
Source radius 9/96: r=1.4821418
Source radius 10/96: r=1.4828227
Source radius 11/96: r=1.4838222
Source radius 12/96: r=1.4853
Source radius 13/96: r=1.4874964
Source radius 14/96: r=1.4907714
Source radius 15/96: r=1.4956561
Source radius 16/96: r=1.5029229
Source radius 17/96: r=1.513669
Source radius 18/96: r=1.5294105
Source radius 19/96: r=1.552168
Source radius 20/96: r=1.5845135
Source radius 21/96: r=1.6295319
Source radius 22/96: r=1.6906351
Source radius 23/96: r=1.7711679
Source radius 24/96: r=1.8737668
Source radius 25/96: r=1.9994932
Source radius 26/96: r=2.1468581
Source radius 27/96: r=2.3109623
Source radius 28/96: r=2.4830617
Source radius 29/96: r=2.6508643
Source radius 30/96: r=2.7997434
Source radius 31/96: r=2.9147986
Source radius 32/96: r=2.9834172
Source radius 33/96: r=3.0595652
Source radius 34/96: r=3.3050003
Source radius 35/96: r=3.7117014
Source radius 36/96: r=4.224848
Source radius 37/96: r=4.775152
Source radius 38/96: r=5.2882986
Source radius 39/96: r=5.6949997
Source radius 40/96: r=5.9404348
Source radius 41/96: r=6.1191304
Source radius 42/96: r=6.6100006
Source radius 43/96: r=7.4234028
Source radius 44/96: r=8.4496961
Source radius 45/96: r=9.5503039
Source radius 46/96: r=10.576597
Source radius 47/96: r=11.389999
Source radius 48/96: r=11.88087
Source radius 49/96: r=12.158841
Source radius 50/96: r=12.813334
Source radius 51/96: r=13.89787
Source radius 52/96: r=15.266261
Source radius 53/96: r=16.733739
Source radius 54/96: r=18.10213
Source radius 55/96: r=19.186666
Source radius 56/96: r=19.841159
Source radius 57/96: r=20.397101
Source radius 58/96: r=22.033335
Source radius 59/96: r=24.744676
Source radius 60/96: r=28.165654
Source radius 61/96: r=31.834346
Source radius 62/96: r=35.255324
Source radius 63/96: r=37.966665
Source radius 64/96: r=39.602899
Source radius 65/96: r=40.041696
Source radius 66/96: r=40.2135
Source radius 67/96: r=40.498191
Source radius 68/96: r=40.857394
Source radius 69/96: r=41.242606
Source radius 70/96: r=41.601809
Source radius 71/96: r=41.8865
Source radius 72/96: r=42.058304
Source radius 73/96: r=42.852507
Source radius 74/96: r=45.95317
Source radius 75/96: r=51.091161
Source radius 76/96: r=57.573914
Source radius 77/96: r=64.526086
Source radius 78/96: r=71.008839
Source radius 79/96: r=76.14683
Source radius 80/96: r=79.247493
Source radius 81/96: r=81.588406
Source radius 82/96: r=88.133341
Source radius 83/96: r=98.978704
Source radius 84/96: r=112.66261
Source radius 85/96: r=127.33739
Source radius 86/96: r=141.0213
Source radius 87/96: r=151.86666
Source radius 88/96: r=158.41159
Source radius 89/96: r=163.17681
Source radius 90/96: r=176.26668
Source radius 91/96: r=197.95741
Source radius 92/96: r=225.32523
Source radius 93/96: r=254.67477
Source radius 94/96: r=282.04259
Source radius 95/96: r=303.73332
Source radius 96/96: r=316.82319
{"status": "truncated_single_mode_not_converged", "z_inf": [0.0053537974393796355, -0.0019178505159527473], "z_h": [3.610844171929749e-09, -2.6967561758458503e-08], "flux": {"infinity": {"charge": 3.011567048688563e-06, "wave_energy": 9.142859401403735e-07, "orbital_energy": 2.197895626984426e-08, "orbital_angular_momentum": 6.023134097377126e-06}, "horizon": {"charge": -2.5653931303020796e-15, "wave_energy": -7.788313632231037e-16, "orbital_energy": -1.8722699018247633e-17, "orbital_angular_momentum": -5.130786260604159e-15}}, "wronskian_relative_spread": 7.69923881846272e-11}
ORBIT 42.1 SCALAR (5, 3) COMPLETE
ORBIT 42.1 SCALAR (3, -1) START
Source radius 1/96: r=1.4807165
Source radius 2/96: r=1.4807407
Source radius 3/96: r=1.4807868
Source radius 4/96: r=1.4808601
Source radius 5/96: r=1.4809687
Source radius 6/96: r=1.4811257
Source radius 7/96: r=1.4813508
Source radius 8/96: r=1.4816743
Source radius 9/96: r=1.4821418
Source radius 10/96: r=1.4828227
Source radius 11/96: r=1.4838222
Source radius 12/96: r=1.4853
Source radius 13/96: r=1.4874964
Source radius 14/96: r=1.4907714
Source radius 15/96: r=1.4956561
Source radius 16/96: r=1.5029229
Source radius 17/96: r=1.513669
Source radius 18/96: r=1.5294105
Source radius 19/96: r=1.552168
Source radius 20/96: r=1.5845135
Source radius 21/96: r=1.6295319
Source radius 22/96: r=1.6906351
Source radius 23/96: r=1.7711679
Source radius 24/96: r=1.8737668
Source radius 25/96: r=1.9994932
Source radius 26/96: r=2.1468581
Source radius 27/96: r=2.3109623
Source radius 28/96: r=2.4830617
Source radius 29/96: r=2.6508643
Source radius 30/96: r=2.7997434
Source radius 31/96: r=2.9147986
Source radius 32/96: r=2.9834172
Source radius 33/96: r=3.0595652
Source radius 34/96: r=3.3050003
Source radius 35/96: r=3.7117014
Source radius 36/96: r=4.224848
Source radius 37/96: r=4.775152
Source radius 38/96: r=5.2882986
Source radius 39/96: r=5.6949997
Source radius 40/96: r=5.9404348
Source radius 41/96: r=6.1191304
Source radius 42/96: r=6.6100006
Source radius 43/96: r=7.4234028
Source radius 44/96: r=8.4496961
Source radius 45/96: r=9.5503039
Source radius 46/96: r=10.576597
Source radius 47/96: r=11.389999
Source radius 48/96: r=11.88087
Source radius 49/96: r=12.158841
Source radius 50/96: r=12.813334
Source radius 51/96: r=13.89787
Source radius 52/96: r=15.266261
Source radius 53/96: r=16.733739
Source radius 54/96: r=18.10213
Source radius 55/96: r=19.186666
Source radius 56/96: r=19.841159
Source radius 57/96: r=20.397101
Source radius 58/96: r=22.033335
Source radius 59/96: r=24.744676
Source radius 60/96: r=28.165654
Source radius 61/96: r=31.834346
Source radius 62/96: r=35.255324
Source radius 63/96: r=37.966665
Source radius 64/96: r=39.602899
Source radius 65/96: r=40.041696
Source radius 66/96: r=40.2135
Source radius 67/96: r=40.498191
Source radius 68/96: r=40.857394
Source radius 69/96: r=41.242606
Source radius 70/96: r=41.601809
Source radius 71/96: r=41.8865
Source radius 72/96: r=42.058304
Source radius 73/96: r=42.852507
Source radius 74/96: r=45.95317
Source radius 75/96: r=51.091161
Source radius 76/96: r=57.573914
Source radius 77/96: r=64.526086
Source radius 78/96: r=71.008839
Source radius 79/96: r=76.14683
Source radius 80/96: r=79.247493
Source radius 81/96: r=81.588406
Source radius 82/96: r=88.133341
Source radius 83/96: r=98.978704
Source radius 84/96: r=112.66261
Source radius 85/96: r=127.33739
Source radius 86/96: r=141.0213
Source radius 87/96: r=151.86666
Source radius 88/96: r=158.41159
Source radius 89/96: r=163.17681
Source radius 90/96: r=176.26668
Source radius 91/96: r=197.95741
Source radius 92/96: r=225.32523
Source radius 93/96: r=254.67477
Source radius 94/96: r=282.04259
Source radius 95/96: r=303.73332
Source radius 96/96: r=316.82319
{"status": "truncated_single_mode_not_converged", "z_inf": [0.0, 0.0], "z_h": [4.852651122980229e-08, -1.2187559512013607e-07], "flux": {"infinity": {"charge": 0.0, "wave_energy": 0.0, "orbital_energy": -0.0, "orbital_angular_momentum": -0.0}, "horizon": {"charge": 5.963428948242352e-14, "wave_energy": 1.7234015614962734e-14, "orbital_energy": -4.3522173656674386e-16, "orbital_angular_momentum": -1.1926857896484704e-13}}, "wronskian_relative_spread": 2.35875193867996e-10}
ORBIT 42.1 SCALAR (3, -1) COMPLETE
ORBIT 42.1 SCALAR (5, -1) START
Source radius 1/96: r=1.4807165
Source radius 2/96: r=1.4807407
Source radius 3/96: r=1.4807868
Source radius 4/96: r=1.4808601
Source radius 5/96: r=1.4809687
Source radius 6/96: r=1.4811257
Source radius 7/96: r=1.4813508
Source radius 8/96: r=1.4816743
Source radius 9/96: r=1.4821418
Source radius 10/96: r=1.4828227
Source radius 11/96: r=1.4838222
Source radius 12/96: r=1.4853
Source radius 13/96: r=1.4874964
Source radius 14/96: r=1.4907714
Source radius 15/96: r=1.4956561
Source radius 16/96: r=1.5029229
Source radius 17/96: r=1.513669
Source radius 18/96: r=1.5294105
Source radius 19/96: r=1.552168
Source radius 20/96: r=1.5845135
Source radius 21/96: r=1.6295319
Source radius 22/96: r=1.6906351
Source radius 23/96: r=1.7711679
Source radius 24/96: r=1.8737668
Source radius 25/96: r=1.9994932
Source radius 26/96: r=2.1468581
Source radius 27/96: r=2.3109623
Source radius 28/96: r=2.4830617
Source radius 29/96: r=2.6508643
Source radius 30/96: r=2.7997434
Source radius 31/96: r=2.9147986
Source radius 32/96: r=2.9834172
Source radius 33/96: r=3.0595652
Source radius 34/96: r=3.3050003
Source radius 35/96: r=3.7117014
Source radius 36/96: r=4.224848
Source radius 37/96: r=4.775152
Source radius 38/96: r=5.2882986
Source radius 39/96: r=5.6949997
Source radius 40/96: r=5.9404348
Source radius 41/96: r=6.1191304
Source radius 42/96: r=6.6100006
Source radius 43/96: r=7.4234028
Source radius 44/96: r=8.4496961
Source radius 45/96: r=9.5503039
Source radius 46/96: r=10.576597
Source radius 47/96: r=11.389999
Source radius 48/96: r=11.88087
Source radius 49/96: r=12.158841
Source radius 50/96: r=12.813334
Source radius 51/96: r=13.89787
Source radius 52/96: r=15.266261
Source radius 53/96: r=16.733739
Source radius 54/96: r=18.10213
Source radius 55/96: r=19.186666
Source radius 56/96: r=19.841159
Source radius 57/96: r=20.397101
Source radius 58/96: r=22.033335
Source radius 59/96: r=24.744676
Source radius 60/96: r=28.165654
Source radius 61/96: r=31.834346
Source radius 62/96: r=35.255324
Source radius 63/96: r=37.966665
Source radius 64/96: r=39.602899
Source radius 65/96: r=40.041696
Source radius 66/96: r=40.2135
Source radius 67/96: r=40.498191
Source radius 68/96: r=40.857394
Source radius 69/96: r=41.242606
Source radius 70/96: r=41.601809
Source radius 71/96: r=41.8865
Source radius 72/96: r=42.058304
Source radius 73/96: r=42.852507
Source radius 74/96: r=45.95317
Source radius 75/96: r=51.091161
Source radius 76/96: r=57.573914
Source radius 77/96: r=64.526086
Source radius 78/96: r=71.008839
Source radius 79/96: r=76.14683
Source radius 80/96: r=79.247493
Source radius 81/96: r=81.588406
Source radius 82/96: r=88.133341
Source radius 83/96: r=98.978704
Source radius 84/96: r=112.66261
Source radius 85/96: r=127.33739
Source radius 86/96: r=141.0213
Source radius 87/96: r=151.86666
Source radius 88/96: r=158.41159
Source radius 89/96: r=163.17681
Source radius 90/96: r=176.26668
Source radius 91/96: r=197.95741
Source radius 92/96: r=225.32523
Source radius 93/96: r=254.67477
Source radius 94/96: r=282.04259
Source radius 95/96: r=303.73332
Source radius 96/96: r=316.82319
{"status": "truncated_single_mode_not_converged", "z_inf": [0.0, 0.0], "z_h": [-8.824656296838646e-09, 5.545305649128273e-09], "flux": {"infinity": {"charge": 0.0, "wave_energy": 0.0, "orbital_energy": -0.0, "orbital_angular_momentum": -0.0}, "horizon": {"charge": 3.764290625133904e-16, "wave_energy": 1.0878614296551031e-16, "orbital_energy": -2.747246788771686e-18, "orbital_angular_momentum": -7.528581250267808e-16}}, "wronskian_relative_spread": 4.5614612087535355e-10}
ORBIT 42.1 SCALAR (5, -1) COMPLETE
ORBIT 42.1 MG 3 PRECOMPUTE START (96 radii)
Metric radii 1/96 saved
Metric radii 2/96 saved
Metric radii 3/96 saved
Metric radii 4/96 saved
Metric radii 5/96 saved
Metric radii 6/96 saved
Metric radii 7/96 saved
Metric radii 8/96 saved
Metric radii 9/96 saved
Metric radii 10/96 saved
Metric radii 11/96 saved
Metric radii 12/96 saved
Metric radii 13/96 saved
Metric radii 14/96 saved
Metric radii 15/96 saved
Metric radii 16/96 saved
Metric radii 17/96 saved
Metric radii 18/96 saved
Metric radii 19/96 saved
Metric radii 20/96 saved
Metric radii 21/96 saved
Metric radii 22/96 saved
Metric radii 23/96 saved
Metric radii 24/96 saved
Metric radii 25/96 saved
Metric radii 26/96 saved
Metric radii 27/96 saved
Metric radii 28/96 saved
Metric radii 29/96 saved
Metric radii 30/96 saved
Metric radii 31/96 saved
Metric radii 32/96 saved
Metric radii 33/96 saved
Metric radii 34/96 saved
Metric radii 35/96 saved
Metric radii 36/96 saved
Metric radii 37/96 saved
Metric radii 38/96 saved
Metric radii 39/96 saved
Metric radii 40/96 saved
Metric radii 41/96 saved
Metric radii 42/96 saved
Metric radii 43/96 saved
Metric radii 44/96 saved
Metric radii 45/96 saved
Metric radii 46/96 saved
Metric radii 47/96 saved
Metric radii 48/96 saved
Metric radii 49/96 saved
Metric radii 50/96 saved
Metric radii 51/96 saved
Metric radii 52/96 saved
Metric radii 53/96 saved
Metric radii 54/96 saved
Metric radii 55/96 saved
Metric radii 56/96 saved
Metric radii 57/96 saved
Metric radii 58/96 saved
Metric radii 59/96 saved
Metric radii 60/96 saved
Metric radii 61/96 saved
Metric radii 62/96 saved
Metric radii 63/96 saved
Metric radii 64/96 saved
Metric radii 65/96 saved
Metric radii 66/96 saved
Metric radii 67/96 saved
Metric radii 68/96 saved
Metric radii 69/96 saved
Metric radii 70/96 saved
Metric radii 71/96 saved
Metric radii 72/96 saved
Metric radii 73/96 saved
Metric radii 74/96 saved
Metric radii 75/96 saved
Metric radii 76/96 saved
Metric radii 77/96 saved
Metric radii 78/96 saved
Metric radii 79/96 saved
Metric radii 80/96 saved
Metric radii 81/96 saved
Metric radii 82/96 saved
Metric radii 83/96 saved
Metric radii 84/96 saved
Metric radii 85/96 saved
Metric radii 86/96 saved
Metric radii 87/96 saved
Metric radii 88/96 saved
Metric radii 89/96 saved
Metric radii 90/96 saved
Metric radii 91/96 saved
Metric radii 92/96 saved
Metric radii 93/96 saved
Metric radii 94/96 saved
Metric radii 95/96 saved
Metric radii 96/96 saved
ORBIT 42.1 SCALAR (4, 4) START
Source radius 1/96: r=1.4807165
Source radius 2/96: r=1.4807407
Source radius 3/96: r=1.4807868
Source radius 4/96: r=1.4808601
Source radius 5/96: r=1.4809687
Source radius 6/96: r=1.4811257
Source radius 7/96: r=1.4813508
Source radius 8/96: r=1.4816743
Source radius 9/96: r=1.4821418
Source radius 10/96: r=1.4828227
Source radius 11/96: r=1.4838222
Source radius 12/96: r=1.4853
Source radius 13/96: r=1.4874964
Source radius 14/96: r=1.4907714
Source radius 15/96: r=1.4956561
Source radius 16/96: r=1.5029229
Source radius 17/96: r=1.513669
Source radius 18/96: r=1.5294105
Source radius 19/96: r=1.552168
Source radius 20/96: r=1.5845135
Source radius 21/96: r=1.6295319
Source radius 22/96: r=1.6906351
Source radius 23/96: r=1.7711679
Source radius 24/96: r=1.8737668
Source radius 25/96: r=1.9994932
Source radius 26/96: r=2.1468581
Source radius 27/96: r=2.3109623
Source radius 28/96: r=2.4830617
Source radius 29/96: r=2.6508643
Source radius 30/96: r=2.7997434
Source radius 31/96: r=2.9147986
Source radius 32/96: r=2.9834172
Source radius 33/96: r=3.0595652
Source radius 34/96: r=3.3050003
Source radius 35/96: r=3.7117014
Source radius 36/96: r=4.224848
Source radius 37/96: r=4.775152
Source radius 38/96: r=5.2882986
Source radius 39/96: r=5.6949997
Source radius 40/96: r=5.9404348
Source radius 41/96: r=6.1191304
Source radius 42/96: r=6.6100006
Source radius 43/96: r=7.4234028
Source radius 44/96: r=8.4496961
Source radius 45/96: r=9.5503039
Source radius 46/96: r=10.576597
Source radius 47/96: r=11.389999
Source radius 48/96: r=11.88087
Source radius 49/96: r=12.158841
Source radius 50/96: r=12.813334
Source radius 51/96: r=13.89787
Source radius 52/96: r=15.266261
Source radius 53/96: r=16.733739
Source radius 54/96: r=18.10213
Source radius 55/96: r=19.186666
Source radius 56/96: r=19.841159
Source radius 57/96: r=20.397101
Source radius 58/96: r=22.033335
Source radius 59/96: r=24.744676
Source radius 60/96: r=28.165654
Source radius 61/96: r=31.834346
Source radius 62/96: r=35.255324
Source radius 63/96: r=37.966665
Source radius 64/96: r=39.602899
Source radius 65/96: r=40.041696
Source radius 66/96: r=40.2135
Source radius 67/96: r=40.498191
Source radius 68/96: r=40.857394
Source radius 69/96: r=41.242606
Source radius 70/96: r=41.601809
Source radius 71/96: r=41.8865
Source radius 72/96: r=42.058304
Source radius 73/96: r=42.852507
Source radius 74/96: r=45.95317
Source radius 75/96: r=51.091161
Source radius 76/96: r=57.573914
Source radius 77/96: r=64.526086
Source radius 78/96: r=71.008839
Source radius 79/96: r=76.14683
Source radius 80/96: r=79.247493
Source radius 81/96: r=81.588406
Source radius 82/96: r=88.133341
Source radius 83/96: r=98.978704
Source radius 84/96: r=112.66261
Source radius 85/96: r=127.33739
Source radius 86/96: r=141.0213
Source radius 87/96: r=151.86666
Source radius 88/96: r=158.41159
Source radius 89/96: r=163.17681
Source radius 90/96: r=176.26668
Source radius 91/96: r=197.95741
Source radius 92/96: r=225.32523
Source radius 93/96: r=254.67477
Source radius 94/96: r=282.04259
Source radius 95/96: r=303.73332
Source radius 96/96: r=316.82319
{"status": "truncated_single_mode_not_converged", "z_inf": [-0.021953919843423746, -0.04779461812846148], "z_h": [3.2377485120644237e-09, -1.6263795521688302e-10], "flux": {"infinity": {"charge": 0.00036685501733136103, "wave_energy": 0.00011271272534193837, "orbital_energy": 4.016060535731806e-06, "orbital_angular_momentum": 0.001100565051994083}, "horizon": {"charge": -5.462926949458961e-17, "wave_energy": -1.678432502563469e-17, "orbital_energy": -5.980413050066347e-19, "orbital_angular_momentum": -1.6388780848376882e-16}}, "wronskian_relative_spread": 1.6519292278997221e-10}
ORBIT 42.1 SCALAR (4, 4) COMPLETE
ORBIT 42.1 SCALAR (2, -2) START
Source radius 1/96: r=1.4807165
Source radius 2/96: r=1.4807407
Source radius 3/96: r=1.4807868
Source radius 4/96: r=1.4808601
Source radius 5/96: r=1.4809687
Source radius 6/96: r=1.4811257
Source radius 7/96: r=1.4813508
Source radius 8/96: r=1.4816743
Source radius 9/96: r=1.4821418
Source radius 10/96: r=1.4828227
Source radius 11/96: r=1.4838222
Source radius 12/96: r=1.4853
Source radius 13/96: r=1.4874964
Source radius 14/96: r=1.4907714
Source radius 15/96: r=1.4956561
Source radius 16/96: r=1.5029229
Source radius 17/96: r=1.513669
Source radius 18/96: r=1.5294105
Source radius 19/96: r=1.552168
Source radius 20/96: r=1.5845135
Source radius 21/96: r=1.6295319
Source radius 22/96: r=1.6906351
Source radius 23/96: r=1.7711679
Source radius 24/96: r=1.8737668
Source radius 25/96: r=1.9994932
Source radius 26/96: r=2.1468581
Source radius 27/96: r=2.3109623
Source radius 28/96: r=2.4830617
Source radius 29/96: r=2.6508643
Source radius 30/96: r=2.7997434
Source radius 31/96: r=2.9147986
Source radius 32/96: r=2.9834172
Source radius 33/96: r=3.0595652
Source radius 34/96: r=3.3050003
Source radius 35/96: r=3.7117014
Source radius 36/96: r=4.224848
Source radius 37/96: r=4.775152
Source radius 38/96: r=5.2882986
Source radius 39/96: r=5.6949997
Source radius 40/96: r=5.9404348
Source radius 41/96: r=6.1191304
Source radius 42/96: r=6.6100006
Source radius 43/96: r=7.4234028
Source radius 44/96: r=8.4496961
Source radius 45/96: r=9.5503039
Source radius 46/96: r=10.576597
Source radius 47/96: r=11.389999
Source radius 48/96: r=11.88087
Source radius 49/96: r=12.158841
Source radius 50/96: r=12.813334
Source radius 51/96: r=13.89787
Source radius 52/96: r=15.266261
Source radius 53/96: r=16.733739
Source radius 54/96: r=18.10213
Source radius 55/96: r=19.186666
Source radius 56/96: r=19.841159
Source radius 57/96: r=20.397101
Source radius 58/96: r=22.033335
Source radius 59/96: r=24.744676
Source radius 60/96: r=28.165654
Source radius 61/96: r=31.834346
Source radius 62/96: r=35.255324
Source radius 63/96: r=37.966665
Source radius 64/96: r=39.602899
Source radius 65/96: r=40.041696
Source radius 66/96: r=40.2135
Source radius 67/96: r=40.498191
Source radius 68/96: r=40.857394
Source radius 69/96: r=41.242606
Source radius 70/96: r=41.601809
Source radius 71/96: r=41.8865
Source radius 72/96: r=42.058304
Source radius 73/96: r=42.852507
Source radius 74/96: r=45.95317
Source radius 75/96: r=51.091161
Source radius 76/96: r=57.573914
Source radius 77/96: r=64.526086
Source radius 78/96: r=71.008839
Source radius 79/96: r=76.14683
Source radius 80/96: r=79.247493
Source radius 81/96: r=81.588406
Source radius 82/96: r=88.133341
Source radius 83/96: r=98.978704
Source radius 84/96: r=112.66261
Source radius 85/96: r=127.33739
Source radius 86/96: r=141.0213
Source radius 87/96: r=151.86666
Source radius 88/96: r=158.41159
Source radius 89/96: r=163.17681
Source radius 90/96: r=176.26668
Source radius 91/96: r=197.95741
Source radius 92/96: r=225.32523
Source radius 93/96: r=254.67477
Source radius 94/96: r=282.04259
Source radius 95/96: r=303.73332
Source radius 96/96: r=316.82319
{"status": "truncated_single_mode_not_converged", "z_inf": [0.0, 0.0], "z_h": [1.9742850824812085e-06, 4.8207263034075885e-06], "flux": {"infinity": {"charge": 0.0, "wave_energy": 0.0, "orbital_energy": -0.0, "orbital_angular_momentum": -0.0}, "horizon": {"charge": 1.4106192817983956e-10, "wave_energy": 4.0251454072621155e-11, "orbital_energy": -1.544242864601702e-12, "orbital_angular_momentum": -4.231857845395187e-10}}, "wronskian_relative_spread": 6.636494824630493e-11}
ORBIT 42.1 SCALAR (2, -2) COMPLETE
ORBIT 42.1 SCALAR (4, -2) START
Source radius 1/96: r=1.4807165
Source radius 2/96: r=1.4807407
Source radius 3/96: r=1.4807868
Source radius 4/96: r=1.4808601
Source radius 5/96: r=1.4809687
Source radius 6/96: r=1.4811257
Source radius 7/96: r=1.4813508
Source radius 8/96: r=1.4816743
Source radius 9/96: r=1.4821418
Source radius 10/96: r=1.4828227
Source radius 11/96: r=1.4838222
Source radius 12/96: r=1.4853
Source radius 13/96: r=1.4874964
Source radius 14/96: r=1.4907714
Source radius 15/96: r=1.4956561
Source radius 16/96: r=1.5029229
Source radius 17/96: r=1.513669
Source radius 18/96: r=1.5294105
Source radius 19/96: r=1.552168
Source radius 20/96: r=1.5845135
Source radius 21/96: r=1.6295319
Source radius 22/96: r=1.6906351
Source radius 23/96: r=1.7711679
Source radius 24/96: r=1.8737668
Source radius 25/96: r=1.9994932
Source radius 26/96: r=2.1468581
Source radius 27/96: r=2.3109623
Source radius 28/96: r=2.4830617
Source radius 29/96: r=2.6508643
Source radius 30/96: r=2.7997434
Source radius 31/96: r=2.9147986
Source radius 32/96: r=2.9834172
Source radius 33/96: r=3.0595652
Source radius 34/96: r=3.3050003
Source radius 35/96: r=3.7117014
Source radius 36/96: r=4.224848
Source radius 37/96: r=4.775152
Source radius 38/96: r=5.2882986
Source radius 39/96: r=5.6949997
Source radius 40/96: r=5.9404348
Source radius 41/96: r=6.1191304
Source radius 42/96: r=6.6100006
Source radius 43/96: r=7.4234028
Source radius 44/96: r=8.4496961
Source radius 45/96: r=9.5503039
Source radius 46/96: r=10.576597
Source radius 47/96: r=11.389999
Source radius 48/96: r=11.88087
Source radius 49/96: r=12.158841
Source radius 50/96: r=12.813334
Source radius 51/96: r=13.89787
Source radius 52/96: r=15.266261
Source radius 53/96: r=16.733739
Source radius 54/96: r=18.10213
Source radius 55/96: r=19.186666
Source radius 56/96: r=19.841159
Source radius 57/96: r=20.397101
Source radius 58/96: r=22.033335
Source radius 59/96: r=24.744676
Source radius 60/96: r=28.165654
Source radius 61/96: r=31.834346
Source radius 62/96: r=35.255324
Source radius 63/96: r=37.966665
Source radius 64/96: r=39.602899
Source radius 65/96: r=40.041696
Source radius 66/96: r=40.2135
Source radius 67/96: r=40.498191
Source radius 68/96: r=40.857394
Source radius 69/96: r=41.242606
Source radius 70/96: r=41.601809
Source radius 71/96: r=41.8865
Source radius 72/96: r=42.058304
Source radius 73/96: r=42.852507
Source radius 74/96: r=45.95317
Source radius 75/96: r=51.091161
Source radius 76/96: r=57.573914
Source radius 77/96: r=64.526086
Source radius 78/96: r=71.008839
Source radius 79/96: r=76.14683
Source radius 80/96: r=79.247493
Source radius 81/96: r=81.588406
Source radius 82/96: r=88.133341
Source radius 83/96: r=98.978704
Source radius 84/96: r=112.66261
Source radius 85/96: r=127.33739
Source radius 86/96: r=141.0213
Source radius 87/96: r=151.86666
Source radius 88/96: r=158.41159
Source radius 89/96: r=163.17681
Source radius 90/96: r=176.26668
Source radius 91/96: r=197.95741
Source radius 92/96: r=225.32523
Source radius 93/96: r=254.67477
Source radius 94/96: r=282.04259
Source radius 95/96: r=303.73332
Source radius 96/96: r=316.82319
{"status": "truncated_single_mode_not_converged", "z_inf": [0.0, 0.0], "z_h": [-3.155117075702645e-10, -1.5278854598835844e-10], "flux": {"infinity": {"charge": 0.0, "wave_energy": 0.0, "orbital_energy": -0.0, "orbital_angular_momentum": -0.0}, "horizon": {"charge": 6.388049223729038e-19, "wave_energy": 1.822804163110264e-19, "orbital_energy": -6.993169283700365e-21, "orbital_angular_momentum": -1.9164147671187117e-18}}, "wronskian_relative_spread": 1.158862826104666e-10}
ORBIT 42.1 SCALAR (4, -2) COMPLETE
ORBIT 42.1 MG 4 PRECOMPUTE START (96 radii)
Metric radii 1/96 saved
Metric radii 2/96 saved
Metric radii 3/96 saved
Metric radii 4/96 saved
Metric radii 5/96 saved
Metric radii 6/96 saved
Metric radii 7/96 saved
Metric radii 8/96 saved
Metric radii 9/96 saved
Metric radii 10/96 saved
Metric radii 11/96 saved
Metric radii 12/96 saved
Metric radii 13/96 saved
Metric radii 14/96 saved
Metric radii 15/96 saved
Metric radii 16/96 saved
Metric radii 17/96 saved
Metric radii 18/96 saved
Metric radii 19/96 saved
Metric radii 20/96 saved
Metric radii 21/96 saved
Metric radii 22/96 saved
Metric radii 23/96 saved
Metric radii 24/96 saved
Metric radii 25/96 saved
Metric radii 26/96 saved
Metric radii 27/96 saved
Metric radii 28/96 saved
Metric radii 29/96 saved
Metric radii 30/96 saved
Metric radii 31/96 saved
Metric radii 32/96 saved
Metric radii 33/96 saved
Metric radii 34/96 saved
Metric radii 35/96 saved
Metric radii 36/96 saved
Metric radii 37/96 saved
Metric radii 38/96 saved
Metric radii 39/96 saved
Metric radii 40/96 saved
Metric radii 41/96 saved
Metric radii 42/96 saved
Metric radii 43/96 saved
Metric radii 44/96 saved
Metric radii 45/96 saved
Metric radii 46/96 saved
Metric radii 47/96 saved
Metric radii 48/96 saved
Metric radii 49/96 saved
Metric radii 50/96 saved
Metric radii 51/96 saved
Metric radii 52/96 saved
Metric radii 53/96 saved
Metric radii 54/96 saved
Metric radii 55/96 saved
Metric radii 56/96 saved
Metric radii 57/96 saved
Metric radii 58/96 saved
Metric radii 59/96 saved
Metric radii 60/96 saved
Metric radii 61/96 saved
Metric radii 62/96 saved
Metric radii 63/96 saved
Metric radii 64/96 saved
Metric radii 65/96 saved
Metric radii 66/96 saved
Metric radii 67/96 saved
Metric radii 68/96 saved
Metric radii 69/96 saved
Metric radii 70/96 saved
Metric radii 71/96 saved
Metric radii 72/96 saved
Metric radii 73/96 saved
Metric radii 74/96 saved
Metric radii 75/96 saved
Metric radii 76/96 saved
Metric radii 77/96 saved
Metric radii 78/96 saved
Metric radii 79/96 saved
Metric radii 80/96 saved
Metric radii 81/96 saved
Metric radii 82/96 saved
Metric radii 83/96 saved
Metric radii 84/96 saved
Metric radii 85/96 saved
Metric radii 86/96 saved
Metric radii 87/96 saved
Metric radii 88/96 saved
Metric radii 89/96 saved
Metric radii 90/96 saved
Metric radii 91/96 saved
Metric radii 92/96 saved
Metric radii 93/96 saved
Metric radii 94/96 saved
Metric radii 95/96 saved
Metric radii 96/96 saved
ORBIT 42.1 SCALAR (5, 5) START
Source radius 1/96: r=1.4807165
Source radius 2/96: r=1.4807407
Source radius 3/96: r=1.4807868
Source radius 4/96: r=1.4808601
Source radius 5/96: r=1.4809687
Source radius 6/96: r=1.4811257
Source radius 7/96: r=1.4813508
Source radius 8/96: r=1.4816743
Source radius 9/96: r=1.4821418
Source radius 10/96: r=1.4828227
Source radius 11/96: r=1.4838222
Source radius 12/96: r=1.4853
Source radius 13/96: r=1.4874964
Source radius 14/96: r=1.4907714
Source radius 15/96: r=1.4956561
Source radius 16/96: r=1.5029229
Source radius 17/96: r=1.513669
Source radius 18/96: r=1.5294105
Source radius 19/96: r=1.552168
Source radius 20/96: r=1.5845135
Source radius 21/96: r=1.6295319
Source radius 22/96: r=1.6906351
Source radius 23/96: r=1.7711679
Source radius 24/96: r=1.8737668
Source radius 25/96: r=1.9994932
Source radius 26/96: r=2.1468581
Source radius 27/96: r=2.3109623
Source radius 28/96: r=2.4830617
Source radius 29/96: r=2.6508643
Source radius 30/96: r=2.7997434
Source radius 31/96: r=2.9147986
Source radius 32/96: r=2.9834172
Source radius 33/96: r=3.0595652
Source radius 34/96: r=3.3050003
Source radius 35/96: r=3.7117014
Source radius 36/96: r=4.224848
Source radius 37/96: r=4.775152
Source radius 38/96: r=5.2882986
Source radius 39/96: r=5.6949997
Source radius 40/96: r=5.9404348
Source radius 41/96: r=6.1191304
Source radius 42/96: r=6.6100006
Source radius 43/96: r=7.4234028
Source radius 44/96: r=8.4496961
Source radius 45/96: r=9.5503039
Source radius 46/96: r=10.576597
Source radius 47/96: r=11.389999
Source radius 48/96: r=11.88087
Source radius 49/96: r=12.158841
Source radius 50/96: r=12.813334
Source radius 51/96: r=13.89787
Source radius 52/96: r=15.266261
Source radius 53/96: r=16.733739
Source radius 54/96: r=18.10213
Source radius 55/96: r=19.186666
Source radius 56/96: r=19.841159
Source radius 57/96: r=20.397101
Source radius 58/96: r=22.033335
Source radius 59/96: r=24.744676
Source radius 60/96: r=28.165654
Source radius 61/96: r=31.834346
Source radius 62/96: r=35.255324
Source radius 63/96: r=37.966665
Source radius 64/96: r=39.602899
Source radius 65/96: r=40.041696
Source radius 66/96: r=40.2135
Source radius 67/96: r=40.498191
Source radius 68/96: r=40.857394
Source radius 69/96: r=41.242606
Source radius 70/96: r=41.601809
Source radius 71/96: r=41.8865
Source radius 72/96: r=42.058304
Source radius 73/96: r=42.852507
Source radius 74/96: r=45.95317
Source radius 75/96: r=51.091161
Source radius 76/96: r=57.573914
Source radius 77/96: r=64.526086
Source radius 78/96: r=71.008839
Source radius 79/96: r=76.14683
Source radius 80/96: r=79.247493
Source radius 81/96: r=81.588406
Source radius 82/96: r=88.133341
Source radius 83/96: r=98.978704
Source radius 84/96: r=112.66261
Source radius 85/96: r=127.33739
Source radius 86/96: r=141.0213
Source radius 87/96: r=151.86666
Source radius 88/96: r=158.41159
Source radius 89/96: r=163.17681
Source radius 90/96: r=176.26668
Source radius 91/96: r=197.95741
Source radius 92/96: r=225.32523
Source radius 93/96: r=254.67477
Source radius 94/96: r=282.04259
Source radius 95/96: r=303.73332
Source radius 96/96: r=316.82319
{"status": "truncated_single_mode_not_converged", "z_inf": [0.021123810946656378, 0.008028062656520694], "z_h": [-7.862806001358767e-12, -3.372441362524218e-11], "flux": {"infinity": {"charge": 8.330167111183743e-05, "wave_energy": 2.5897623799638e-05, "orbital_energy": 1.2159010621193458e-06, "orbital_angular_momentum": 0.0003332066844473497}, "horizon": {"charge": -8.31113844233784e-21, "wave_energy": -2.583846564583368e-21, "orbital_energy": -1.2131235693810083e-22, "orbital_angular_momentum": -3.324455376935136e-20}}, "wronskian_relative_spread": 4.8780467579902e-11}
ORBIT 42.1 SCALAR (5, 5) COMPLETE
ORBIT 42.1 SCALAR (3, -3) START
Source radius 1/96: r=1.4807165
Source radius 2/96: r=1.4807407
Source radius 3/96: r=1.4807868
Source radius 4/96: r=1.4808601
Source radius 5/96: r=1.4809687
Source radius 6/96: r=1.4811257
Source radius 7/96: r=1.4813508
Source radius 8/96: r=1.4816743
Source radius 9/96: r=1.4821418
Source radius 10/96: r=1.4828227
Source radius 11/96: r=1.4838222
Source radius 12/96: r=1.4853
Source radius 13/96: r=1.4874964
Source radius 14/96: r=1.4907714
Source radius 15/96: r=1.4956561
Source radius 16/96: r=1.5029229
Source radius 17/96: r=1.513669
Source radius 18/96: r=1.5294105
Source radius 19/96: r=1.552168
Source radius 20/96: r=1.5845135
Source radius 21/96: r=1.6295319
Source radius 22/96: r=1.6906351
Source radius 23/96: r=1.7711679
Source radius 24/96: r=1.8737668
Source radius 25/96: r=1.9994932
Source radius 26/96: r=2.1468581
Source radius 27/96: r=2.3109623
Source radius 28/96: r=2.4830617
Source radius 29/96: r=2.6508643
Source radius 30/96: r=2.7997434
Source radius 31/96: r=2.9147986
Source radius 32/96: r=2.9834172
Source radius 33/96: r=3.0595652
Source radius 34/96: r=3.3050003
Source radius 35/96: r=3.7117014
Source radius 36/96: r=4.224848
Source radius 37/96: r=4.775152
Source radius 38/96: r=5.2882986
Source radius 39/96: r=5.6949997
Source radius 40/96: r=5.9404348
Source radius 41/96: r=6.1191304
Source radius 42/96: r=6.6100006
Source radius 43/96: r=7.4234028
Source radius 44/96: r=8.4496961
Source radius 45/96: r=9.5503039
Source radius 46/96: r=10.576597
Source radius 47/96: r=11.389999
Source radius 48/96: r=11.88087
Source radius 49/96: r=12.158841
Source radius 50/96: r=12.813334
Source radius 51/96: r=13.89787
Source radius 52/96: r=15.266261
Source radius 53/96: r=16.733739
Source radius 54/96: r=18.10213
Source radius 55/96: r=19.186666
Source radius 56/96: r=19.841159
Source radius 57/96: r=20.397101
Source radius 58/96: r=22.033335
Source radius 59/96: r=24.744676
Source radius 60/96: r=28.165654
Source radius 61/96: r=31.834346
Source radius 62/96: r=35.255324
Source radius 63/96: r=37.966665
Source radius 64/96: r=39.602899
Source radius 65/96: r=40.041696
Source radius 66/96: r=40.2135
Source radius 67/96: r=40.498191
Source radius 68/96: r=40.857394
Source radius 69/96: r=41.242606
Source radius 70/96: r=41.601809
Source radius 71/96: r=41.8865
Source radius 72/96: r=42.058304
Source radius 73/96: r=42.852507
Source radius 74/96: r=45.95317
Source radius 75/96: r=51.091161
Source radius 76/96: r=57.573914
Source radius 77/96: r=64.526086
Source radius 78/96: r=71.008839
Source radius 79/96: r=76.14683
Source radius 80/96: r=79.247493
Source radius 81/96: r=81.588406
Source radius 82/96: r=88.133341
Source radius 83/96: r=98.978704
Source radius 84/96: r=112.66261
Source radius 85/96: r=127.33739
Source radius 86/96: r=141.0213
Source radius 87/96: r=151.86666
Source radius 88/96: r=158.41159
Source radius 89/96: r=163.17681
Source radius 90/96: r=176.26668
Source radius 91/96: r=197.95741
Source radius 92/96: r=225.32523
Source radius 93/96: r=254.67477
Source radius 94/96: r=282.04259
Source radius 95/96: r=303.73332
Source radius 96/96: r=316.82319
{"status": "truncated_single_mode_not_converged", "z_inf": [0.0, 0.0], "z_h": [7.016569058571891e-08, -1.4338493609079999e-08], "flux": {"infinity": {"charge": 0.0, "wave_energy": 0.0, "orbital_energy": -0.0, "orbital_angular_momentum": -0.0}, "horizon": {"charge": 3.5546809129215483e-14, "wave_energy": 1.0013425577450312e-14, "orbital_energy": -5.188539725348303e-16, "orbital_angular_momentum": -1.4218723651686193e-13}}, "wronskian_relative_spread": 3.4753062932051423e-11}
ORBIT 42.1 SCALAR (3, -3) COMPLETE
ORBIT 42.1 SCALAR (5, -3) START
Source radius 1/96: r=1.4807165
Source radius 2/96: r=1.4807407
Source radius 3/96: r=1.4807868
Source radius 4/96: r=1.4808601
Source radius 5/96: r=1.4809687
Source radius 6/96: r=1.4811257
Source radius 7/96: r=1.4813508
Source radius 8/96: r=1.4816743
Source radius 9/96: r=1.4821418
Source radius 10/96: r=1.4828227
Source radius 11/96: r=1.4838222
Source radius 12/96: r=1.4853
Source radius 13/96: r=1.4874964
Source radius 14/96: r=1.4907714
Source radius 15/96: r=1.4956561
Source radius 16/96: r=1.5029229
Source radius 17/96: r=1.513669
Source radius 18/96: r=1.5294105
Source radius 19/96: r=1.552168
Source radius 20/96: r=1.5845135
Source radius 21/96: r=1.6295319
Source radius 22/96: r=1.6906351
Source radius 23/96: r=1.7711679
Source radius 24/96: r=1.8737668
Source radius 25/96: r=1.9994932
Source radius 26/96: r=2.1468581
Source radius 27/96: r=2.3109623
Source radius 28/96: r=2.4830617
Source radius 29/96: r=2.6508643
Source radius 30/96: r=2.7997434
Source radius 31/96: r=2.9147986
Source radius 32/96: r=2.9834172
Source radius 33/96: r=3.0595652
Source radius 34/96: r=3.3050003
Source radius 35/96: r=3.7117014
Source radius 36/96: r=4.224848
Source radius 37/96: r=4.775152
Source radius 38/96: r=5.2882986
Source radius 39/96: r=5.6949997
Source radius 40/96: r=5.9404348
Source radius 41/96: r=6.1191304
Source radius 42/96: r=6.6100006
Source radius 43/96: r=7.4234028
Source radius 44/96: r=8.4496961
Source radius 45/96: r=9.5503039
Source radius 46/96: r=10.576597
Source radius 47/96: r=11.389999
Source radius 48/96: r=11.88087
Source radius 49/96: r=12.158841
Source radius 50/96: r=12.813334
Source radius 51/96: r=13.89787
Source radius 52/96: r=15.266261
Source radius 53/96: r=16.733739
Source radius 54/96: r=18.10213
Source radius 55/96: r=19.186666
Source radius 56/96: r=19.841159
Source radius 57/96: r=20.397101
Source radius 58/96: r=22.033335
Source radius 59/96: r=24.744676
Source radius 60/96: r=28.165654
Source radius 61/96: r=31.834346
Source radius 62/96: r=35.255324
Source radius 63/96: r=37.966665
Source radius 64/96: r=39.602899
Source radius 65/96: r=40.041696
Source radius 66/96: r=40.2135
Source radius 67/96: r=40.498191
Source radius 68/96: r=40.857394
Source radius 69/96: r=41.242606
Source radius 70/96: r=41.601809
Source radius 71/96: r=41.8865
Source radius 72/96: r=42.058304
Source radius 73/96: r=42.852507
Source radius 74/96: r=45.95317
Source radius 75/96: r=51.091161
Source radius 76/96: r=57.573914
Source radius 77/96: r=64.526086
Source radius 78/96: r=71.008839
Source radius 79/96: r=76.14683
Source radius 80/96: r=79.247493
Source radius 81/96: r=81.588406
Source radius 82/96: r=88.133341
Source radius 83/96: r=98.978704
Source radius 84/96: r=112.66261
Source radius 85/96: r=127.33739
Source radius 86/96: r=141.0213
Source radius 87/96: r=151.86666
Source radius 88/96: r=158.41159
Source radius 89/96: r=163.17681
Source radius 90/96: r=176.26668
Source radius 91/96: r=197.95741
Source radius 92/96: r=225.32523
Source radius 93/96: r=254.67477
Source radius 94/96: r=282.04259
Source radius 95/96: r=303.73332
Source radius 96/96: r=316.82319
{"status": "truncated_single_mode_not_converged", "z_inf": [0.0, 0.0], "z_h": [-1.506974861706005e-12, 3.257845036706035e-12], "flux": {"infinity": {"charge": 0.0, "wave_energy": 0.0, "orbital_energy": -0.0, "orbital_angular_momentum": -0.0}, "horizon": {"charge": 8.930010213852323e-23, "wave_energy": 2.5155561039876346e-23, "orbital_energy": -1.3034563123208088e-24, "orbital_angular_momentum": -3.5720040855409293e-22}}, "wronskian_relative_spread": 1.56059609681056e-10}
ORBIT 42.1 SCALAR (5, -3) COMPLETE
ORBIT 42.1 MG 5 PRECOMPUTE START (96 radii)
ORBIT 42.1 SCALAR (4, -4) START
Source radius 1/96: r=1.4807165
Source radius 2/96: r=1.4807407
Source radius 3/96: r=1.4807868
Source radius 4/96: r=1.4808601
Source radius 5/96: r=1.4809687
Source radius 6/96: r=1.4811257
Source radius 7/96: r=1.4813508
Source radius 8/96: r=1.4816743
Source radius 9/96: r=1.4821418
Source radius 10/96: r=1.4828227
Source radius 11/96: r=1.4838222
Source radius 12/96: r=1.4853
Source radius 13/96: r=1.4874964
Source radius 14/96: r=1.4907714
Source radius 15/96: r=1.4956561
Source radius 16/96: r=1.5029229
Source radius 17/96: r=1.513669
Source radius 18/96: r=1.5294105
Source radius 19/96: r=1.552168
Source radius 20/96: r=1.5845135
Source radius 21/96: r=1.6295319
Source radius 22/96: r=1.6906351
Source radius 23/96: r=1.7711679
Source radius 24/96: r=1.8737668
Source radius 25/96: r=1.9994932
Source radius 26/96: r=2.1468581
Source radius 27/96: r=2.3109623
Source radius 28/96: r=2.4830617
Source radius 29/96: r=2.6508643
Source radius 30/96: r=2.7997434
Source radius 31/96: r=2.9147986
Source radius 32/96: r=2.9834172
Source radius 33/96: r=3.0595652
Source radius 34/96: r=3.3050003
Source radius 35/96: r=3.7117014
Source radius 36/96: r=4.224848
Source radius 37/96: r=4.775152
Source radius 38/96: r=5.2882986
Source radius 39/96: r=5.6949997
Source radius 40/96: r=5.9404348
Source radius 41/96: r=6.1191304
Source radius 42/96: r=6.6100006
Source radius 43/96: r=7.4234028
Source radius 44/96: r=8.4496961
Source radius 45/96: r=9.5503039
Source radius 46/96: r=10.576597
Source radius 47/96: r=11.389999
Source radius 48/96: r=11.88087
Source radius 49/96: r=12.158841
Source radius 50/96: r=12.813334
Source radius 51/96: r=13.89787
Source radius 52/96: r=15.266261
Source radius 53/96: r=16.733739
Source radius 54/96: r=18.10213
Source radius 55/96: r=19.186666
Source radius 56/96: r=19.841159
Source radius 57/96: r=20.397101
Source radius 58/96: r=22.033335
Source radius 59/96: r=24.744676
Source radius 60/96: r=28.165654
Source radius 61/96: r=31.834346
Source radius 62/96: r=35.255324
Source radius 63/96: r=37.966665
Source radius 64/96: r=39.602899
Source radius 65/96: r=40.041696
Source radius 66/96: r=40.2135
Source radius 67/96: r=40.498191
Source radius 68/96: r=40.857394
Source radius 69/96: r=41.242606
Source radius 70/96: r=41.601809
Source radius 71/96: r=41.8865
Source radius 72/96: r=42.058304
Source radius 73/96: r=42.852507
Source radius 74/96: r=45.95317
Source radius 75/96: r=51.091161
Source radius 76/96: r=57.573914
Source radius 77/96: r=64.526086
Source radius 78/96: r=71.008839
Source radius 79/96: r=76.14683
Source radius 80/96: r=79.247493
Source radius 81/96: r=81.588406
Source radius 82/96: r=88.133341
Source radius 83/96: r=98.978704
Source radius 84/96: r=112.66261
Source radius 85/96: r=127.33739
Source radius 86/96: r=141.0213
Source radius 87/96: r=151.86666
Source radius 88/96: r=158.41159
Source radius 89/96: r=163.17681
Source radius 90/96: r=176.26668
Source radius 91/96: r=197.95741
Source radius 92/96: r=225.32523
Source radius 93/96: r=254.67477
Source radius 94/96: r=282.04259
Source radius 95/96: r=303.73332
Source radius 96/96: r=316.82319
{"status": "truncated_single_mode_not_converged", "z_inf": [0.0, 0.0], "z_h": [2.973929522438813e-11, -1.2526785301532252e-09], "flux": {"infinity": {"charge": 0.0, "wave_energy": 0.0, "orbital_energy": -0.0, "orbital_angular_momentum": -0.0}, "horizon": {"charge": 1.36024596106037e-17, "wave_energy": 3.782133972729931e-18, "orbital_energy": -2.4818297261053143e-19, "orbital_angular_momentum": -6.80122980530185e-17}}, "wronskian_relative_spread": 6.006206643150016e-11}
ORBIT 42.1 SCALAR (4, -4) COMPLETE
ORBIT 42.1 MG 6 PRECOMPUTE START (96 radii)
ORBIT 42.1 SCALAR (5, -5) START
Source radius 1/96: r=1.4807165
Source radius 2/96: r=1.4807407
Source radius 3/96: r=1.4807868
Source radius 4/96: r=1.4808601
Source radius 5/96: r=1.4809687
Source radius 6/96: r=1.4811257
Source radius 7/96: r=1.4813508
Source radius 8/96: r=1.4816743
Source radius 9/96: r=1.4821418
Source radius 10/96: r=1.4828227
Source radius 11/96: r=1.4838222
Source radius 12/96: r=1.4853
Source radius 13/96: r=1.4874964
Source radius 14/96: r=1.4907714
Source radius 15/96: r=1.4956561
Source radius 16/96: r=1.5029229
Source radius 17/96: r=1.513669
Source radius 18/96: r=1.5294105
Source radius 19/96: r=1.552168
Source radius 20/96: r=1.5845135
Source radius 21/96: r=1.6295319
Source radius 22/96: r=1.6906351
Source radius 23/96: r=1.7711679
Source radius 24/96: r=1.8737668
Source radius 25/96: r=1.9994932
Source radius 26/96: r=2.1468581
Source radius 27/96: r=2.3109623
Source radius 28/96: r=2.4830617
Source radius 29/96: r=2.6508643
Source radius 30/96: r=2.7997434
Source radius 31/96: r=2.9147986
Source radius 32/96: r=2.9834172
Source radius 33/96: r=3.0595652
Source radius 34/96: r=3.3050003
Source radius 35/96: r=3.7117014
Source radius 36/96: r=4.224848
Source radius 37/96: r=4.775152
Source radius 38/96: r=5.2882986
Source radius 39/96: r=5.6949997
Source radius 40/96: r=5.9404348
Source radius 41/96: r=6.1191304
Source radius 42/96: r=6.6100006
Source radius 43/96: r=7.4234028
Source radius 44/96: r=8.4496961
Source radius 45/96: r=9.5503039
Source radius 46/96: r=10.576597
Source radius 47/96: r=11.389999
Source radius 48/96: r=11.88087
Source radius 49/96: r=12.158841
Source radius 50/96: r=12.813334
Source radius 51/96: r=13.89787
Source radius 52/96: r=15.266261
Source radius 53/96: r=16.733739
Source radius 54/96: r=18.10213
Source radius 55/96: r=19.186666
Source radius 56/96: r=19.841159
Source radius 57/96: r=20.397101
Source radius 58/96: r=22.033335
Source radius 59/96: r=24.744676
Source radius 60/96: r=28.165654
Source radius 61/96: r=31.834346
Source radius 62/96: r=35.255324
Source radius 63/96: r=37.966665
Source radius 64/96: r=39.602899
Source radius 65/96: r=40.041696
Source radius 66/96: r=40.2135
Source radius 67/96: r=40.498191
Source radius 68/96: r=40.857394
Source radius 69/96: r=41.242606
Source radius 70/96: r=41.601809
Source radius 71/96: r=41.8865
Source radius 72/96: r=42.058304
Source radius 73/96: r=42.852507
Source radius 74/96: r=45.95317
Source radius 75/96: r=51.091161
Source radius 76/96: r=57.573914
Source radius 77/96: r=64.526086
Source radius 78/96: r=71.008839
Source radius 79/96: r=76.14683
Source radius 80/96: r=79.247493
Source radius 81/96: r=81.588406
Source radius 82/96: r=88.133341
Source radius 83/96: r=98.978704
Source radius 84/96: r=112.66261
Source radius 85/96: r=127.33739
Source radius 86/96: r=141.0213
Source radius 87/96: r=151.86666
Source radius 88/96: r=158.41159
Source radius 89/96: r=163.17681
Source radius 90/96: r=176.26668
Source radius 91/96: r=197.95741
Source radius 92/96: r=225.32523
Source radius 93/96: r=254.67477
Source radius 94/96: r=282.04259
Source radius 95/96: r=303.73332
Source radius 96/96: r=316.82319
{"status": "truncated_single_mode_not_converged", "z_inf": [0.0, 0.0], "z_h": [-2.395885566571809e-11, -6.475460003051216e-12], "flux": {"infinity": {"charge": 0.0, "wave_energy": 0.0, "orbital_energy": -0.0, "orbital_angular_momentum": -0.0}, "horizon": {"charge": 6.403627517552241e-21, "wave_energy": 1.757147134011775e-21, "orbital_energy": -1.4020446521814132e-22, "orbital_angular_momentum": -3.8421765105313445e-20}}, "wronskian_relative_spread": 1.9301016340741216e-10}
ORBIT 42.1 SCALAR (5, -5) COMPLETE
