
LAUNCH 2026-09-16T22:15:53.953024+00:00
ORBIT 41.1 MG 1 PRECOMPUTE START (96 radii)
Metric radii 1/96 saved
Metric radii 2/96 saved
Metric radii 3/96 saved
Metric radii 4/96 saved
Metric radii 5/96 saved
Metric radii 6/96 saved
Metric radii 7/96 saved
Metric radii 8/96 saved
Metric radii 9/96 saved
Metric radii 10/96 saved
Metric radii 11/96 saved
Metric radii 12/96 saved
Metric radii 13/96 saved
Metric radii 14/96 saved
Metric radii 15/96 saved
Metric radii 16/96 saved
Metric radii 17/96 saved
Metric radii 18/96 saved
Metric radii 19/96 saved
Metric radii 20/96 saved
Metric radii 21/96 saved
Metric radii 22/96 saved
Metric radii 23/96 saved
Metric radii 24/96 saved
Metric radii 25/96 saved
Metric radii 26/96 saved
Metric radii 27/96 saved
Metric radii 28/96 saved
Metric radii 29/96 saved
Metric radii 30/96 saved
Metric radii 31/96 saved
Metric radii 32/96 saved
Metric radii 33/96 saved
Metric radii 34/96 saved
Metric radii 35/96 saved
Metric radii 36/96 saved
Metric radii 37/96 saved
Metric radii 38/96 saved
Metric radii 39/96 saved
Metric radii 40/96 saved
Metric radii 41/96 saved
Metric radii 42/96 saved
Metric radii 43/96 saved
Metric radii 44/96 saved
Metric radii 45/96 saved
Metric radii 46/96 saved
Metric radii 47/96 saved
Metric radii 48/96 saved
Metric radii 49/96 saved
Metric radii 50/96 saved
Metric radii 51/96 saved
Metric radii 52/96 saved
Metric radii 53/96 saved
Metric radii 54/96 saved
Metric radii 55/96 saved
Metric radii 56/96 saved
Metric radii 57/96 saved
Metric radii 58/96 saved
Metric radii 59/96 saved
Metric radii 60/96 saved
Metric radii 61/96 saved
Metric radii 62/96 saved
Metric radii 63/96 saved
Metric radii 64/96 saved
Metric radii 65/96 saved
Metric radii 66/96 saved
Metric radii 67/96 saved
Metric radii 68/96 saved
Metric radii 69/96 saved
Metric radii 70/96 saved
Metric radii 71/96 saved
Metric radii 72/96 saved
Metric radii 73/96 saved
Metric radii 74/96 saved
Metric radii 75/96 saved
Metric radii 76/96 saved
Metric radii 77/96 saved
Metric radii 78/96 saved
Metric radii 79/96 saved
Metric radii 80/96 saved
Metric radii 81/96 saved
Metric radii 82/96 saved
Metric radii 83/96 saved
Metric radii 84/96 saved
Metric radii 85/96 saved
Metric radii 86/96 saved
Metric radii 87/96 saved
Metric radii 88/96 saved
Metric radii 89/96 saved
Metric radii 90/96 saved
Metric radii 91/96 saved
Metric radii 92/96 saved
Metric radii 93/96 saved
Metric radii 94/96 saved
Metric radii 95/96 saved
Metric radii 96/96 saved
ORBIT 41.1 SCALAR (2, 2) START
Source radius 1/96: r=1.4807165
Source radius 2/96: r=1.4807407
Source radius 3/96: r=1.4807868
Source radius 4/96: r=1.4808601
Source radius 5/96: r=1.4809687
Source radius 6/96: r=1.4811257
Source radius 7/96: r=1.4813508
Source radius 8/96: r=1.4816743
Source radius 9/96: r=1.4821418
Source radius 10/96: r=1.4828227
Source radius 11/96: r=1.4838222
Source radius 12/96: r=1.4853
Source radius 13/96: r=1.4874964
Source radius 14/96: r=1.4907714
Source radius 15/96: r=1.4956561
Source radius 16/96: r=1.5029229
Source radius 17/96: r=1.513669
Source radius 18/96: r=1.5294105
Source radius 19/96: r=1.552168
Source radius 20/96: r=1.5845135
Source radius 21/96: r=1.6295319
Source radius 22/96: r=1.6906351
Source radius 23/96: r=1.7711679
Source radius 24/96: r=1.8737668
Source radius 25/96: r=1.9994932
Source radius 26/96: r=2.1468581
Source radius 27/96: r=2.3109623
Source radius 28/96: r=2.4830617
Source radius 29/96: r=2.6508643
Source radius 30/96: r=2.7997434
Source radius 31/96: r=2.9147986
Source radius 32/96: r=2.9834172
Source radius 33/96: r=3.0595652
Source radius 34/96: r=3.3050003
Source radius 35/96: r=3.7117014
Source radius 36/96: r=4.224848
Source radius 37/96: r=4.775152
Source radius 38/96: r=5.2882986
Source radius 39/96: r=5.6949997
Source radius 40/96: r=5.9404348
Source radius 41/96: r=6.1191304
Source radius 42/96: r=6.6100006
Source radius 43/96: r=7.4234028
Source radius 44/96: r=8.4496961
Source radius 45/96: r=9.5503039
Source radius 46/96: r=10.576597
Source radius 47/96: r=11.389999
Source radius 48/96: r=11.88087
Source radius 49/96: r=12.158841
Source radius 50/96: r=12.813334
Source radius 51/96: r=13.89787
Source radius 52/96: r=15.266261
Source radius 53/96: r=16.733739
Source radius 54/96: r=18.10213
Source radius 55/96: r=19.186666
Source radius 56/96: r=19.841159
Source radius 57/96: r=20.397101
Source radius 58/96: r=22.033335
Source radius 59/96: r=24.744676
Source radius 60/96: r=28.165654
Source radius 61/96: r=31.834346
Source radius 62/96: r=35.255324
Source radius 63/96: r=37.966665
Source radius 64/96: r=39.602899
Source radius 65/96: r=40.021841
Source radius 66/96: r=40.111833
Source radius 67/96: r=40.260957
Source radius 68/96: r=40.449111
Source radius 69/96: r=40.650889
Source radius 70/96: r=40.839043
Source radius 71/96: r=40.988167
Source radius 72/96: r=41.078159
Source radius 73/96: r=41.872362
Source radius 74/96: r=45.054837
Source radius 75/96: r=50.328395
Source radius 76/96: r=56.982196
Source radius 77/96: r=64.117804
Source radius 78/96: r=70.771605
Source radius 79/96: r=76.045163
Source radius 80/96: r=79.227638
Source radius 81/96: r=81.588406
Source radius 82/96: r=88.133341
Source radius 83/96: r=98.978704
Source radius 84/96: r=112.66261
Source radius 85/96: r=127.33739
Source radius 86/96: r=141.0213
Source radius 87/96: r=151.86666
Source radius 88/96: r=158.41159
Source radius 89/96: r=163.17681
Source radius 90/96: r=176.26668
Source radius 91/96: r=197.95741
Source radius 92/96: r=225.32523
Source radius 93/96: r=254.67477
Source radius 94/96: r=282.04259
Source radius 95/96: r=303.73332
Source radius 96/96: r=316.82319
{"status": "truncated_single_mode_not_converged", "z_inf": [-0.4731801781851716, 0.21815902506992377], "z_h": [0.018690123906735932, 0.005120184892421415], "flux": {"infinity": {"charge": 0.003663969513793961, "wave_energy": 0.0010994688719546258, "orbital_energy": 1.3859442381816764e-05, "orbital_angular_momentum": 0.003663969513793961}, "horizon": {"charge": -0.0006503962130545199, "wave_energy": -0.00019516821523718215, "orbital_energy": -2.4602084723262347e-06, "orbital_angular_momentum": -0.0006503962130545199}}, "wronskian_relative_spread": 1.5795161043070043e-10}
ORBIT 41.1 SCALAR (2, 2) COMPLETE
ORBIT 41.1 SCALAR (4, 2) START
Source radius 1/96: r=1.4807165
Source radius 2/96: r=1.4807407
Source radius 3/96: r=1.4807868
Source radius 4/96: r=1.4808601
Source radius 5/96: r=1.4809687
Source radius 6/96: r=1.4811257
Source radius 7/96: r=1.4813508
Source radius 8/96: r=1.4816743
Source radius 9/96: r=1.4821418
Source radius 10/96: r=1.4828227
Source radius 11/96: r=1.4838222
Source radius 12/96: r=1.4853
Source radius 13/96: r=1.4874964
Source radius 14/96: r=1.4907714
Source radius 15/96: r=1.4956561
Source radius 16/96: r=1.5029229
Source radius 17/96: r=1.513669
Source radius 18/96: r=1.5294105
Source radius 19/96: r=1.552168
Source radius 20/96: r=1.5845135
Source radius 21/96: r=1.6295319
Source radius 22/96: r=1.6906351
Source radius 23/96: r=1.7711679
Source radius 24/96: r=1.8737668
Source radius 25/96: r=1.9994932
Source radius 26/96: r=2.1468581
Source radius 27/96: r=2.3109623
Source radius 28/96: r=2.4830617
Source radius 29/96: r=2.6508643
Source radius 30/96: r=2.7997434
Source radius 31/96: r=2.9147986
Source radius 32/96: r=2.9834172
Source radius 33/96: r=3.0595652
Source radius 34/96: r=3.3050003
Source radius 35/96: r=3.7117014
Source radius 36/96: r=4.224848
Source radius 37/96: r=4.775152
Source radius 38/96: r=5.2882986
Source radius 39/96: r=5.6949997
Source radius 40/96: r=5.9404348
Source radius 41/96: r=6.1191304
Source radius 42/96: r=6.6100006
Source radius 43/96: r=7.4234028
Source radius 44/96: r=8.4496961
Source radius 45/96: r=9.5503039
Source radius 46/96: r=10.576597
Source radius 47/96: r=11.389999
Source radius 48/96: r=11.88087
Source radius 49/96: r=12.158841
Source radius 50/96: r=12.813334
Source radius 51/96: r=13.89787
Source radius 52/96: r=15.266261
Source radius 53/96: r=16.733739
Source radius 54/96: r=18.10213
Source radius 55/96: r=19.186666
Source radius 56/96: r=19.841159
Source radius 57/96: r=20.397101
Source radius 58/96: r=22.033335
Source radius 59/96: r=24.744676
Source radius 60/96: r=28.165654
Source radius 61/96: r=31.834346
Source radius 62/96: r=35.255324
Source radius 63/96: r=37.966665
Source radius 64/96: r=39.602899
Source radius 65/96: r=40.021841
Source radius 66/96: r=40.111833
Source radius 67/96: r=40.260957
Source radius 68/96: r=40.449111
Source radius 69/96: r=40.650889
Source radius 70/96: r=40.839043
Source radius 71/96: r=40.988167
Source radius 72/96: r=41.078159
Source radius 73/96: r=41.872362
Source radius 74/96: r=45.054837
Source radius 75/96: r=50.328395
Source radius 76/96: r=56.982196
Source radius 77/96: r=64.117804
Source radius 78/96: r=70.771605
Source radius 79/96: r=76.045163
Source radius 80/96: r=79.227638
Source radius 81/96: r=81.588406
Source radius 82/96: r=88.133341
Source radius 83/96: r=98.978704
Source radius 84/96: r=112.66261
Source radius 85/96: r=127.33739
Source radius 86/96: r=141.0213
Source radius 87/96: r=151.86666
Source radius 88/96: r=158.41159
Source radius 89/96: r=163.17681
Source radius 90/96: r=176.26668
Source radius 91/96: r=197.95741
Source radius 92/96: r=225.32523
Source radius 93/96: r=254.67477
Source radius 94/96: r=282.04259
Source radius 95/96: r=303.73332
Source radius 96/96: r=316.82319
{"status": "truncated_single_mode_not_converged", "z_inf": [-0.017185302228748887, 0.0011111488702527075], "z_h": [-0.0009480188652059134, -0.00026694537068180105], "flux": {"infinity": {"charge": 4.002391882178229e-06, "wave_energy": 1.2010212615721853e-06, "orbital_energy": 1.5139569112588324e-08, "orbital_angular_momentum": 4.002391882178229e-06}, "horizon": {"charge": -1.6799517074237357e-06, "wave_energy": -5.041129850414168e-07, "orbital_energy": -6.354636359723614e-09, "orbital_angular_momentum": -1.6799517074237357e-06}}, "wronskian_relative_spread": 4.414300114656439e-11}
ORBIT 41.1 SCALAR (4, 2) COMPLETE
ORBIT 41.1 SCALAR (2, 0) START
Source radius 1/96: r=1.4807165
Source radius 2/96: r=1.4807407
Source radius 3/96: r=1.4807868
Source radius 4/96: r=1.4808601
Source radius 5/96: r=1.4809687
Source radius 6/96: r=1.4811257
Source radius 7/96: r=1.4813508
Source radius 8/96: r=1.4816743
Source radius 9/96: r=1.4821418
Source radius 10/96: r=1.4828227
Source radius 11/96: r=1.4838222
Source radius 12/96: r=1.4853
Source radius 13/96: r=1.4874964
Source radius 14/96: r=1.4907714
Source radius 15/96: r=1.4956561
Source radius 16/96: r=1.5029229
Source radius 17/96: r=1.513669
Source radius 18/96: r=1.5294105
Source radius 19/96: r=1.552168
Source radius 20/96: r=1.5845135
Source radius 21/96: r=1.6295319
Source radius 22/96: r=1.6906351
Source radius 23/96: r=1.7711679
Source radius 24/96: r=1.8737668
Source radius 25/96: r=1.9994932
Source radius 26/96: r=2.1468581
Source radius 27/96: r=2.3109623
Source radius 28/96: r=2.4830617
Source radius 29/96: r=2.6508643
Source radius 30/96: r=2.7997434
Source radius 31/96: r=2.9147986
Source radius 32/96: r=2.9834172
Source radius 33/96: r=3.0595652
Source radius 34/96: r=3.3050003
Source radius 35/96: r=3.7117014
Source radius 36/96: r=4.224848
Source radius 37/96: r=4.775152
Source radius 38/96: r=5.2882986
Source radius 39/96: r=5.6949997
Source radius 40/96: r=5.9404348
Source radius 41/96: r=6.1191304
Source radius 42/96: r=6.6100006
Source radius 43/96: r=7.4234028
Source radius 44/96: r=8.4496961
Source radius 45/96: r=9.5503039
Source radius 46/96: r=10.576597
Source radius 47/96: r=11.389999
Source radius 48/96: r=11.88087
Source radius 49/96: r=12.158841
Source radius 50/96: r=12.813334
Source radius 51/96: r=13.89787
Source radius 52/96: r=15.266261
Source radius 53/96: r=16.733739
Source radius 54/96: r=18.10213
Source radius 55/96: r=19.186666
Source radius 56/96: r=19.841159
Source radius 57/96: r=20.397101
Source radius 58/96: r=22.033335
Source radius 59/96: r=24.744676
Source radius 60/96: r=28.165654
Source radius 61/96: r=31.834346
Source radius 62/96: r=35.255324
Source radius 63/96: r=37.966665
Source radius 64/96: r=39.602899
Source radius 65/96: r=40.021841
Source radius 66/96: r=40.111833
Source radius 67/96: r=40.260957
Source radius 68/96: r=40.449111
Source radius 69/96: r=40.650889
Source radius 70/96: r=40.839043
Source radius 71/96: r=40.988167
Source radius 72/96: r=41.078159
Source radius 73/96: r=41.872362
Source radius 74/96: r=45.054837
Source radius 75/96: r=50.328395
Source radius 76/96: r=56.982196
Source radius 77/96: r=64.117804
Source radius 78/96: r=70.771605
Source radius 79/96: r=76.045163
Source radius 80/96: r=79.227638
Source radius 81/96: r=81.588406
Source radius 82/96: r=88.133341
Source radius 83/96: r=98.978704
Source radius 84/96: r=112.66261
Source radius 85/96: r=127.33739
Source radius 86/96: r=141.0213
Source radius 87/96: r=151.86666
Source radius 88/96: r=158.41159
Source radius 89/96: r=163.17681
Source radius 90/96: r=176.26668
Source radius 91/96: r=197.95741
Source radius 92/96: r=225.32523
Source radius 93/96: r=254.67477
Source radius 94/96: r=282.04259
Source radius 95/96: r=303.73332
Source radius 96/96: r=316.82319
{"status": "truncated_single_mode_not_converged", "z_inf": [0.0, 0.0], "z_h": [-0.005301139209031943, -0.0031605130888404326], "flux": {"infinity": {"charge": 0.0, "wave_energy": 0.0, "orbital_energy": -0.0, "orbital_angular_momentum": -0.0}, "horizon": {"charge": 6.597003332707875e-05, "wave_energy": 1.929693522478962e-05, "orbital_energy": -2.495402520083835e-07, "orbital_angular_momentum": -6.597003332707875e-05}}, "wronskian_relative_spread": 3.325825641654392e-11}
ORBIT 41.1 SCALAR (2, 0) COMPLETE
ORBIT 41.1 SCALAR (4, 0) START
Source radius 1/96: r=1.4807165
Source radius 2/96: r=1.4807407
Source radius 3/96: r=1.4807868
Source radius 4/96: r=1.4808601
Source radius 5/96: r=1.4809687
Source radius 6/96: r=1.4811257
Source radius 7/96: r=1.4813508
Source radius 8/96: r=1.4816743
Source radius 9/96: r=1.4821418
Source radius 10/96: r=1.4828227
Source radius 11/96: r=1.4838222
Source radius 12/96: r=1.4853
Source radius 13/96: r=1.4874964
Source radius 14/96: r=1.4907714
Source radius 15/96: r=1.4956561
Source radius 16/96: r=1.5029229
Source radius 17/96: r=1.513669
Source radius 18/96: r=1.5294105
Source radius 19/96: r=1.552168
Source radius 20/96: r=1.5845135
Source radius 21/96: r=1.6295319
Source radius 22/96: r=1.6906351
Source radius 23/96: r=1.7711679
Source radius 24/96: r=1.8737668
Source radius 25/96: r=1.9994932
Source radius 26/96: r=2.1468581
Source radius 27/96: r=2.3109623
Source radius 28/96: r=2.4830617
Source radius 29/96: r=2.6508643
Source radius 30/96: r=2.7997434
Source radius 31/96: r=2.9147986
Source radius 32/96: r=2.9834172
Source radius 33/96: r=3.0595652
Source radius 34/96: r=3.3050003
Source radius 35/96: r=3.7117014
Source radius 36/96: r=4.224848
Source radius 37/96: r=4.775152
Source radius 38/96: r=5.2882986
Source radius 39/96: r=5.6949997
Source radius 40/96: r=5.9404348
Source radius 41/96: r=6.1191304
Source radius 42/96: r=6.6100006
Source radius 43/96: r=7.4234028
Source radius 44/96: r=8.4496961
Source radius 45/96: r=9.5503039
Source radius 46/96: r=10.576597
Source radius 47/96: r=11.389999
Source radius 48/96: r=11.88087
Source radius 49/96: r=12.158841
Source radius 50/96: r=12.813334
Source radius 51/96: r=13.89787
Source radius 52/96: r=15.266261
Source radius 53/96: r=16.733739
Source radius 54/96: r=18.10213
Source radius 55/96: r=19.186666
Source radius 56/96: r=19.841159
Source radius 57/96: r=20.397101
Source radius 58/96: r=22.033335
Source radius 59/96: r=24.744676
Source radius 60/96: r=28.165654
Source radius 61/96: r=31.834346
Source radius 62/96: r=35.255324
Source radius 63/96: r=37.966665
Source radius 64/96: r=39.602899
Source radius 65/96: r=40.021841
Source radius 66/96: r=40.111833
Source radius 67/96: r=40.260957
Source radius 68/96: r=40.449111
Source radius 69/96: r=40.650889
Source radius 70/96: r=40.839043
Source radius 71/96: r=40.988167
Source radius 72/96: r=41.078159
Source radius 73/96: r=41.872362
Source radius 74/96: r=45.054837
Source radius 75/96: r=50.328395
Source radius 76/96: r=56.982196
Source radius 77/96: r=64.117804
Source radius 78/96: r=70.771605
Source radius 79/96: r=76.045163
Source radius 80/96: r=79.227638
Source radius 81/96: r=81.588406
Source radius 82/96: r=88.133341
Source radius 83/96: r=98.978704
Source radius 84/96: r=112.66261
Source radius 85/96: r=127.33739
Source radius 86/96: r=141.0213
Source radius 87/96: r=151.86666
Source radius 88/96: r=158.41159
Source radius 89/96: r=163.17681
Source radius 90/96: r=176.26668
Source radius 91/96: r=197.95741
Source radius 92/96: r=225.32523
Source radius 93/96: r=254.67477
Source radius 94/96: r=282.04259
Source radius 95/96: r=303.73332
Source radius 96/96: r=316.82319
{"status": "truncated_single_mode_not_converged", "z_inf": [0.0, 0.0], "z_h": [0.0004071190240182777, 0.0002379173356233424], "flux": {"infinity": {"charge": 0.0, "wave_energy": 0.0, "orbital_energy": -0.0, "orbital_angular_momentum": -0.0}, "horizon": {"charge": 3.850910868267333e-07, "wave_energy": 1.1264323183370396e-07, "orbital_energy": -1.4566572427890662e-09, "orbital_angular_momentum": -3.850910868267333e-07}}, "wronskian_relative_spread": 4.398903463763257e-11}
ORBIT 41.1 SCALAR (4, 0) COMPLETE
ORBIT 41.1 MG 2 PRECOMPUTE START (96 radii)
Metric radii 1/96 saved
Metric radii 2/96 saved
Metric radii 3/96 saved
Metric radii 4/96 saved
Metric radii 5/96 saved
Metric radii 6/96 saved
Metric radii 7/96 saved
Metric radii 8/96 saved
Metric radii 9/96 saved
Metric radii 10/96 saved
Metric radii 11/96 saved
Metric radii 12/96 saved
Metric radii 13/96 saved
Metric radii 14/96 saved
Metric radii 15/96 saved
Metric radii 16/96 saved
Metric radii 17/96 saved
Metric radii 18/96 saved
Metric radii 19/96 saved
Metric radii 20/96 saved
Metric radii 21/96 saved
Metric radii 22/96 saved
Metric radii 23/96 saved
Metric radii 24/96 saved
Metric radii 25/96 saved
Metric radii 26/96 saved
Metric radii 27/96 saved
Metric radii 28/96 saved
Metric radii 29/96 saved
Metric radii 30/96 saved
Metric radii 31/96 saved
Metric radii 32/96 saved
Metric radii 33/96 saved
Metric radii 34/96 saved
Metric radii 35/96 saved
Metric radii 36/96 saved
Metric radii 37/96 saved
Metric radii 38/96 saved
Metric radii 39/96 saved
Metric radii 40/96 saved
Metric radii 41/96 saved
Metric radii 42/96 saved
Metric radii 43/96 saved
Metric radii 44/96 saved
Metric radii 45/96 saved
Metric radii 46/96 saved
Metric radii 47/96 saved
Metric radii 48/96 saved
Metric radii 49/96 saved
Metric radii 50/96 saved
Metric radii 51/96 saved
Metric radii 52/96 saved
Metric radii 53/96 saved
Metric radii 54/96 saved
Metric radii 55/96 saved
Metric radii 56/96 saved
Metric radii 57/96 saved
Metric radii 58/96 saved
Metric radii 59/96 saved
Metric radii 60/96 saved
Metric radii 61/96 saved
Metric radii 62/96 saved
Metric radii 63/96 saved
Metric radii 64/96 saved
Metric radii 65/96 saved
Metric radii 66/96 saved
Metric radii 67/96 saved
Metric radii 68/96 saved
Metric radii 69/96 saved
Metric radii 70/96 saved
Metric radii 71/96 saved
Metric radii 72/96 saved
Metric radii 73/96 saved
Metric radii 74/96 saved
Metric radii 75/96 saved
Metric radii 76/96 saved
Metric radii 77/96 saved
Metric radii 78/96 saved
Metric radii 79/96 saved
Metric radii 80/96 saved
Metric radii 81/96 saved
Metric radii 82/96 saved
Metric radii 83/96 saved
Metric radii 84/96 saved
Metric radii 85/96 saved
Metric radii 86/96 saved
Metric radii 87/96 saved
Metric radii 88/96 saved
Metric radii 89/96 saved
Metric radii 90/96 saved
Metric radii 91/96 saved
Metric radii 92/96 saved
Metric radii 93/96 saved
Metric radii 94/96 saved
Metric radii 95/96 saved
Metric radii 96/96 saved
ORBIT 41.1 SCALAR (3, 3) START
Source radius 1/96: r=1.4807165
Source radius 2/96: r=1.4807407
Source radius 3/96: r=1.4807868
Source radius 4/96: r=1.4808601
Source radius 5/96: r=1.4809687
Source radius 6/96: r=1.4811257
Source radius 7/96: r=1.4813508
Source radius 8/96: r=1.4816743
Source radius 9/96: r=1.4821418
Source radius 10/96: r=1.4828227
Source radius 11/96: r=1.4838222
Source radius 12/96: r=1.4853
Source radius 13/96: r=1.4874964
Source radius 14/96: r=1.4907714
Source radius 15/96: r=1.4956561
Source radius 16/96: r=1.5029229
Source radius 17/96: r=1.513669
Source radius 18/96: r=1.5294105
Source radius 19/96: r=1.552168
Source radius 20/96: r=1.5845135
Source radius 21/96: r=1.6295319
Source radius 22/96: r=1.6906351
Source radius 23/96: r=1.7711679
Source radius 24/96: r=1.8737668
Source radius 25/96: r=1.9994932
Source radius 26/96: r=2.1468581
Source radius 27/96: r=2.3109623
Source radius 28/96: r=2.4830617
Source radius 29/96: r=2.6508643
Source radius 30/96: r=2.7997434
Source radius 31/96: r=2.9147986
Source radius 32/96: r=2.9834172
Source radius 33/96: r=3.0595652
Source radius 34/96: r=3.3050003
Source radius 35/96: r=3.7117014
Source radius 36/96: r=4.224848
Source radius 37/96: r=4.775152
Source radius 38/96: r=5.2882986
Source radius 39/96: r=5.6949997
Source radius 40/96: r=5.9404348
Source radius 41/96: r=6.1191304
Source radius 42/96: r=6.6100006
Source radius 43/96: r=7.4234028
Source radius 44/96: r=8.4496961
Source radius 45/96: r=9.5503039
Source radius 46/96: r=10.576597
Source radius 47/96: r=11.389999
Source radius 48/96: r=11.88087
Source radius 49/96: r=12.158841
Source radius 50/96: r=12.813334
Source radius 51/96: r=13.89787
Source radius 52/96: r=15.266261
Source radius 53/96: r=16.733739
Source radius 54/96: r=18.10213
Source radius 55/96: r=19.186666
Source radius 56/96: r=19.841159
Source radius 57/96: r=20.397101
Source radius 58/96: r=22.033335
Source radius 59/96: r=24.744676
Source radius 60/96: r=28.165654
Source radius 61/96: r=31.834346
Source radius 62/96: r=35.255324
Source radius 63/96: r=37.966665
Source radius 64/96: r=39.602899
Source radius 65/96: r=40.021841
Source radius 66/96: r=40.111833
Source radius 67/96: r=40.260957
Source radius 68/96: r=40.449111
Source radius 69/96: r=40.650889
Source radius 70/96: r=40.839043
Source radius 71/96: r=40.988167
Source radius 72/96: r=41.078159
Source radius 73/96: r=41.872362
Source radius 74/96: r=45.054837
Source radius 75/96: r=50.328395
Source radius 76/96: r=56.982196
Source radius 77/96: r=64.117804
Source radius 78/96: r=70.771605
Source radius 79/96: r=76.045163
Source radius 80/96: r=79.227638
Source radius 81/96: r=81.588406
Source radius 82/96: r=88.133341
Source radius 83/96: r=98.978704
Source radius 84/96: r=112.66261
Source radius 85/96: r=127.33739
Source radius 86/96: r=141.0213
Source radius 87/96: r=151.86666
Source radius 88/96: r=158.41159
Source radius 89/96: r=163.17681
Source radius 90/96: r=176.26668
Source radius 91/96: r=197.95741
Source radius 92/96: r=225.32523
Source radius 93/96: r=254.67477
Source radius 94/96: r=282.04259
Source radius 95/96: r=303.73332
Source radius 96/96: r=316.82319
{"status": "truncated_single_mode_not_converged", "z_inf": [0.0853287449167166, 0.10530773051675645], "z_h": [-2.22654870744662e-07, 6.538550314500621e-07], "flux": {"infinity": {"charge": 0.0017735088942950421, "wave_energy": 0.000538895768731885, "orbital_energy": 1.3417057233464694e-05, "orbital_angular_momentum": 0.0035470177885900843}, "horizon": {"charge": -1.6525937475651095e-12, "wave_energy": -5.021546725028431e-13, "orbital_energy": -1.2502302619441093e-14, "orbital_angular_momentum": -3.305187495130219e-12}}, "wronskian_relative_spread": 1.1187692765293112e-10}
ORBIT 41.1 SCALAR (3, 3) COMPLETE
ORBIT 41.1 SCALAR (5, 3) START
Source radius 1/96: r=1.4807165
Source radius 2/96: r=1.4807407
Source radius 3/96: r=1.4807868
Source radius 4/96: r=1.4808601
Source radius 5/96: r=1.4809687
Source radius 6/96: r=1.4811257
Source radius 7/96: r=1.4813508
Source radius 8/96: r=1.4816743
Source radius 9/96: r=1.4821418
Source radius 10/96: r=1.4828227
Source radius 11/96: r=1.4838222
Source radius 12/96: r=1.4853
Source radius 13/96: r=1.4874964
Source radius 14/96: r=1.4907714
Source radius 15/96: r=1.4956561
Source radius 16/96: r=1.5029229
Source radius 17/96: r=1.513669
Source radius 18/96: r=1.5294105
Source radius 19/96: r=1.552168
Source radius 20/96: r=1.5845135
Source radius 21/96: r=1.6295319
Source radius 22/96: r=1.6906351
Source radius 23/96: r=1.7711679
Source radius 24/96: r=1.8737668
Source radius 25/96: r=1.9994932
Source radius 26/96: r=2.1468581
Source radius 27/96: r=2.3109623
Source radius 28/96: r=2.4830617
Source radius 29/96: r=2.6508643
Source radius 30/96: r=2.7997434
Source radius 31/96: r=2.9147986
Source radius 32/96: r=2.9834172
Source radius 33/96: r=3.0595652
Source radius 34/96: r=3.3050003
Source radius 35/96: r=3.7117014
Source radius 36/96: r=4.224848
Source radius 37/96: r=4.775152
Source radius 38/96: r=5.2882986
Source radius 39/96: r=5.6949997
Source radius 40/96: r=5.9404348
Source radius 41/96: r=6.1191304
Source radius 42/96: r=6.6100006
Source radius 43/96: r=7.4234028
Source radius 44/96: r=8.4496961
Source radius 45/96: r=9.5503039
Source radius 46/96: r=10.576597
Source radius 47/96: r=11.389999
Source radius 48/96: r=11.88087
Source radius 49/96: r=12.158841
Source radius 50/96: r=12.813334
Source radius 51/96: r=13.89787
Source radius 52/96: r=15.266261
Source radius 53/96: r=16.733739
Source radius 54/96: r=18.10213
Source radius 55/96: r=19.186666
Source radius 56/96: r=19.841159
Source radius 57/96: r=20.397101
Source radius 58/96: r=22.033335
Source radius 59/96: r=24.744676
Source radius 60/96: r=28.165654
Source radius 61/96: r=31.834346
Source radius 62/96: r=35.255324
Source radius 63/96: r=37.966665
Source radius 64/96: r=39.602899
Source radius 65/96: r=40.021841
Source radius 66/96: r=40.111833
Source radius 67/96: r=40.260957
Source radius 68/96: r=40.449111
Source radius 69/96: r=40.650889
Source radius 70/96: r=40.839043
Source radius 71/96: r=40.988167
Source radius 72/96: r=41.078159
Source radius 73/96: r=41.872362
Source radius 74/96: r=45.054837
Source radius 75/96: r=50.328395
Source radius 76/96: r=56.982196
Source radius 77/96: r=64.117804
Source radius 78/96: r=70.771605
Source radius 79/96: r=76.045163
Source radius 80/96: r=79.227638
Source radius 81/96: r=81.588406
Source radius 82/96: r=88.133341
Source radius 83/96: r=98.978704
Source radius 84/96: r=112.66261
Source radius 85/96: r=127.33739
Source radius 86/96: r=141.0213
Source radius 87/96: r=151.86666
Source radius 88/96: r=158.41159
Source radius 89/96: r=163.17681
Source radius 90/96: r=176.26668
Source radius 91/96: r=197.95741
Source radius 92/96: r=225.32523
Source radius 93/96: r=254.67477
Source radius 94/96: r=282.04259
Source radius 95/96: r=303.73332
Source radius 96/96: r=316.82319
{"status": "truncated_single_mode_not_converged", "z_inf": [0.005633031015465918, -1.9039997948427185e-05], "z_h": [4.232252883438254e-09, -2.846476860711281e-08], "flux": {"infinity": {"charge": 3.063349929046514e-06, "wave_energy": 9.308249426989645e-07, "orbital_energy": 2.3175040991539273e-08, "orbital_angular_momentum": 6.126699858093028e-06}, "horizon": {"charge": -2.8685793975528764e-15, "wave_energy": -8.716422593567966e-16, "orbital_energy": -2.170155113375019e-17, "orbital_angular_momentum": -5.737158795105753e-15}}, "wronskian_relative_spread": 8.358833108815e-11}
ORBIT 41.1 SCALAR (5, 3) COMPLETE
ORBIT 41.1 SCALAR (3, -1) START
Source radius 1/96: r=1.4807165
Source radius 2/96: r=1.4807407
Source radius 3/96: r=1.4807868
Source radius 4/96: r=1.4808601
Source radius 5/96: r=1.4809687
Source radius 6/96: r=1.4811257
Source radius 7/96: r=1.4813508
Source radius 8/96: r=1.4816743
Source radius 9/96: r=1.4821418
Source radius 10/96: r=1.4828227
Source radius 11/96: r=1.4838222
Source radius 12/96: r=1.4853
Source radius 13/96: r=1.4874964
Source radius 14/96: r=1.4907714
Source radius 15/96: r=1.4956561
Source radius 16/96: r=1.5029229
Source radius 17/96: r=1.513669
Source radius 18/96: r=1.5294105
Source radius 19/96: r=1.552168
Source radius 20/96: r=1.5845135
Source radius 21/96: r=1.6295319
Source radius 22/96: r=1.6906351
Source radius 23/96: r=1.7711679
Source radius 24/96: r=1.8737668
Source radius 25/96: r=1.9994932
Source radius 26/96: r=2.1468581
Source radius 27/96: r=2.3109623
Source radius 28/96: r=2.4830617
Source radius 29/96: r=2.6508643
Source radius 30/96: r=2.7997434
Source radius 31/96: r=2.9147986
Source radius 32/96: r=2.9834172
Source radius 33/96: r=3.0595652
Source radius 34/96: r=3.3050003
Source radius 35/96: r=3.7117014
Source radius 36/96: r=4.224848
Source radius 37/96: r=4.775152
Source radius 38/96: r=5.2882986
Source radius 39/96: r=5.6949997
Source radius 40/96: r=5.9404348
Source radius 41/96: r=6.1191304
Source radius 42/96: r=6.6100006
Source radius 43/96: r=7.4234028
Source radius 44/96: r=8.4496961
Source radius 45/96: r=9.5503039
Source radius 46/96: r=10.576597
Source radius 47/96: r=11.389999
Source radius 48/96: r=11.88087
Source radius 49/96: r=12.158841
Source radius 50/96: r=12.813334
Source radius 51/96: r=13.89787
Source radius 52/96: r=15.266261
Source radius 53/96: r=16.733739
Source radius 54/96: r=18.10213
Source radius 55/96: r=19.186666
Source radius 56/96: r=19.841159
Source radius 57/96: r=20.397101
Source radius 58/96: r=22.033335
Source radius 59/96: r=24.744676
Source radius 60/96: r=28.165654
Source radius 61/96: r=31.834346
Source radius 62/96: r=35.255324
Source radius 63/96: r=37.966665
Source radius 64/96: r=39.602899
Source radius 65/96: r=40.021841
Source radius 66/96: r=40.111833
Source radius 67/96: r=40.260957
Source radius 68/96: r=40.449111
Source radius 69/96: r=40.650889
Source radius 70/96: r=40.839043
Source radius 71/96: r=40.988167
Source radius 72/96: r=41.078159
Source radius 73/96: r=41.872362
Source radius 74/96: r=45.054837
Source radius 75/96: r=50.328395
Source radius 76/96: r=56.982196
Source radius 77/96: r=64.117804
Source radius 78/96: r=70.771605
Source radius 79/96: r=76.045163
Source radius 80/96: r=79.227638
Source radius 81/96: r=81.588406
Source radius 82/96: r=88.133341
Source radius 83/96: r=98.978704
Source radius 84/96: r=112.66261
Source radius 85/96: r=127.33739
Source radius 86/96: r=141.0213
Source radius 87/96: r=151.86666
Source radius 88/96: r=158.41159
Source radius 89/96: r=163.17681
Source radius 90/96: r=176.26668
Source radius 91/96: r=197.95741
Source radius 92/96: r=225.32523
Source radius 93/96: r=254.67477
Source radius 94/96: r=282.04259
Source radius 95/96: r=303.73332
Source radius 96/96: r=316.82319
{"status": "truncated_single_mode_not_converged", "z_inf": [0.0, 0.0], "z_h": [5.0172031227322455e-08, -1.2824925142108185e-07], "flux": {"infinity": {"charge": 0.0, "wave_energy": 0.0, "orbital_energy": -0.0, "orbital_angular_momentum": -0.0}, "horizon": {"charge": 6.569169208801512e-14, "wave_energy": 1.896703006692508e-14, "orbital_energy": -4.969747799648815e-16, "orbital_angular_momentum": -1.3138338417603025e-13}}, "wronskian_relative_spread": 1.0361038875502664e-10}
ORBIT 41.1 SCALAR (3, -1) COMPLETE
ORBIT 41.1 SCALAR (5, -1) START
Source radius 1/96: r=1.4807165
Source radius 2/96: r=1.4807407
Source radius 3/96: r=1.4807868
Source radius 4/96: r=1.4808601
Source radius 5/96: r=1.4809687
Source radius 6/96: r=1.4811257
Source radius 7/96: r=1.4813508
Source radius 8/96: r=1.4816743
Source radius 9/96: r=1.4821418
Source radius 10/96: r=1.4828227
Source radius 11/96: r=1.4838222
Source radius 12/96: r=1.4853
Source radius 13/96: r=1.4874964
Source radius 14/96: r=1.4907714
Source radius 15/96: r=1.4956561
Source radius 16/96: r=1.5029229
Source radius 17/96: r=1.513669
Source radius 18/96: r=1.5294105
Source radius 19/96: r=1.552168
Source radius 20/96: r=1.5845135
Source radius 21/96: r=1.6295319
Source radius 22/96: r=1.6906351
Source radius 23/96: r=1.7711679
Source radius 24/96: r=1.8737668
Source radius 25/96: r=1.9994932
Source radius 26/96: r=2.1468581
Source radius 27/96: r=2.3109623
Source radius 28/96: r=2.4830617
Source radius 29/96: r=2.6508643
Source radius 30/96: r=2.7997434
Source radius 31/96: r=2.9147986
Source radius 32/96: r=2.9834172
Source radius 33/96: r=3.0595652
Source radius 34/96: r=3.3050003
Source radius 35/96: r=3.7117014
Source radius 36/96: r=4.224848
Source radius 37/96: r=4.775152
Source radius 38/96: r=5.2882986
Source radius 39/96: r=5.6949997
Source radius 40/96: r=5.9404348
Source radius 41/96: r=6.1191304
Source radius 42/96: r=6.6100006
Source radius 43/96: r=7.4234028
Source radius 44/96: r=8.4496961
Source radius 45/96: r=9.5503039
Source radius 46/96: r=10.576597
Source radius 47/96: r=11.389999
Source radius 48/96: r=11.88087
Source radius 49/96: r=12.158841
Source radius 50/96: r=12.813334
Source radius 51/96: r=13.89787
Source radius 52/96: r=15.266261
Source radius 53/96: r=16.733739
Source radius 54/96: r=18.10213
Source radius 55/96: r=19.186666
Source radius 56/96: r=19.841159
Source radius 57/96: r=20.397101
Source radius 58/96: r=22.033335
Source radius 59/96: r=24.744676
Source radius 60/96: r=28.165654
Source radius 61/96: r=31.834346
Source radius 62/96: r=35.255324
Source radius 63/96: r=37.966665
Source radius 64/96: r=39.602899
Source radius 65/96: r=40.021841
Source radius 66/96: r=40.111833
Source radius 67/96: r=40.260957
Source radius 68/96: r=40.449111
Source radius 69/96: r=40.650889
Source radius 70/96: r=40.839043
Source radius 71/96: r=40.988167
Source radius 72/96: r=41.078159
Source radius 73/96: r=41.872362
Source radius 74/96: r=45.054837
Source radius 75/96: r=50.328395
Source radius 76/96: r=56.982196
Source radius 77/96: r=64.117804
Source radius 78/96: r=70.771605
Source radius 79/96: r=76.045163
Source radius 80/96: r=79.227638
Source radius 81/96: r=81.588406
Source radius 82/96: r=88.133341
Source radius 83/96: r=98.978704
Source radius 84/96: r=112.66261
Source radius 85/96: r=127.33739
Source radius 86/96: r=141.0213
Source radius 87/96: r=151.86666
Source radius 88/96: r=158.41159
Source radius 89/96: r=163.17681
Source radius 90/96: r=176.26668
Source radius 91/96: r=197.95741
Source radius 92/96: r=225.32523
Source radius 93/96: r=254.67477
Source radius 94/96: r=282.04259
Source radius 95/96: r=303.73332
Source radius 96/96: r=316.82319
{"status": "truncated_single_mode_not_converged", "z_inf": [0.0, 0.0], "z_h": [-8.81315413938435e-09, 6.1390412428645336e-09], "flux": {"infinity": {"charge": 0.0, "wave_energy": 0.0, "orbital_energy": -0.0, "orbital_angular_momentum": -0.0}, "horizon": {"charge": 3.9958451804724874e-16, "wave_energy": 1.1537123382246754e-16, "orbital_energy": -3.022961071969928e-18, "orbital_angular_momentum": -7.991690360944975e-16}}, "wronskian_relative_spread": 5.983766815376776e-10}
ORBIT 41.1 SCALAR (5, -1) COMPLETE
ORBIT 41.1 MG 3 PRECOMPUTE START (96 radii)
Metric radii 1/96 saved
Metric radii 2/96 saved
Metric radii 3/96 saved
Metric radii 4/96 saved
Metric radii 5/96 saved
Metric radii 6/96 saved
Metric radii 7/96 saved
Metric radii 8/96 saved
Metric radii 9/96 saved
Metric radii 10/96 saved
Metric radii 11/96 saved
Metric radii 12/96 saved
Metric radii 13/96 saved
Metric radii 14/96 saved
Metric radii 15/96 saved
Metric radii 16/96 saved
Metric radii 17/96 saved
Metric radii 18/96 saved
Metric radii 19/96 saved
Metric radii 20/96 saved
Metric radii 21/96 saved
Metric radii 22/96 saved
Metric radii 23/96 saved
Metric radii 24/96 saved
Metric radii 25/96 saved
Metric radii 26/96 saved
Metric radii 27/96 saved
Metric radii 28/96 saved
Metric radii 29/96 saved
Metric radii 30/96 saved
Metric radii 31/96 saved
Metric radii 32/96 saved
Metric radii 33/96 saved
Metric radii 34/96 saved
Metric radii 35/96 saved
Metric radii 36/96 saved
Metric radii 37/96 saved
Metric radii 38/96 saved
Metric radii 39/96 saved
Metric radii 40/96 saved
Metric radii 41/96 saved
Metric radii 42/96 saved
Metric radii 43/96 saved
Metric radii 44/96 saved
Metric radii 45/96 saved
Metric radii 46/96 saved
Metric radii 47/96 saved
Metric radii 48/96 saved
Metric radii 49/96 saved
Metric radii 50/96 saved
Metric radii 51/96 saved
Metric radii 52/96 saved
Metric radii 53/96 saved
Metric radii 54/96 saved
Metric radii 55/96 saved
Metric radii 56/96 saved
Metric radii 57/96 saved
Metric radii 58/96 saved
Metric radii 59/96 saved
Metric radii 60/96 saved
Metric radii 61/96 saved
Metric radii 62/96 saved
Metric radii 63/96 saved
Metric radii 64/96 saved
Metric radii 65/96 saved
Metric radii 66/96 saved
Metric radii 67/96 saved
Metric radii 68/96 saved
Metric radii 69/96 saved
Metric radii 70/96 saved
Metric radii 71/96 saved
Metric radii 72/96 saved
Metric radii 73/96 saved
Metric radii 74/96 saved
Metric radii 75/96 saved
Metric radii 76/96 saved
Metric radii 77/96 saved
Metric radii 78/96 saved
Metric radii 79/96 saved
Metric radii 80/96 saved
Metric radii 81/96 saved
Metric radii 82/96 saved
Metric radii 83/96 saved
Metric radii 84/96 saved
Metric radii 85/96 saved
Metric radii 86/96 saved
Metric radii 87/96 saved
Metric radii 88/96 saved
Metric radii 89/96 saved
Metric radii 90/96 saved
Metric radii 91/96 saved
Metric radii 92/96 saved
Metric radii 93/96 saved
Metric radii 94/96 saved
Metric radii 95/96 saved
Metric radii 96/96 saved
ORBIT 41.1 SCALAR (4, 4) START
Source radius 1/96: r=1.4807165
Source radius 2/96: r=1.4807407
Source radius 3/96: r=1.4807868
Source radius 4/96: r=1.4808601
Source radius 5/96: r=1.4809687
Source radius 6/96: r=1.4811257
Source radius 7/96: r=1.4813508
Source radius 8/96: r=1.4816743
Source radius 9/96: r=1.4821418
Source radius 10/96: r=1.4828227
Source radius 11/96: r=1.4838222
Source radius 12/96: r=1.4853
Source radius 13/96: r=1.4874964
Source radius 14/96: r=1.4907714
Source radius 15/96: r=1.4956561
Source radius 16/96: r=1.5029229
Source radius 17/96: r=1.513669
Source radius 18/96: r=1.5294105
Source radius 19/96: r=1.552168
Source radius 20/96: r=1.5845135
Source radius 21/96: r=1.6295319
Source radius 22/96: r=1.6906351
Source radius 23/96: r=1.7711679
Source radius 24/96: r=1.8737668
Source radius 25/96: r=1.9994932
Source radius 26/96: r=2.1468581
Source radius 27/96: r=2.3109623
Source radius 28/96: r=2.4830617
Source radius 29/96: r=2.6508643
Source radius 30/96: r=2.7997434
Source radius 31/96: r=2.9147986
Source radius 32/96: r=2.9834172
Source radius 33/96: r=3.0595652
Source radius 34/96: r=3.3050003
Source radius 35/96: r=3.7117014
Source radius 36/96: r=4.224848
Source radius 37/96: r=4.775152
Source radius 38/96: r=5.2882986
Source radius 39/96: r=5.6949997
Source radius 40/96: r=5.9404348
Source radius 41/96: r=6.1191304
Source radius 42/96: r=6.6100006
Source radius 43/96: r=7.4234028
Source radius 44/96: r=8.4496961
Source radius 45/96: r=9.5503039
Source radius 46/96: r=10.576597
Source radius 47/96: r=11.389999
Source radius 48/96: r=11.88087
Source radius 49/96: r=12.158841
Source radius 50/96: r=12.813334
Source radius 51/96: r=13.89787
Source radius 52/96: r=15.266261
Source radius 53/96: r=16.733739
Source radius 54/96: r=18.10213
Source radius 55/96: r=19.186666
Source radius 56/96: r=19.841159
Source radius 57/96: r=20.397101
Source radius 58/96: r=22.033335
Source radius 59/96: r=24.744676
Source radius 60/96: r=28.165654
Source radius 61/96: r=31.834346
Source radius 62/96: r=35.255324
Source radius 63/96: r=37.966665
Source radius 64/96: r=39.602899
Source radius 65/96: r=40.021841
Source radius 66/96: r=40.111833
Source radius 67/96: r=40.260957
Source radius 68/96: r=40.449111
Source radius 69/96: r=40.650889
Source radius 70/96: r=40.839043
Source radius 71/96: r=40.988167
Source radius 72/96: r=41.078159
Source radius 73/96: r=41.872362
Source radius 74/96: r=45.054837
Source radius 75/96: r=50.328395
Source radius 76/96: r=56.982196
Source radius 77/96: r=64.117804
Source radius 78/96: r=70.771605
Source radius 79/96: r=76.045163
Source radius 80/96: r=79.227638
Source radius 81/96: r=81.588406
Source radius 82/96: r=88.133341
Source radius 83/96: r=98.978704
Source radius 84/96: r=112.66261
Source radius 85/96: r=127.33739
Source radius 86/96: r=141.0213
Source radius 87/96: r=151.86666
Source radius 88/96: r=158.41159
Source radius 89/96: r=163.17681
Source radius 90/96: r=176.26668
Source radius 91/96: r=197.95741
Source radius 92/96: r=225.32523
Source radius 93/96: r=254.67477
Source radius 94/96: r=282.04259
Source radius 95/96: r=303.73332
Source radius 96/96: r=316.82319
{"status": "truncated_single_mode_not_converged", "z_inf": [-0.013900172785220669, -0.0496550333150457], "z_h": [3.4800375571826445e-09, -1.669961834471655e-10], "flux": {"infinity": {"charge": 0.00036234676128344063, "wave_energy": 0.00011147277057507084, "orbital_energy": 4.111871598281121e-06, "orbital_angular_momentum": 0.0010870402838503218}, "horizon": {"charge": -6.3068612606632e-17, "wave_energy": -1.9402499855898127e-17, "orbital_energy": -7.15695749567767e-19, "orbital_angular_momentum": -1.89205837819896e-16}}, "wronskian_relative_spread": 1.571612605222447e-10}
ORBIT 41.1 SCALAR (4, 4) COMPLETE
ORBIT 41.1 SCALAR (2, -2) START
Source radius 1/96: r=1.4807165
Source radius 2/96: r=1.4807407
Source radius 3/96: r=1.4807868
Source radius 4/96: r=1.4808601
Source radius 5/96: r=1.4809687
Source radius 6/96: r=1.4811257
Source radius 7/96: r=1.4813508
Source radius 8/96: r=1.4816743
Source radius 9/96: r=1.4821418
Source radius 10/96: r=1.4828227
Source radius 11/96: r=1.4838222
Source radius 12/96: r=1.4853
Source radius 13/96: r=1.4874964
Source radius 14/96: r=1.4907714
Source radius 15/96: r=1.4956561
Source radius 16/96: r=1.5029229
Source radius 17/96: r=1.513669
Source radius 18/96: r=1.5294105
Source radius 19/96: r=1.552168
Source radius 20/96: r=1.5845135
Source radius 21/96: r=1.6295319
Source radius 22/96: r=1.6906351
Source radius 23/96: r=1.7711679
Source radius 24/96: r=1.8737668
Source radius 25/96: r=1.9994932
Source radius 26/96: r=2.1468581
Source radius 27/96: r=2.3109623
Source radius 28/96: r=2.4830617
Source radius 29/96: r=2.6508643
Source radius 30/96: r=2.7997434
Source radius 31/96: r=2.9147986
Source radius 32/96: r=2.9834172
Source radius 33/96: r=3.0595652
Source radius 34/96: r=3.3050003
Source radius 35/96: r=3.7117014
Source radius 36/96: r=4.224848
Source radius 37/96: r=4.775152
Source radius 38/96: r=5.2882986
Source radius 39/96: r=5.6949997
Source radius 40/96: r=5.9404348
Source radius 41/96: r=6.1191304
Source radius 42/96: r=6.6100006
Source radius 43/96: r=7.4234028
Source radius 44/96: r=8.4496961
Source radius 45/96: r=9.5503039
Source radius 46/96: r=10.576597
Source radius 47/96: r=11.389999
Source radius 48/96: r=11.88087
Source radius 49/96: r=12.158841
Source radius 50/96: r=12.813334
Source radius 51/96: r=13.89787
Source radius 52/96: r=15.266261
Source radius 53/96: r=16.733739
Source radius 54/96: r=18.10213
Source radius 55/96: r=19.186666
Source radius 56/96: r=19.841159
Source radius 57/96: r=20.397101
Source radius 58/96: r=22.033335
Source radius 59/96: r=24.744676
Source radius 60/96: r=28.165654
Source radius 61/96: r=31.834346
Source radius 62/96: r=35.255324
Source radius 63/96: r=37.966665
Source radius 64/96: r=39.602899
Source radius 65/96: r=40.021841
Source radius 66/96: r=40.111833
Source radius 67/96: r=40.260957
Source radius 68/96: r=40.449111
Source radius 69/96: r=40.650889
Source radius 70/96: r=40.839043
Source radius 71/96: r=40.988167
Source radius 72/96: r=41.078159
Source radius 73/96: r=41.872362
Source radius 74/96: r=45.054837
Source radius 75/96: r=50.328395
Source radius 76/96: r=56.982196
Source radius 77/96: r=64.117804
Source radius 78/96: r=70.771605
Source radius 79/96: r=76.045163
Source radius 80/96: r=79.227638
Source radius 81/96: r=81.588406
Source radius 82/96: r=88.133341
Source radius 83/96: r=98.978704
Source radius 84/96: r=112.66261
Source radius 85/96: r=127.33739
Source radius 86/96: r=141.0213
Source radius 87/96: r=151.86666
Source radius 88/96: r=158.41159
Source radius 89/96: r=163.17681
Source radius 90/96: r=176.26668
Source radius 91/96: r=197.95741
Source radius 92/96: r=225.32523
Source radius 93/96: r=254.67477
Source radius 94/96: r=282.04259
Source radius 95/96: r=303.73332
Source radius 96/96: r=316.82319
{"status": "truncated_single_mode_not_converged", "z_inf": [0.0, 0.0], "z_h": [2.0405213323366063e-06, 4.96137852174869e-06], "flux": {"infinity": {"charge": 0.0, "wave_energy": 0.0, "orbital_energy": -0.0, "orbital_angular_momentum": -0.0}, "horizon": {"charge": 1.495279085585156e-10, "wave_energy": 4.2607283337997525e-11, "orbital_energy": -1.69682642718914e-12, "orbital_angular_momentum": -4.485837256755468e-10}}, "wronskian_relative_spread": 9.173258013902134e-11}
ORBIT 41.1 SCALAR (2, -2) COMPLETE
ORBIT 41.1 SCALAR (4, -2) START
Source radius 1/96: r=1.4807165
Source radius 2/96: r=1.4807407
Source radius 3/96: r=1.4807868
Source radius 4/96: r=1.4808601
Source radius 5/96: r=1.4809687
Source radius 6/96: r=1.4811257
Source radius 7/96: r=1.4813508
Source radius 8/96: r=1.4816743
Source radius 9/96: r=1.4821418
Source radius 10/96: r=1.4828227
Source radius 11/96: r=1.4838222
Source radius 12/96: r=1.4853
Source radius 13/96: r=1.4874964
Source radius 14/96: r=1.4907714
Source radius 15/96: r=1.4956561
Source radius 16/96: r=1.5029229
Source radius 17/96: r=1.513669
Source radius 18/96: r=1.5294105
Source radius 19/96: r=1.552168
Source radius 20/96: r=1.5845135
Source radius 21/96: r=1.6295319
Source radius 22/96: r=1.6906351
Source radius 23/96: r=1.7711679
Source radius 24/96: r=1.8737668
Source radius 25/96: r=1.9994932
Source radius 26/96: r=2.1468581
Source radius 27/96: r=2.3109623
Source radius 28/96: r=2.4830617
Source radius 29/96: r=2.6508643
Source radius 30/96: r=2.7997434
Source radius 31/96: r=2.9147986
Source radius 32/96: r=2.9834172
Source radius 33/96: r=3.0595652
Source radius 34/96: r=3.3050003
Source radius 35/96: r=3.7117014
Source radius 36/96: r=4.224848
Source radius 37/96: r=4.775152
Source radius 38/96: r=5.2882986
Source radius 39/96: r=5.6949997
Source radius 40/96: r=5.9404348
Source radius 41/96: r=6.1191304
Source radius 42/96: r=6.6100006
Source radius 43/96: r=7.4234028
Source radius 44/96: r=8.4496961
Source radius 45/96: r=9.5503039
Source radius 46/96: r=10.576597
Source radius 47/96: r=11.389999
Source radius 48/96: r=11.88087
Source radius 49/96: r=12.158841
Source radius 50/96: r=12.813334
Source radius 51/96: r=13.89787
Source radius 52/96: r=15.266261
Source radius 53/96: r=16.733739
Source radius 54/96: r=18.10213
Source radius 55/96: r=19.186666
Source radius 56/96: r=19.841159
Source radius 57/96: r=20.397101
Source radius 58/96: r=22.033335
Source radius 59/96: r=24.744676
Source radius 60/96: r=28.165654
Source radius 61/96: r=31.834346
Source radius 62/96: r=35.255324
Source radius 63/96: r=37.966665
Source radius 64/96: r=39.602899
Source radius 65/96: r=40.021841
Source radius 66/96: r=40.111833
Source radius 67/96: r=40.260957
Source radius 68/96: r=40.449111
Source radius 69/96: r=40.650889
Source radius 70/96: r=40.839043
Source radius 71/96: r=40.988167
Source radius 72/96: r=41.078159
Source radius 73/96: r=41.872362
Source radius 74/96: r=45.054837
Source radius 75/96: r=50.328395
Source radius 76/96: r=56.982196
Source radius 77/96: r=64.117804
Source radius 78/96: r=70.771605
Source radius 79/96: r=76.045163
Source radius 80/96: r=79.227638
Source radius 81/96: r=81.588406
Source radius 82/96: r=88.133341
Source radius 83/96: r=98.978704
Source radius 84/96: r=112.66261
Source radius 85/96: r=127.33739
Source radius 86/96: r=141.0213
Source radius 87/96: r=151.86666
Source radius 88/96: r=158.41159
Source radius 89/96: r=163.17681
Source radius 90/96: r=176.26668
Source radius 91/96: r=197.95741
Source radius 92/96: r=225.32523
Source radius 93/96: r=254.67477
Source radius 94/96: r=282.04259
Source radius 95/96: r=303.73332
Source radius 96/96: r=316.82319
{"status": "truncated_single_mode_not_converged", "z_inf": [0.0, 0.0], "z_h": [-3.4977990196691703e-10, -1.6349006924107192e-10], "flux": {"infinity": {"charge": 0.0, "wave_energy": 0.0, "orbital_energy": -0.0, "orbital_angular_momentum": -0.0}, "horizon": {"charge": 7.745532211360157e-19, "wave_energy": 2.207053443831602e-19, "orbital_energy": -8.789545627689563e-21, "orbital_angular_momentum": -2.323659663408047e-18}}, "wronskian_relative_spread": 7.172502123774347e-11}
ORBIT 41.1 SCALAR (4, -2) COMPLETE
ORBIT 41.1 MG 4 PRECOMPUTE START (96 radii)
Metric radii 1/96 saved
Metric radii 2/96 saved
Metric radii 3/96 saved
Metric radii 4/96 saved
Metric radii 5/96 saved
Metric radii 6/96 saved
Metric radii 7/96 saved
Metric radii 8/96 saved
Metric radii 9/96 saved
Metric radii 10/96 saved
Metric radii 11/96 saved
Metric radii 12/96 saved
Metric radii 13/96 saved
Metric radii 14/96 saved
Metric radii 15/96 saved
Metric radii 16/96 saved
Metric radii 17/96 saved
Metric radii 18/96 saved
Metric radii 19/96 saved
Metric radii 20/96 saved
Metric radii 21/96 saved
Metric radii 22/96 saved
Metric radii 23/96 saved
Metric radii 24/96 saved
Metric radii 25/96 saved
Metric radii 26/96 saved
Metric radii 27/96 saved
Metric radii 28/96 saved
Metric radii 29/96 saved
Metric radii 30/96 saved
Metric radii 31/96 saved
Metric radii 32/96 saved
Metric radii 33/96 saved
Metric radii 34/96 saved
Metric radii 35/96 saved
Metric radii 36/96 saved
Metric radii 37/96 saved
Metric radii 38/96 saved
Metric radii 39/96 saved
Metric radii 40/96 saved
Metric radii 41/96 saved
Metric radii 42/96 saved
Metric radii 43/96 saved
Metric radii 44/96 saved
Metric radii 45/96 saved
Metric radii 46/96 saved
Metric radii 47/96 saved
Metric radii 48/96 saved
Metric radii 49/96 saved
Metric radii 50/96 saved
Metric radii 51/96 saved
Metric radii 52/96 saved
Metric radii 53/96 saved
Metric radii 54/96 saved
Metric radii 55/96 saved
Metric radii 56/96 saved
Metric radii 57/96 saved
Metric radii 58/96 saved
Metric radii 59/96 saved
Metric radii 60/96 saved
Metric radii 61/96 saved
Metric radii 62/96 saved
Metric radii 63/96 saved
Metric radii 64/96 saved
Metric radii 65/96 saved
Metric radii 66/96 saved
Metric radii 67/96 saved
Metric radii 68/96 saved
Metric radii 69/96 saved
Metric radii 70/96 saved
Metric radii 71/96 saved
Metric radii 72/96 saved
Metric radii 73/96 saved
Metric radii 74/96 saved
Metric radii 75/96 saved
Metric radii 76/96 saved
Metric radii 77/96 saved
Metric radii 78/96 saved
Metric radii 79/96 saved
Metric radii 80/96 saved
Metric radii 81/96 saved
Metric radii 82/96 saved
Metric radii 83/96 saved
Metric radii 84/96 saved
Metric radii 85/96 saved
Metric radii 86/96 saved
Metric radii 87/96 saved
Metric radii 88/96 saved
Metric radii 89/96 saved
Metric radii 90/96 saved
Metric radii 91/96 saved
Metric radii 92/96 saved
Metric radii 93/96 saved
Metric radii 94/96 saved
Metric radii 95/96 saved
Metric radii 96/96 saved
ORBIT 41.1 SCALAR (5, 5) START
Source radius 1/96: r=1.4807165
Source radius 2/96: r=1.4807407
Source radius 3/96: r=1.4807868
Source radius 4/96: r=1.4808601
Source radius 5/96: r=1.4809687
Source radius 6/96: r=1.4811257
Source radius 7/96: r=1.4813508
Source radius 8/96: r=1.4816743
Source radius 9/96: r=1.4821418
Source radius 10/96: r=1.4828227
Source radius 11/96: r=1.4838222
Source radius 12/96: r=1.4853
Source radius 13/96: r=1.4874964
Source radius 14/96: r=1.4907714
Source radius 15/96: r=1.4956561
Source radius 16/96: r=1.5029229
Source radius 17/96: r=1.513669
Source radius 18/96: r=1.5294105
Source radius 19/96: r=1.552168
Source radius 20/96: r=1.5845135
Source radius 21/96: r=1.6295319
Source radius 22/96: r=1.6906351
Source radius 23/96: r=1.7711679
Source radius 24/96: r=1.8737668
Source radius 25/96: r=1.9994932
Source radius 26/96: r=2.1468581
Source radius 27/96: r=2.3109623
Source radius 28/96: r=2.4830617
Source radius 29/96: r=2.6508643
Source radius 30/96: r=2.7997434
Source radius 31/96: r=2.9147986
Source radius 32/96: r=2.9834172
Source radius 33/96: r=3.0595652
Source radius 34/96: r=3.3050003
Source radius 35/96: r=3.7117014
Source radius 36/96: r=4.224848
Source radius 37/96: r=4.775152
Source radius 38/96: r=5.2882986
Source radius 39/96: r=5.6949997
Source radius 40/96: r=5.9404348
Source radius 41/96: r=6.1191304
Source radius 42/96: r=6.6100006
Source radius 43/96: r=7.4234028
Source radius 44/96: r=8.4496961
Source radius 45/96: r=9.5503039
Source radius 46/96: r=10.576597
Source radius 47/96: r=11.389999
Source radius 48/96: r=11.88087
Source radius 49/96: r=12.158841
Source radius 50/96: r=12.813334
Source radius 51/96: r=13.89787
Source radius 52/96: r=15.266261
Source radius 53/96: r=16.733739
Source radius 54/96: r=18.10213
Source radius 55/96: r=19.186666
Source radius 56/96: r=19.841159
Source radius 57/96: r=20.397101
Source radius 58/96: r=22.033335
Source radius 59/96: r=24.744676
Source radius 60/96: r=28.165654
Source radius 61/96: r=31.834346
Source radius 62/96: r=35.255324
Source radius 63/96: r=37.966665
Source radius 64/96: r=39.602899
Source radius 65/96: r=40.021841
Source radius 66/96: r=40.111833
Source radius 67/96: r=40.260957
Source radius 68/96: r=40.449111
Source radius 69/96: r=40.650889
Source radius 70/96: r=40.839043
Source radius 71/96: r=40.988167
Source radius 72/96: r=41.078159
Source radius 73/96: r=41.872362
Source radius 74/96: r=45.054837
Source radius 75/96: r=50.328395
Source radius 76/96: r=56.982196
Source radius 77/96: r=64.117804
Source radius 78/96: r=70.771605
Source radius 79/96: r=76.045163
Source radius 80/96: r=79.227638
Source radius 81/96: r=81.588406
Source radius 82/96: r=88.133341
Source radius 83/96: r=98.978704
Source radius 84/96: r=112.66261
Source radius 85/96: r=127.33739
Source radius 86/96: r=141.0213
Source radius 87/96: r=151.86666
Source radius 88/96: r=158.41159
Source radius 89/96: r=163.17681
Source radius 90/96: r=176.26668
Source radius 91/96: r=197.95741
Source radius 92/96: r=225.32523
Source radius 93/96: r=254.67477
Source radius 94/96: r=282.04259
Source radius 95/96: r=303.73332
Source radius 96/96: r=316.82319
{"status": "truncated_single_mode_not_converged", "z_inf": [0.019695922074973306, 0.010110354553875916], "z_h": [-8.698419130674117e-12, -3.701811081012009e-11], "flux": {"infinity": {"charge": 8.192824659874135e-05, "wave_energy": 2.5514403424135894e-05, "orbital_energy": 1.2396170971442068e-06, "orbital_angular_momentum": 0.0003277129863949654}, "horizon": {"charge": -1.0017386599689592e-20, "wave_energy": -3.1196523002841818e-21, "orbital_energy": -1.515682833845642e-22, "orbital_angular_momentum": -4.006954639875837e-20}}, "wronskian_relative_spread": 7.86255440542289e-11}
ORBIT 41.1 SCALAR (5, 5) COMPLETE
ORBIT 41.1 SCALAR (3, -3) START
Source radius 1/96: r=1.4807165
Source radius 2/96: r=1.4807407
Source radius 3/96: r=1.4807868
Source radius 4/96: r=1.4808601
Source radius 5/96: r=1.4809687
Source radius 6/96: r=1.4811257
Source radius 7/96: r=1.4813508
Source radius 8/96: r=1.4816743
Source radius 9/96: r=1.4821418
Source radius 10/96: r=1.4828227
Source radius 11/96: r=1.4838222
Source radius 12/96: r=1.4853
Source radius 13/96: r=1.4874964
Source radius 14/96: r=1.4907714
Source radius 15/96: r=1.4956561
Source radius 16/96: r=1.5029229
Source radius 17/96: r=1.513669
Source radius 18/96: r=1.5294105
Source radius 19/96: r=1.552168
Source radius 20/96: r=1.5845135
Source radius 21/96: r=1.6295319
Source radius 22/96: r=1.6906351
Source radius 23/96: r=1.7711679
Source radius 24/96: r=1.8737668
Source radius 25/96: r=1.9994932
Source radius 26/96: r=2.1468581
Source radius 27/96: r=2.3109623
Source radius 28/96: r=2.4830617
Source radius 29/96: r=2.6508643
Source radius 30/96: r=2.7997434
Source radius 31/96: r=2.9147986
Source radius 32/96: r=2.9834172
Source radius 33/96: r=3.0595652
Source radius 34/96: r=3.3050003
Source radius 35/96: r=3.7117014
Source radius 36/96: r=4.224848
Source radius 37/96: r=4.775152
Source radius 38/96: r=5.2882986
Source radius 39/96: r=5.6949997
Source radius 40/96: r=5.9404348
Source radius 41/96: r=6.1191304
Source radius 42/96: r=6.6100006
Source radius 43/96: r=7.4234028
Source radius 44/96: r=8.4496961
Source radius 45/96: r=9.5503039
Source radius 46/96: r=10.576597
Source radius 47/96: r=11.389999
Source radius 48/96: r=11.88087
Source radius 49/96: r=12.158841
Source radius 50/96: r=12.813334
Source radius 51/96: r=13.89787
Source radius 52/96: r=15.266261
Source radius 53/96: r=16.733739
Source radius 54/96: r=18.10213
Source radius 55/96: r=19.186666
Source radius 56/96: r=19.841159
Source radius 57/96: r=20.397101
Source radius 58/96: r=22.033335
Source radius 59/96: r=24.744676
Source radius 60/96: r=28.165654
Source radius 61/96: r=31.834346
Source radius 62/96: r=35.255324
Source radius 63/96: r=37.966665
Source radius 64/96: r=39.602899
Source radius 65/96: r=40.021841
Source radius 66/96: r=40.111833
Source radius 67/96: r=40.260957
Source radius 68/96: r=40.449111
Source radius 69/96: r=40.650889
Source radius 70/96: r=40.839043
Source radius 71/96: r=40.988167
Source radius 72/96: r=41.078159
Source radius 73/96: r=41.872362
Source radius 74/96: r=45.054837
Source radius 75/96: r=50.328395
Source radius 76/96: r=56.982196
Source radius 77/96: r=64.117804
Source radius 78/96: r=70.771605
Source radius 79/96: r=76.045163
Source radius 80/96: r=79.227638
Source radius 81/96: r=81.588406
Source radius 82/96: r=88.133341
Source radius 83/96: r=98.978704
Source radius 84/96: r=112.66261
Source radius 85/96: r=127.33739
Source radius 86/96: r=141.0213
Source radius 87/96: r=151.86666
Source radius 88/96: r=158.41159
Source radius 89/96: r=163.17681
Source radius 90/96: r=176.26668
Source radius 91/96: r=197.95741
Source radius 92/96: r=225.32523
Source radius 93/96: r=254.67477
Source radius 94/96: r=282.04259
Source radius 95/96: r=303.73332
Source radius 96/96: r=316.82319
{"status": "truncated_single_mode_not_converged", "z_inf": [0.0, 0.0], "z_h": [7.428037295939363e-08, -1.5284814373682436e-08], "flux": {"infinity": {"charge": 0.0, "wave_energy": 0.0, "orbital_energy": -0.0, "orbital_angular_momentum": -0.0}, "horizon": {"charge": 3.984223161774865e-14, "wave_energy": 1.120215049035017e-14, "orbital_energy": -6.028337423554658e-16, "orbital_angular_momentum": -1.593689264709946e-13}}, "wronskian_relative_spread": 1.0095767912433023e-10}
ORBIT 41.1 SCALAR (3, -3) COMPLETE
ORBIT 41.1 SCALAR (5, -3) START
Source radius 1/96: r=1.4807165
Source radius 2/96: r=1.4807407
Source radius 3/96: r=1.4807868
Source radius 4/96: r=1.4808601
Source radius 5/96: r=1.4809687
Source radius 6/96: r=1.4811257
Source radius 7/96: r=1.4813508
Source radius 8/96: r=1.4816743
Source radius 9/96: r=1.4821418
Source radius 10/96: r=1.4828227
Source radius 11/96: r=1.4838222
Source radius 12/96: r=1.4853
Source radius 13/96: r=1.4874964
Source radius 14/96: r=1.4907714
Source radius 15/96: r=1.4956561
Source radius 16/96: r=1.5029229
Source radius 17/96: r=1.513669
Source radius 18/96: r=1.5294105
Source radius 19/96: r=1.552168
Source radius 20/96: r=1.5845135
Source radius 21/96: r=1.6295319
Source radius 22/96: r=1.6906351
Source radius 23/96: r=1.7711679
Source radius 24/96: r=1.8737668
Source radius 25/96: r=1.9994932
Source radius 26/96: r=2.1468581
Source radius 27/96: r=2.3109623
Source radius 28/96: r=2.4830617
Source radius 29/96: r=2.6508643
Source radius 30/96: r=2.7997434
Source radius 31/96: r=2.9147986
Source radius 32/96: r=2.9834172
Source radius 33/96: r=3.0595652
Source radius 34/96: r=3.3050003
Source radius 35/96: r=3.7117014
Source radius 36/96: r=4.224848
Source radius 37/96: r=4.775152
Source radius 38/96: r=5.2882986
Source radius 39/96: r=5.6949997
Source radius 40/96: r=5.9404348
Source radius 41/96: r=6.1191304
Source radius 42/96: r=6.6100006
Source radius 43/96: r=7.4234028
Source radius 44/96: r=8.4496961
Source radius 45/96: r=9.5503039
Source radius 46/96: r=10.576597
Source radius 47/96: r=11.389999
Source radius 48/96: r=11.88087
Source radius 49/96: r=12.158841
Source radius 50/96: r=12.813334
Source radius 51/96: r=13.89787
Source radius 52/96: r=15.266261
Source radius 53/96: r=16.733739
Source radius 54/96: r=18.10213
Source radius 55/96: r=19.186666
Source radius 56/96: r=19.841159
Source radius 57/96: r=20.397101
Source radius 58/96: r=22.033335
Source radius 59/96: r=24.744676
Source radius 60/96: r=28.165654
Source radius 61/96: r=31.834346
Source radius 62/96: r=35.255324
Source radius 63/96: r=37.966665
Source radius 64/96: r=39.602899
Source radius 65/96: r=40.021841
Source radius 66/96: r=40.111833
Source radius 67/96: r=40.260957
Source radius 68/96: r=40.449111
Source radius 69/96: r=40.650889
Source radius 70/96: r=40.839043
Source radius 71/96: r=40.988167
Source radius 72/96: r=41.078159
Source radius 73/96: r=41.872362
Source radius 74/96: r=45.054837
Source radius 75/96: r=50.328395
Source radius 76/96: r=56.982196
Source radius 77/96: r=64.117804
Source radius 78/96: r=70.771605
Source radius 79/96: r=76.045163
Source radius 80/96: r=79.227638
Source radius 81/96: r=81.588406
Source radius 82/96: r=88.133341
Source radius 83/96: r=98.978704
Source radius 84/96: r=112.66261
Source radius 85/96: r=127.33739
Source radius 86/96: r=141.0213
Source radius 87/96: r=151.86666
Source radius 88/96: r=158.41159
Source radius 89/96: r=163.17681
Source radius 90/96: r=176.26668
Source radius 91/96: r=197.95741
Source radius 92/96: r=225.32523
Source radius 93/96: r=254.67477
Source radius 94/96: r=282.04259
Source radius 95/96: r=303.73332
Source radius 96/96: r=316.82319
{"status": "truncated_single_mode_not_converged", "z_inf": [0.0, 0.0], "z_h": [-1.5631078884225437e-12, 3.594437900350658e-12], "flux": {"infinity": {"charge": 0.0, "wave_energy": 0.0, "orbital_energy": -0.0, "orbital_angular_momentum": -0.0}, "horizon": {"charge": 1.0643132399839833e-22, "wave_energy": 2.9924521290774184e-23, "orbital_energy": -1.6103614367127926e-24, "orbital_angular_momentum": -4.257252959935933e-22}}, "wronskian_relative_spread": 1.2111133207427427e-09}
ORBIT 41.1 SCALAR (5, -3) COMPLETE
ORBIT 41.1 MG 5 PRECOMPUTE START (96 radii)
ORBIT 41.1 SCALAR (4, -4) START
Source radius 1/96: r=1.4807165
Source radius 2/96: r=1.4807407
Source radius 3/96: r=1.4807868
Source radius 4/96: r=1.4808601
Source radius 5/96: r=1.4809687
Source radius 6/96: r=1.4811257
Source radius 7/96: r=1.4813508
Source radius 8/96: r=1.4816743
Source radius 9/96: r=1.4821418
Source radius 10/96: r=1.4828227
Source radius 11/96: r=1.4838222
Source radius 12/96: r=1.4853
Source radius 13/96: r=1.4874964
Source radius 14/96: r=1.4907714
Source radius 15/96: r=1.4956561
Source radius 16/96: r=1.5029229
Source radius 17/96: r=1.513669
Source radius 18/96: r=1.5294105
Source radius 19/96: r=1.552168
Source radius 20/96: r=1.5845135
Source radius 21/96: r=1.6295319
Source radius 22/96: r=1.6906351
Source radius 23/96: r=1.7711679
Source radius 24/96: r=1.8737668
Source radius 25/96: r=1.9994932
Source radius 26/96: r=2.1468581
Source radius 27/96: r=2.3109623
Source radius 28/96: r=2.4830617
Source radius 29/96: r=2.6508643
Source radius 30/96: r=2.7997434
Source radius 31/96: r=2.9147986
Source radius 32/96: r=2.9834172
Source radius 33/96: r=3.0595652
Source radius 34/96: r=3.3050003
Source radius 35/96: r=3.7117014
Source radius 36/96: r=4.224848
Source radius 37/96: r=4.775152
Source radius 38/96: r=5.2882986
Source radius 39/96: r=5.6949997
Source radius 40/96: r=5.9404348
Source radius 41/96: r=6.1191304
Source radius 42/96: r=6.6100006
Source radius 43/96: r=7.4234028
Source radius 44/96: r=8.4496961
Source radius 45/96: r=9.5503039
Source radius 46/96: r=10.576597
Source radius 47/96: r=11.389999
Source radius 48/96: r=11.88087
Source radius 49/96: r=12.158841
Source radius 50/96: r=12.813334
Source radius 51/96: r=13.89787
Source radius 52/96: r=15.266261
Source radius 53/96: r=16.733739
Source radius 54/96: r=18.10213
Source radius 55/96: r=19.186666
Source radius 56/96: r=19.841159
Source radius 57/96: r=20.397101
Source radius 58/96: r=22.033335
Source radius 59/96: r=24.744676
Source radius 60/96: r=28.165654
Source radius 61/96: r=31.834346
Source radius 62/96: r=35.255324
Source radius 63/96: r=37.966665
Source radius 64/96: r=39.602899
Source radius 65/96: r=40.021841
Source radius 66/96: r=40.111833
Source radius 67/96: r=40.260957
Source radius 68/96: r=40.449111
Source radius 69/96: r=40.650889
Source radius 70/96: r=40.839043
Source radius 71/96: r=40.988167
Source radius 72/96: r=41.078159
Source radius 73/96: r=41.872362
Source radius 74/96: r=45.054837
Source radius 75/96: r=50.328395
Source radius 76/96: r=56.982196
Source radius 77/96: r=64.117804
Source radius 78/96: r=70.771605
Source radius 79/96: r=76.045163
Source radius 80/96: r=79.227638
Source radius 81/96: r=81.588406
Source radius 82/96: r=88.133341
Source radius 83/96: r=98.978704
Source radius 84/96: r=112.66261
Source radius 85/96: r=127.33739
Source radius 86/96: r=141.0213
Source radius 87/96: r=151.86666
Source radius 88/96: r=158.41159
Source radius 89/96: r=163.17681
Source radius 90/96: r=176.26668
Source radius 91/96: r=197.95741
Source radius 92/96: r=225.32523
Source radius 93/96: r=254.67477
Source radius 94/96: r=282.04259
Source radius 95/96: r=303.73332
Source radius 96/96: r=316.82319
{"status": "truncated_single_mode_not_converged", "z_inf": [0.0, 0.0], "z_h": [3.046510278959959e-11, -1.361320736464568e-09], "flux": {"infinity": {"charge": 0.0, "wave_energy": 0.0, "orbital_energy": -0.0, "orbital_angular_momentum": -0.0}, "horizon": {"charge": 1.605586164263588e-17, "wave_energy": 4.453576453378433e-18, "orbital_energy": -3.036669498596815e-19, "orbital_angular_momentum": -8.02793082131794e-17}}, "wronskian_relative_spread": 7.703526705427071e-11}
ORBIT 41.1 SCALAR (4, -4) COMPLETE
ORBIT 41.1 MG 6 PRECOMPUTE START (96 radii)
ORBIT 41.1 SCALAR (5, -5) START
Source radius 1/96: r=1.4807165
Source radius 2/96: r=1.4807407
Source radius 3/96: r=1.4807868
Source radius 4/96: r=1.4808601
Source radius 5/96: r=1.4809687
Source radius 6/96: r=1.4811257
Source radius 7/96: r=1.4813508
Source radius 8/96: r=1.4816743
Source radius 9/96: r=1.4821418
Source radius 10/96: r=1.4828227
Source radius 11/96: r=1.4838222
Source radius 12/96: r=1.4853
Source radius 13/96: r=1.4874964
Source radius 14/96: r=1.4907714
Source radius 15/96: r=1.4956561
Source radius 16/96: r=1.5029229
Source radius 17/96: r=1.513669
Source radius 18/96: r=1.5294105
Source radius 19/96: r=1.552168
Source radius 20/96: r=1.5845135
Source radius 21/96: r=1.6295319
Source radius 22/96: r=1.6906351
Source radius 23/96: r=1.7711679
Source radius 24/96: r=1.8737668
Source radius 25/96: r=1.9994932
Source radius 26/96: r=2.1468581
Source radius 27/96: r=2.3109623
Source radius 28/96: r=2.4830617
Source radius 29/96: r=2.6508643
Source radius 30/96: r=2.7997434
Source radius 31/96: r=2.9147986
Source radius 32/96: r=2.9834172
Source radius 33/96: r=3.0595652
Source radius 34/96: r=3.3050003
Source radius 35/96: r=3.7117014
Source radius 36/96: r=4.224848
Source radius 37/96: r=4.775152
Source radius 38/96: r=5.2882986
Source radius 39/96: r=5.6949997
Source radius 40/96: r=5.9404348
Source radius 41/96: r=6.1191304
Source radius 42/96: r=6.6100006
Source radius 43/96: r=7.4234028
Source radius 44/96: r=8.4496961
Source radius 45/96: r=9.5503039
Source radius 46/96: r=10.576597
Source radius 47/96: r=11.389999
Source radius 48/96: r=11.88087
Source radius 49/96: r=12.158841
Source radius 50/96: r=12.813334
Source radius 51/96: r=13.89787
Source radius 52/96: r=15.266261
Source radius 53/96: r=16.733739
Source radius 54/96: r=18.10213
Source radius 55/96: r=19.186666
Source radius 56/96: r=19.841159
Source radius 57/96: r=20.397101
Source radius 58/96: r=22.033335
Source radius 59/96: r=24.744676
Source radius 60/96: r=28.165654
Source radius 61/96: r=31.834346
Source radius 62/96: r=35.255324
Source radius 63/96: r=37.966665
Source radius 64/96: r=39.602899
Source radius 65/96: r=40.021841
Source radius 66/96: r=40.111833
Source radius 67/96: r=40.260957
Source radius 68/96: r=40.449111
Source radius 69/96: r=40.650889
Source radius 70/96: r=40.839043
Source radius 71/96: r=40.988167
Source radius 72/96: r=41.078159
Source radius 73/96: r=41.872362
Source radius 74/96: r=45.054837
Source radius 75/96: r=50.328395
Source radius 76/96: r=56.982196
Source radius 77/96: r=64.117804
Source radius 78/96: r=70.771605
Source radius 79/96: r=76.045163
Source radius 80/96: r=79.227638
Source radius 81/96: r=81.588406
Source radius 82/96: r=88.133341
Source radius 83/96: r=98.978704
Source radius 84/96: r=112.66261
Source radius 85/96: r=127.33739
Source radius 86/96: r=141.0213
Source radius 87/96: r=151.86666
Source radius 88/96: r=158.41159
Source radius 89/96: r=163.17681
Source radius 90/96: r=176.26668
Source radius 91/96: r=197.95741
Source radius 92/96: r=225.32523
Source radius 93/96: r=254.67477
Source radius 94/96: r=282.04259
Source radius 95/96: r=303.73332
Source radius 96/96: r=316.82319
{"status": "truncated_single_mode_not_converged", "z_inf": [0.0, 0.0], "z_h": [-2.6706457008288858e-11, -7.178454479260916e-12], "flux": {"infinity": {"charge": 0.0, "wave_energy": 0.0, "orbital_energy": -0.0, "orbital_angular_momentum": -0.0}, "horizon": {"charge": 7.947024058828736e-21, "wave_energy": 2.1742856464861265e-21, "orbital_energy": -1.8036392765102422e-22, "orbital_angular_momentum": -4.7682144352972415e-20}}, "wronskian_relative_spread": 5.266664881986645e-10}
ORBIT 41.1 SCALAR (5, -5) COMPLETE
