FRESH A088 ORBIT 42.1: metric 96 radii, workers=4
Metric radii 1/96 saved
Metric radii 2/96 saved
Metric radii 3/96 saved
Metric radii 4/96 saved
Metric radii 5/96 saved
Metric radii 6/96 saved
Metric radii 7/96 saved
Metric radii 8/96 saved
Metric radii 9/96 saved
Metric radii 10/96 saved
Metric radii 11/96 saved
Metric radii 12/96 saved
Metric radii 13/96 saved
Metric radii 14/96 saved
Metric radii 15/96 saved
Metric radii 16/96 saved
Metric radii 17/96 saved
Metric radii 18/96 saved
Metric radii 19/96 saved
Metric radii 20/96 saved
Metric radii 21/96 saved
Metric radii 22/96 saved
Metric radii 23/96 saved
Metric radii 24/96 saved
Metric radii 25/96 saved
Metric radii 26/96 saved
Metric radii 27/96 saved
Metric radii 28/96 saved
Metric radii 29/96 saved
Metric radii 30/96 saved
Metric radii 31/96 saved
Metric radii 32/96 saved
Metric radii 33/96 saved
Metric radii 34/96 saved
Metric radii 35/96 saved
Metric radii 36/96 saved
Metric radii 37/96 saved
Metric radii 38/96 saved
Metric radii 39/96 saved
Metric radii 40/96 saved
Metric radii 41/96 saved
Metric radii 42/96 saved
Metric radii 43/96 saved
Metric radii 44/96 saved
Metric radii 45/96 saved
Metric radii 46/96 saved
Metric radii 47/96 saved
Metric radii 48/96 saved
Metric radii 49/96 saved
Metric radii 50/96 saved
Metric radii 51/96 saved
Metric radii 52/96 saved
Metric radii 53/96 saved
Metric radii 54/96 saved
Metric radii 55/96 saved
Metric radii 56/96 saved
Metric radii 57/96 saved
Metric radii 58/96 saved
Metric radii 59/96 saved
Metric radii 60/96 saved
Metric radii 61/96 saved
Metric radii 62/96 saved
Metric radii 63/96 saved
Metric radii 64/96 saved
Metric radii 65/96 saved
Metric radii 66/96 saved
Metric radii 67/96 saved
Metric radii 68/96 saved
Metric radii 69/96 saved
Metric radii 70/96 saved
Metric radii 71/96 saved
Metric radii 72/96 saved
Metric radii 73/96 saved
Metric radii 74/96 saved
Metric radii 75/96 saved
Metric radii 76/96 saved
Metric radii 77/96 saved
Metric radii 78/96 saved
Metric radii 79/96 saved
Metric radii 80/96 saved
Metric radii 81/96 saved
Metric radii 82/96 saved
Metric radii 83/96 saved
Metric radii 84/96 saved
Metric radii 85/96 saved
Metric radii 86/96 saved
Metric radii 87/96 saved
Metric radii 88/96 saved
Metric radii 89/96 saved
Metric radii 90/96 saved
Metric radii 91/96 saved
Metric radii 92/96 saved
Metric radii 93/96 saved
Metric radii 94/96 saved
Metric radii 95/96 saved
Metric radii 96/96 saved
FRESH A088 ORBIT 42.1: source 1/96
FRESH A088 ORBIT 42.1: source 2/96
FRESH A088 ORBIT 42.1: source 3/96
FRESH A088 ORBIT 42.1: source 4/96
FRESH A088 ORBIT 42.1: source 5/96
FRESH A088 ORBIT 42.1: source 6/96
FRESH A088 ORBIT 42.1: source 7/96
FRESH A088 ORBIT 42.1: source 8/96
FRESH A088 ORBIT 42.1: source 9/96
FRESH A088 ORBIT 42.1: source 10/96
FRESH A088 ORBIT 42.1: source 11/96
FRESH A088 ORBIT 42.1: source 12/96
FRESH A088 ORBIT 42.1: source 13/96
FRESH A088 ORBIT 42.1: source 14/96
FRESH A088 ORBIT 42.1: source 15/96
FRESH A088 ORBIT 42.1: source 16/96
FRESH A088 ORBIT 42.1: source 17/96
FRESH A088 ORBIT 42.1: source 18/96
FRESH A088 ORBIT 42.1: source 19/96
FRESH A088 ORBIT 42.1: source 20/96
FRESH A088 ORBIT 42.1: source 21/96
FRESH A088 ORBIT 42.1: source 22/96
FRESH A088 ORBIT 42.1: source 23/96
FRESH A088 ORBIT 42.1: source 24/96
FRESH A088 ORBIT 42.1: source 25/96
FRESH A088 ORBIT 42.1: source 26/96
FRESH A088 ORBIT 42.1: source 27/96
FRESH A088 ORBIT 42.1: source 28/96
FRESH A088 ORBIT 42.1: source 29/96
FRESH A088 ORBIT 42.1: source 30/96
FRESH A088 ORBIT 42.1: source 31/96
FRESH A088 ORBIT 42.1: source 32/96
FRESH A088 ORBIT 42.1: source 33/96
FRESH A088 ORBIT 42.1: source 34/96
FRESH A088 ORBIT 42.1: source 35/96
FRESH A088 ORBIT 42.1: source 36/96
FRESH A088 ORBIT 42.1: source 37/96
FRESH A088 ORBIT 42.1: source 38/96
FRESH A088 ORBIT 42.1: source 39/96
FRESH A088 ORBIT 42.1: source 40/96
FRESH A088 ORBIT 42.1: source 41/96
FRESH A088 ORBIT 42.1: source 42/96
FRESH A088 ORBIT 42.1: source 43/96
FRESH A088 ORBIT 42.1: source 44/96
FRESH A088 ORBIT 42.1: source 45/96
FRESH A088 ORBIT 42.1: source 46/96
FRESH A088 ORBIT 42.1: source 47/96
FRESH A088 ORBIT 42.1: source 48/96
FRESH A088 ORBIT 42.1: source 49/96
FRESH A088 ORBIT 42.1: source 50/96
FRESH A088 ORBIT 42.1: source 51/96
FRESH A088 ORBIT 42.1: source 52/96
FRESH A088 ORBIT 42.1: source 53/96
FRESH A088 ORBIT 42.1: source 54/96
FRESH A088 ORBIT 42.1: source 55/96
FRESH A088 ORBIT 42.1: source 56/96
FRESH A088 ORBIT 42.1: source 57/96
FRESH A088 ORBIT 42.1: source 58/96
FRESH A088 ORBIT 42.1: source 59/96
FRESH A088 ORBIT 42.1: source 60/96
FRESH A088 ORBIT 42.1: source 61/96
FRESH A088 ORBIT 42.1: source 62/96
FRESH A088 ORBIT 42.1: source 63/96
FRESH A088 ORBIT 42.1: source 64/96
FRESH A088 ORBIT 42.1: source 65/96
FRESH A088 ORBIT 42.1: source 66/96
FRESH A088 ORBIT 42.1: source 67/96
FRESH A088 ORBIT 42.1: source 68/96
FRESH A088 ORBIT 42.1: source 69/96
FRESH A088 ORBIT 42.1: source 70/96
FRESH A088 ORBIT 42.1: source 71/96
FRESH A088 ORBIT 42.1: source 72/96
FRESH A088 ORBIT 42.1: source 73/96
FRESH A088 ORBIT 42.1: source 74/96
FRESH A088 ORBIT 42.1: source 75/96
FRESH A088 ORBIT 42.1: source 76/96
FRESH A088 ORBIT 42.1: source 77/96
FRESH A088 ORBIT 42.1: source 78/96
FRESH A088 ORBIT 42.1: source 79/96
FRESH A088 ORBIT 42.1: source 80/96
FRESH A088 ORBIT 42.1: source 81/96
FRESH A088 ORBIT 42.1: source 82/96
FRESH A088 ORBIT 42.1: source 83/96
FRESH A088 ORBIT 42.1: source 84/96
FRESH A088 ORBIT 42.1: source 85/96
FRESH A088 ORBIT 42.1: source 86/96
FRESH A088 ORBIT 42.1: source 87/96
FRESH A088 ORBIT 42.1: source 88/96
FRESH A088 ORBIT 42.1: source 89/96
FRESH A088 ORBIT 42.1: source 90/96
FRESH A088 ORBIT 42.1: source 91/96
FRESH A088 ORBIT 42.1: source 92/96
FRESH A088 ORBIT 42.1: source 93/96
FRESH A088 ORBIT 42.1: source 94/96
FRESH A088 ORBIT 42.1: source 95/96
FRESH A088 ORBIT 42.1: source 96/96
{
  "orbit": 42.1,
  "result": "/home/ljq/code/kerr-hyperboloidal/docs/root_cause_followup_20260917/fresh_a088_rp42p1_sl2_sm2_L6_q12_nr8_h32.json",
  "comparison": "/home/ljq/code/kerr-hyperboloidal/docs/root_cause_followup_20260917/fresh_a088_rp42p1_scalar22_comparison.json",
  "flux": {
    "infinity": {
      "charge": 0.0,
      "wave_energy": 0.0,
      "orbital_energy": 0.0,
      "orbital_angular_momentum": 0.0
    },
    "horizon": {
      "charge": -0.0006880949586383638,
      "wave_energy": -0.00020638898162538935,
      "orbital_energy": -2.510894103555108e-06,
      "orbital_angular_momentum": -0.0006880949586383638
    }
  }
}
FRESH A088 ORBIT 41.1: metric 96 radii, workers=4
Metric radii 1/96 saved
Metric radii 2/96 saved
Metric radii 3/96 saved
Metric radii 4/96 saved
Metric radii 5/96 saved
Metric radii 6/96 saved
Metric radii 7/96 saved
Metric radii 8/96 saved
Metric radii 9/96 saved
Metric radii 10/96 saved
Metric radii 11/96 saved
Metric radii 12/96 saved
Metric radii 13/96 saved
Metric radii 14/96 saved
Metric radii 15/96 saved
Metric radii 16/96 saved
Metric radii 17/96 saved
Metric radii 18/96 saved
Metric radii 19/96 saved
Metric radii 20/96 saved
Metric radii 21/96 saved
Metric radii 22/96 saved
Metric radii 23/96 saved
Metric radii 24/96 saved
Metric radii 25/96 saved
Metric radii 26/96 saved
Metric radii 27/96 saved
Metric radii 28/96 saved
Metric radii 29/96 saved
Metric radii 30/96 saved
Metric radii 31/96 saved
Metric radii 32/96 saved
Metric radii 33/96 saved
Metric radii 34/96 saved
Metric radii 35/96 saved
Metric radii 36/96 saved
Metric radii 37/96 saved
Metric radii 38/96 saved
Metric radii 39/96 saved
Metric radii 40/96 saved
Metric radii 41/96 saved
Metric radii 42/96 saved
Metric radii 43/96 saved
Metric radii 44/96 saved
Metric radii 45/96 saved
Metric radii 46/96 saved
Metric radii 47/96 saved
Metric radii 48/96 saved
Metric radii 49/96 saved
Metric radii 50/96 saved
Metric radii 51/96 saved
Metric radii 52/96 saved
Metric radii 53/96 saved
Metric radii 54/96 saved
Metric radii 55/96 saved
Metric radii 56/96 saved
Metric radii 57/96 saved
Metric radii 58/96 saved
Metric radii 59/96 saved
Metric radii 60/96 saved
Metric radii 61/96 saved
Metric radii 62/96 saved
Metric radii 63/96 saved
Metric radii 64/96 saved
Metric radii 65/96 saved
Metric radii 66/96 saved
Metric radii 67/96 saved
Metric radii 68/96 saved
Metric radii 69/96 saved
Metric radii 70/96 saved
Metric radii 71/96 saved
Metric radii 72/96 saved
Metric radii 73/96 saved
Metric radii 74/96 saved
Metric radii 75/96 saved
Metric radii 76/96 saved
Metric radii 77/96 saved
Metric radii 78/96 saved
Metric radii 79/96 saved
Metric radii 80/96 saved
Metric radii 81/96 saved
Metric radii 82/96 saved
Metric radii 83/96 saved
Metric radii 84/96 saved
Metric radii 85/96 saved
Metric radii 86/96 saved
Metric radii 87/96 saved
Metric radii 88/96 saved
Metric radii 89/96 saved
Metric radii 90/96 saved
Metric radii 91/96 saved
Metric radii 92/96 saved
Metric radii 93/96 saved
Metric radii 94/96 saved
Metric radii 95/96 saved
Metric radii 96/96 saved
FRESH A088 ORBIT 41.1: source 1/96
FRESH A088 ORBIT 41.1: source 2/96
FRESH A088 ORBIT 41.1: source 3/96
FRESH A088 ORBIT 41.1: source 4/96
FRESH A088 ORBIT 41.1: source 5/96
FRESH A088 ORBIT 41.1: source 6/96
FRESH A088 ORBIT 41.1: source 7/96
FRESH A088 ORBIT 41.1: source 8/96
FRESH A088 ORBIT 41.1: source 9/96
FRESH A088 ORBIT 41.1: source 10/96
FRESH A088 ORBIT 41.1: source 11/96
FRESH A088 ORBIT 41.1: source 12/96
FRESH A088 ORBIT 41.1: source 13/96
FRESH A088 ORBIT 41.1: source 14/96
FRESH A088 ORBIT 41.1: source 15/96
FRESH A088 ORBIT 41.1: source 16/96
FRESH A088 ORBIT 41.1: source 17/96
FRESH A088 ORBIT 41.1: source 18/96
FRESH A088 ORBIT 41.1: source 19/96
FRESH A088 ORBIT 41.1: source 20/96
FRESH A088 ORBIT 41.1: source 21/96
FRESH A088 ORBIT 41.1: source 22/96
FRESH A088 ORBIT 41.1: source 23/96
FRESH A088 ORBIT 41.1: source 24/96
FRESH A088 ORBIT 41.1: source 25/96
FRESH A088 ORBIT 41.1: source 26/96
FRESH A088 ORBIT 41.1: source 27/96
FRESH A088 ORBIT 41.1: source 28/96
FRESH A088 ORBIT 41.1: source 29/96
FRESH A088 ORBIT 41.1: source 30/96
FRESH A088 ORBIT 41.1: source 31/96
FRESH A088 ORBIT 41.1: source 32/96
FRESH A088 ORBIT 41.1: source 33/96
FRESH A088 ORBIT 41.1: source 34/96
FRESH A088 ORBIT 41.1: source 35/96
FRESH A088 ORBIT 41.1: source 36/96
FRESH A088 ORBIT 41.1: source 37/96
FRESH A088 ORBIT 41.1: source 38/96
FRESH A088 ORBIT 41.1: source 39/96
FRESH A088 ORBIT 41.1: source 40/96
FRESH A088 ORBIT 41.1: source 41/96
FRESH A088 ORBIT 41.1: source 42/96
FRESH A088 ORBIT 41.1: source 43/96
FRESH A088 ORBIT 41.1: source 44/96
FRESH A088 ORBIT 41.1: source 45/96
FRESH A088 ORBIT 41.1: source 46/96
FRESH A088 ORBIT 41.1: source 47/96
FRESH A088 ORBIT 41.1: source 48/96
FRESH A088 ORBIT 41.1: source 49/96
FRESH A088 ORBIT 41.1: source 50/96
FRESH A088 ORBIT 41.1: source 51/96
FRESH A088 ORBIT 41.1: source 52/96
FRESH A088 ORBIT 41.1: source 53/96
FRESH A088 ORBIT 41.1: source 54/96
FRESH A088 ORBIT 41.1: source 55/96
FRESH A088 ORBIT 41.1: source 56/96
FRESH A088 ORBIT 41.1: source 57/96
FRESH A088 ORBIT 41.1: source 58/96
FRESH A088 ORBIT 41.1: source 59/96
FRESH A088 ORBIT 41.1: source 60/96
FRESH A088 ORBIT 41.1: source 61/96
FRESH A088 ORBIT 41.1: source 62/96
FRESH A088 ORBIT 41.1: source 63/96
FRESH A088 ORBIT 41.1: source 64/96
FRESH A088 ORBIT 41.1: source 65/96
FRESH A088 ORBIT 41.1: source 66/96
FRESH A088 ORBIT 41.1: source 67/96
FRESH A088 ORBIT 41.1: source 68/96
FRESH A088 ORBIT 41.1: source 69/96
FRESH A088 ORBIT 41.1: source 70/96
FRESH A088 ORBIT 41.1: source 71/96
FRESH A088 ORBIT 41.1: source 72/96
FRESH A088 ORBIT 41.1: source 73/96
FRESH A088 ORBIT 41.1: source 74/96
FRESH A088 ORBIT 41.1: source 75/96
FRESH A088 ORBIT 41.1: source 76/96
FRESH A088 ORBIT 41.1: source 77/96
FRESH A088 ORBIT 41.1: source 78/96
FRESH A088 ORBIT 41.1: source 79/96
FRESH A088 ORBIT 41.1: source 80/96
FRESH A088 ORBIT 41.1: source 81/96
FRESH A088 ORBIT 41.1: source 82/96
FRESH A088 ORBIT 41.1: source 83/96
FRESH A088 ORBIT 41.1: source 84/96
FRESH A088 ORBIT 41.1: source 85/96
FRESH A088 ORBIT 41.1: source 86/96
FRESH A088 ORBIT 41.1: source 87/96
FRESH A088 ORBIT 41.1: source 88/96
FRESH A088 ORBIT 41.1: source 89/96
FRESH A088 ORBIT 41.1: source 90/96
FRESH A088 ORBIT 41.1: source 91/96
FRESH A088 ORBIT 41.1: source 92/96
FRESH A088 ORBIT 41.1: source 93/96
FRESH A088 ORBIT 41.1: source 94/96
FRESH A088 ORBIT 41.1: source 95/96
FRESH A088 ORBIT 41.1: source 96/96
{
  "orbit": 41.1,
  "result": "/home/ljq/code/kerr-hyperboloidal/docs/root_cause_followup_20260917/fresh_a088_rp41p1_sl2_sm2_L6_q12_nr8_h32.json",
  "comparison": "/home/ljq/code/kerr-hyperboloidal/docs/root_cause_followup_20260917/fresh_a088_rp41p1_scalar22_comparison.json",
  "flux": {
    "infinity": {
      "charge": 0.0036609302725839955,
      "wave_energy": 0.0010985577677760639,
      "orbital_energy": 1.3847796928155565e-05,
      "orbital_angular_momentum": 0.0036609302725839955
    },
    "horizon": {
      "charge": -0.0006536748887429908,
      "wave_energy": -0.00019615222721024688,
      "orbital_energy": -2.4725838632153114e-06,
      "orbital_angular_momentum": -0.0006536748887429908
    }
  }
}
