FRESH_METRIC_START rp41p1_sl2_sm2_L6_q12_nr16_h64 192
Metric radii 1/192 saved
Metric radii 2/192 saved
Metric radii 3/192 saved
Metric radii 4/192 saved
Metric radii 5/192 saved
Metric radii 6/192 saved
Metric radii 7/192 saved
Metric radii 8/192 saved
Metric radii 9/192 saved
Metric radii 10/192 saved
Metric radii 11/192 saved
Metric radii 12/192 saved
Metric radii 13/192 saved
Metric radii 14/192 saved
Metric radii 15/192 saved
Metric radii 16/192 saved
Metric radii 17/192 saved
Metric radii 18/192 saved
Metric radii 19/192 saved
Metric radii 20/192 saved
Metric radii 21/192 saved
Metric radii 22/192 saved
Metric radii 23/192 saved
Metric radii 24/192 saved
Metric radii 25/192 saved
Metric radii 26/192 saved
Metric radii 27/192 saved
Metric radii 28/192 saved
Metric radii 29/192 saved
Metric radii 30/192 saved
Metric radii 31/192 saved
Metric radii 32/192 saved
Metric radii 33/192 saved
Metric radii 34/192 saved
Metric radii 35/192 saved
Metric radii 36/192 saved
Metric radii 37/192 saved
Metric radii 38/192 saved
Metric radii 39/192 saved
Metric radii 40/192 saved
Metric radii 41/192 saved
Metric radii 42/192 saved
Metric radii 43/192 saved
Metric radii 44/192 saved
Metric radii 45/192 saved
Metric radii 46/192 saved
Metric radii 47/192 saved
Metric radii 48/192 saved
Metric radii 49/192 saved
Metric radii 50/192 saved
Metric radii 51/192 saved
Metric radii 52/192 saved
Metric radii 53/192 saved
Metric radii 54/192 saved
Metric radii 55/192 saved
Metric radii 56/192 saved
Metric radii 57/192 saved
Metric radii 58/192 saved
Metric radii 59/192 saved
Metric radii 60/192 saved
Metric radii 61/192 saved
Metric radii 62/192 saved
Metric radii 63/192 saved
Metric radii 64/192 saved
Metric radii 65/192 saved
Metric radii 66/192 saved
Metric radii 67/192 saved
Metric radii 68/192 saved
Metric radii 69/192 saved
Metric radii 70/192 saved
Metric radii 71/192 saved
Metric radii 72/192 saved
Metric radii 73/192 saved
Metric radii 74/192 saved
Metric radii 75/192 saved
Metric radii 76/192 saved
Metric radii 77/192 saved
Metric radii 78/192 saved
Metric radii 79/192 saved
Metric radii 80/192 saved
Metric radii 81/192 saved
Metric radii 82/192 saved
Metric radii 83/192 saved
Metric radii 84/192 saved
Metric radii 85/192 saved
Metric radii 86/192 saved
Metric radii 87/192 saved
Metric radii 88/192 saved
Metric radii 89/192 saved
Metric radii 90/192 saved
Metric radii 91/192 saved
Metric radii 92/192 saved
Metric radii 93/192 saved
Metric radii 94/192 saved
Metric radii 95/192 saved
Metric radii 96/192 saved
Metric radii 97/192 saved
Metric radii 98/192 saved
Metric radii 99/192 saved
Metric radii 100/192 saved
Metric radii 101/192 saved
Metric radii 102/192 saved
Metric radii 103/192 saved
Metric radii 104/192 saved
Metric radii 105/192 saved
Metric radii 106/192 saved
Metric radii 107/192 saved
Metric radii 108/192 saved
Metric radii 109/192 saved
Metric radii 110/192 saved
Metric radii 111/192 saved
Metric radii 112/192 saved
Metric radii 113/192 saved
Metric radii 114/192 saved
Metric radii 115/192 saved
Metric radii 116/192 saved
Metric radii 117/192 saved
Metric radii 118/192 saved
Metric radii 119/192 saved
Metric radii 120/192 saved
Metric radii 121/192 saved
Metric radii 122/192 saved
Metric radii 123/192 saved
Metric radii 124/192 saved
Metric radii 125/192 saved
Metric radii 126/192 saved
Metric radii 127/192 saved
Metric radii 128/192 saved
Metric radii 129/192 saved
Metric radii 130/192 saved
Metric radii 131/192 saved
Metric radii 132/192 saved
Metric radii 133/192 saved
Metric radii 134/192 saved
Metric radii 135/192 saved
Metric radii 136/192 saved
Metric radii 137/192 saved
Metric radii 138/192 saved
Metric radii 139/192 saved
Metric radii 140/192 saved
Metric radii 141/192 saved
Metric radii 142/192 saved
Metric radii 143/192 saved
Metric radii 144/192 saved
Metric radii 145/192 saved
Metric radii 146/192 saved
Metric radii 147/192 saved
Metric radii 148/192 saved
Metric radii 149/192 saved
Metric radii 150/192 saved
Metric radii 151/192 saved
Metric radii 152/192 saved
Metric radii 153/192 saved
Metric radii 154/192 saved
Metric radii 155/192 saved
Metric radii 156/192 saved
Metric radii 157/192 saved
Metric radii 158/192 saved
Metric radii 159/192 saved
Metric radii 160/192 saved
Metric radii 161/192 saved
Metric radii 162/192 saved
Metric radii 163/192 saved
Metric radii 164/192 saved
Metric radii 165/192 saved
Metric radii 166/192 saved
Metric radii 167/192 saved
Metric radii 168/192 saved
Metric radii 169/192 saved
Metric radii 170/192 saved
Metric radii 171/192 saved
Metric radii 172/192 saved
Metric radii 173/192 saved
Metric radii 174/192 saved
Metric radii 175/192 saved
Metric radii 176/192 saved
Metric radii 177/192 saved
Metric radii 178/192 saved
Metric radii 179/192 saved
Metric radii 180/192 saved
Metric radii 181/192 saved
Metric radii 182/192 saved
Metric radii 183/192 saved
Metric radii 184/192 saved
Metric radii 185/192 saved
Metric radii 186/192 saved
Metric radii 187/192 saved
Metric radii 188/192 saved
Metric radii 189/192 saved
Metric radii 190/192 saved
Metric radii 191/192 saved
Metric radii 192/192 saved
FRESH_SOURCE_START rp41p1_sl2_sm2_L6_q12_nr16_h64
Source radius 1/192: r=1.4807124
Source radius 2/192: r=1.4807184
Source radius 3/192: r=1.4807293
Source radius 4/192: r=1.4807455
Source radius 5/192: r=1.4807674
Source radius 6/192: r=1.4807956
Source radius 7/192: r=1.4808308
Source radius 8/192: r=1.4808741
Source radius 9/192: r=1.4809268
Source radius 10/192: r=1.4809903
Source radius 11/192: r=1.4810667
Source radius 12/192: r=1.4811583
Source radius 13/192: r=1.4812681
Source radius 14/192: r=1.4813999
Source radius 15/192: r=1.4815581
Source radius 16/192: r=1.4817483
Source radius 17/192: r=1.4819774
Source radius 18/192: r=1.4822539
Source radius 19/192: r=1.4825884
Source radius 20/192: r=1.4829937
Source radius 21/192: r=1.4834859
Source radius 22/192: r=1.4840847
Source radius 23/192: r=1.4848143
Source radius 24/192: r=1.4857046
Source radius 25/192: r=1.4867923
Source radius 26/192: r=1.4881221
Source radius 27/192: r=1.4897488
Source radius 28/192: r=1.491739
Source radius 29/192: r=1.4941733
Source radius 30/192: r=1.4971489
Source radius 31/192: r=1.5007825
Source radius 32/192: r=1.5052129
Source radius 33/192: r=1.5106044
Source radius 34/192: r=1.5171501
Source radius 35/192: r=1.5250744
Source radius 36/192: r=1.5346357
Source radius 37/192: r=1.5461283
Source radius 38/192: r=1.5598828
Source radius 39/192: r=1.5762652
Source radius 40/192: r=1.5956738
Source radius 41/192: r=1.6185334
Source radius 42/192: r=1.645286
Source radius 43/192: r=1.6763782
Source radius 44/192: r=1.7122442
Source radius 45/192: r=1.7532844
Source radius 46/192: r=1.7998403
Source radius 47/192: r=1.8521651
Source radius 48/192: r=1.9103925
Source radius 49/192: r=1.9745031
Source radius 50/192: r=2.044293
Source radius 51/192: r=2.1193441
Source radius 52/192: r=2.1990014
Source radius 53/192: r=2.2823582
Source radius 54/192: r=2.3682535
Source radius 55/192: r=2.4552825
Source radius 56/192: r=2.5418233
Source radius 57/192: r=2.626079
Source radius 58/192: r=2.7061354
Source radius 59/192: r=2.7800326
Source radius 60/192: r=2.8458454
Source radius 61/192: r=2.9017702
Source radius 62/192: r=2.9462108
Source radius 63/192: r=2.9778597
Source radius 64/192: r=2.9957709
Source radius 65/192: r=3.0158986
Source radius 66/192: r=3.0831375
Source radius 67/192: r=3.2015532
Source radius 68/192: r=3.3668934
Source radius 69/192: r=3.5731856
Source radius 70/192: r=3.8129748
Source radius 71/192: r=4.0775947
Source radius 72/192: r=4.3574812
Source radius 73/192: r=4.6425188
Source radius 74/192: r=4.9224053
Source radius 75/192: r=5.1870252
Source radius 76/192: r=5.4268144
Source radius 77/192: r=5.6331066
Source radius 78/192: r=5.7984468
Source radius 79/192: r=5.9168625
Source radius 80/192: r=5.9841014
Source radius 81/192: r=6.0317972
Source radius 82/192: r=6.1662749
Source radius 83/192: r=6.4031064
Source radius 84/192: r=6.7337868
Source radius 85/192: r=7.1463713
Source radius 86/192: r=7.6259497
Source radius 87/192: r=8.1551893
Source radius 88/192: r=8.7149625
Source radius 89/192: r=9.2850375
Source radius 90/192: r=9.8448107
Source radius 91/192: r=10.37405
Source radius 92/192: r=10.853629
Source radius 93/192: r=11.266213
Source radius 94/192: r=11.596894
Source radius 95/192: r=11.833725
Source radius 96/192: r=11.968203
Source radius 97/192: r=12.042396
Source radius 98/192: r=12.2217
Source radius 99/192: r=12.537475
Source radius 100/192: r=12.978382
Source radius 101/192: r=13.528495
Source radius 102/192: r=14.167933
Source radius 103/192: r=14.873586
Source radius 104/192: r=15.61995
Source radius 105/192: r=16.38005
Source radius 106/192: r=17.126414
Source radius 107/192: r=17.832067
Source radius 108/192: r=18.471505
Source radius 109/192: r=19.021618
Source radius 110/192: r=19.462525
Source radius 111/192: r=19.7783
Source radius 112/192: r=19.957604
Source radius 113/192: r=20.105991
Source radius 114/192: r=20.55425
Source radius 115/192: r=21.343688
Source radius 116/192: r=22.445956
Source radius 117/192: r=23.821238
Source radius 118/192: r=25.419832
Source radius 119/192: r=27.183964
Source radius 120/192: r=29.049875
Source radius 121/192: r=30.950125
Source radius 122/192: r=32.816036
Source radius 123/192: r=34.580168
Source radius 124/192: r=36.178762
Source radius 125/192: r=37.554044
Source radius 126/192: r=38.656312
Source radius 127/192: r=39.44575
Source radius 128/192: r=39.894009
Source radius 129/192: r=40.005829
Source radius 130/192: r=40.030484
Source radius 131/192: r=40.073903
Source radius 132/192: r=40.134528
Source radius 133/192: r=40.210168
Source radius 134/192: r=40.298091
Source radius 135/192: r=40.395118
Source radius 136/192: r=40.497743
Source radius 137/192: r=40.602257
Source radius 138/192: r=40.704882
Source radius 139/192: r=40.801909
Source radius 140/192: r=40.889832
Source radius 141/192: r=40.965472
Source radius 142/192: r=41.026097
Source radius 143/192: r=41.069516
Source radius 144/192: r=41.094171
Source radius 145/192: r=41.306152
Source radius 146/192: r=42.178016
Source radius 147/192: r=43.713473
Source radius 148/192: r=45.857384
Source radius 149/192: r=48.532307
Source radius 150/192: r=51.641574
Source radius 151/192: r=55.072811
Source radius 152/192: r=58.702007
Source radius 153/192: r=62.397993
Source radius 154/192: r=66.027189
Source radius 155/192: r=69.458426
Source radius 156/192: r=72.567693
Source radius 157/192: r=75.242616
Source radius 158/192: r=77.386527
Source radius 159/192: r=78.921984
Source radius 160/192: r=79.793848
Source radius 161/192: r=80.423963
Source radius 162/192: r=82.216999
Source radius 163/192: r=85.374752
Source radius 164/192: r=89.783824
Source radius 165/192: r=95.28495
Source radius 166/192: r=101.67933
Source radius 167/192: r=108.73586
Source radius 168/192: r=116.1995
Source radius 169/192: r=123.8005
Source radius 170/192: r=131.26414
Source radius 171/192: r=138.32067
Source radius 172/192: r=144.71505
Source radius 173/192: r=150.21618
Source radius 174/192: r=154.62525
Source radius 175/192: r=157.783
Source radius 176/192: r=159.57604
Source radius 177/192: r=160.84793
Source radius 178/192: r=164.434
Source radius 179/192: r=170.7495
Source radius 180/192: r=179.56765
Source radius 181/192: r=190.5699
Source radius 182/192: r=203.35866
Source radius 183/192: r=217.47172
Source radius 184/192: r=232.399
Source radius 185/192: r=247.601
Source radius 186/192: r=262.52828
Source radius 187/192: r=276.64134
Source radius 188/192: r=289.4301
Source radius 189/192: r=300.43235
Source radius 190/192: r=309.2505
Source radius 191/192: r=315.566
Source radius 192/192: r=319.15207
{"status": "truncated_single_mode_not_converged", "z_inf": [-0.47318017780789795, 0.2181590250937637], "z_h": [0.018690123021742035, 0.00512018575940106], "flux": {"infinity": {"charge": 0.0036639695091159005, "wave_energy": 0.0010994688705508527, "orbital_energy": 1.385944236412139e-05, "orbital_angular_momentum": 0.0036639695091159005}, "horizon": {"charge": -0.0006503961711369408, "wave_energy": -0.00019516820265872778, "orbital_energy": -2.4602083137675268e-06, "orbital_angular_momentum": -0.0006503961711369408}}, "wronskian_relative_spread": 9.946187364949639e-11}
COMPARE_COMPLETE /home/ljq/code/kerr-hyperboloidal/docs/root_cause_followup_20260917/rp41p1_sl2_sm2_L6_q12_nr16_h64_comparison.json FIELD_L2 7.199364864847644e-09
